> Task :app:preBuild UP-TO-DATE
> Task :app:preDebugBuild UP-TO-DATE
> Task :app:mergeDebugNativeDebugMetadata NO-SOURCE
> Task :app:checkKotlinGradlePluginConfigurationErrors
> Task :app:dataBindingMergeDependencyArtifactsDebug UP-TO-DATE
> Task :app:generateDebugResValues UP-TO-DATE
> Task :app:generateDebugResources UP-TO-DATE
> Task :app:mergeDebugResources UP-TO-DATE
> Task :app:packageDebugResources UP-TO-DATE
> Task :app:parseDebugLocalResources UP-TO-DATE
> Task :app:dataBindingGenBaseClassesDebug UP-TO-DATE
> Task :app:checkDebugAarMetadata UP-TO-DATE
> Task :app:mapDebugSourceSetPaths UP-TO-DATE
> Task :app:createDebugCompatibleScreenManifests UP-TO-DATE
> Task :app:extractDeepLinksDebug UP-TO-DATE
> Task :app:processDebugMainManifest UP-TO-DATE
> Task :app:processDebugManifest UP-TO-DATE
> Task :app:processDebugManifestForPackage UP-TO-DATE
> Task :app:processDebugResources UP-TO-DATE
> Task :app:kspDebugKotlin UP-TO-DATE
> Task :app:extractDebugPythonBuildPackages UP-TO-DATE
> Task :app:generateDebugPythonRequirements UP-TO-DATE
> Task :app:mergeDebugPythonSources UP-TO-DATE
> Task :app:generateDebugPythonProxies UP-TO-DATE
> Task :app:javaPreCompileDebug UP-TO-DATE
> Task :app:mergeDebugShaders UP-TO-DATE
> Task :app:compileDebugShaders NO-SOURCE
> Task :app:generateDebugAssets UP-TO-DATE
> Task :app:generateDebugPythonMiscAssets UP-TO-DATE
> Task :app:generateDebugPythonRequirementsAssets UP-TO-DATE
> Task :app:generateDebugPythonSourceAssets UP-TO-DATE
> Task :app:generateDebugPythonBuildAssets UP-TO-DATE
> Task :app:mergeDebugAssets UP-TO-DATE
> Task :app:compressDebugAssets UP-TO-DATE
> Task :app:desugarDebugFileDependencies UP-TO-DATE
> Task :app:checkDebugDuplicateClasses UP-TO-DATE
> Task :app:mergeExtDexDebug UP-TO-DATE
> Task :app:mergeLibDexDebug UP-TO-DATE
> Task :app:generateDebugPythonJniLibs UP-TO-DATE
> Task :app:mergeDebugJniLibFolders UP-TO-DATE
> Task :app:mergeDebugNativeLibs UP-TO-DATE
> Task :app:stripDebugDebugSymbols UP-TO-DATE
> Task :app:validateSigningDebug UP-TO-DATE
> Task :app:writeDebugAppMetadata UP-TO-DATE
> Task :app:writeDebugSigningConfigVersions UP-TO-DATE

> Task :app:compileDebugKotlin FAILED
./gradlew : e: file:///C:/Android%20Projects/
InstagramTracker/app/src/main/java/com/exampl
e/instatracker/IntentionProbeActivity.kt:28:2
2 Unresolved reference: SurveyUIUtils
At line:1 char:1
+ ./gradlew assembleDebug --console=plain > 
build_output.log 2>&1
+ ~~~~~~~~~~~~~~~~~~~~~~~~~~~~~~~~~~~~~~~~~~~
~~~~~~~~~~~~~~~~~~~~
    + CategoryInfo          : NotSpecified:  
   (e: file:///C:/A...: SurveyUIUtils:Strin  
  g) [], RemoteException
    + FullyQualifiedErrorId : NativeCommandE 
   rror
 
e: file:///C:/Android%20Projects/InstagramTra
cker/app/src/main/java/com/example/instatrack
er/IntentionProbeActivity.kt:29:21 
Unresolved reference: SurveyUIUtils
e: file:///C:/Android%20Projects/InstagramTra
cker/app/src/main/java/com/example/instatrack
er/IntentionProbeActivity.kt:30:24 
Unresolved reference: SurveyUIUtils
e: file:///C:/Android%20Projects/InstagramTra
cker/app/src/main/java/com/example/instatrack
er/IntentionProbeActivity.kt:31:29 
Unresolved reference: SurveyUIUtils
e: file:///C:/Android%20Projects/InstagramTra
cker/app/src/main/java/com/example/instatrack
er/IntentionProbeActivity.kt:34:23 
Unresolved reference: SurveyUIUtils
e: file:///C:/Android%20Projects/InstagramTra
cker/app/src/main/java/com/example/instatrack
er/IntentionProbeActivity.kt:49:9 Overload 
resolution ambiguity: 
public open fun setContentView(p0: View!): 
Unit defined in com.example.instatracker.Inte
ntionProbeActivity
public open fun setContentView(p0: Int): 
Unit defined in com.example.instatracker.Inte
ntionProbeActivity
e: file:///C:/Android%20Projects/InstagramTra
cker/app/src/main/java/com/example/instatrack
er/IntentionProbeActivity.kt:53:22 
Unresolved reference: SurveyUIUtils
e: file:///C:/Android%20Projects/InstagramTra
cker/app/src/main/java/com/example/instatrack
er/IntentionProbeActivity.kt:54:24 
Unresolved reference: SurveyUIUtils
e: file:///C:/Android%20Projects/InstagramTra
cker/app/src/main/java/com/example/instatrack
er/IntentionProbeActivity.kt:60:23 
Unresolved reference: SurveyUIUtils
e: file:///C:/Android%20Projects/InstagramTra
cker/app/src/main/java/com/example/instatrack
er/IntentionProbeActivity.kt:72:9 Overload 
resolution ambiguity: 
public open fun setContentView(p0: View!): 
Unit defined in com.example.instatracker.Inte
ntionProbeActivity
public open fun setContentView(p0: Int): 
Unit defined in com.example.instatracker.Inte
ntionProbeActivity
e: file:///C:/Android%20Projects/InstagramTra
cker/app/src/main/java/com/example/instatrack
er/MicroProbeActivity.kt:34:22 Unresolved 
reference: SurveyUIUtils
e: file:///C:/Android%20Projects/InstagramTra
cker/app/src/main/java/com/example/instatrack
er/MicroProbeActivity.kt:35:21 Unresolved 
reference: SurveyUIUtils
e: file:///C:/Android%20Projects/InstagramTra
cker/app/src/main/java/com/example/instatrack
er/MicroProbeActivity.kt:36:24 Unresolved 
reference: SurveyUIUtils
e: file:///C:/Android%20Projects/InstagramTra
cker/app/src/main/java/com/example/instatrack
er/MicroProbeActivity.kt:37:29 Unresolved 
reference: SurveyUIUtils
e: file:///C:/Android%20Projects/InstagramTra
cker/app/src/main/java/com/example/instatrack
er/MicroProbeActivity.kt:40:23 Unresolved 
reference: SurveyUIUtils
e: file:///C:/Android%20Projects/InstagramTra
cker/app/src/main/java/com/example/instatrack
er/MicroProbeActivity.kt:55:9 Overload 
resolution ambiguity: 
public open fun setContentView(p0: View!): 
Unit defined in 
com.example.instatracker.MicroProbeActivity
public open fun setContentView(p0: Int): 
Unit defined in 
com.example.instatracker.MicroProbeActivity
e: file:///C:/Android%20Projects/InstagramTra
cker/app/src/main/java/com/example/instatrack
er/MicroProbeActivity.kt:59:22 Unresolved 
reference: SurveyUIUtils
e: file:///C:/Android%20Projects/InstagramTra
cker/app/src/main/java/com/example/instatrack
er/MicroProbeActivity.kt:60:24 Unresolved 
reference: SurveyUIUtils
e: file:///C:/Android%20Projects/InstagramTra
cker/app/src/main/java/com/example/instatrack
er/MicroProbeActivity.kt:61:29 Unresolved 
reference: SurveyUIUtils
e: file:///C:/Android%20Projects/InstagramTra
cker/app/src/main/java/com/example/instatrack
er/MicroProbeActivity.kt:64:23 Unresolved 
reference: SurveyUIUtils
e: file:///C:/Android%20Projects/InstagramTra
cker/app/src/main/java/com/example/instatrack
er/MicroProbeActivity.kt:78:9 Overload 
resolution ambiguity: 
public open fun setContentView(p0: View!): 
Unit defined in 
com.example.instatracker.MicroProbeActivity
public open fun setContentView(p0: Int): 
Unit defined in 
com.example.instatracker.MicroProbeActivity
e: file:///C:/Android%20Projects/InstagramTra
cker/app/src/main/java/com/example/instatrack
er/MicroProbeActivity.kt:82:22 Unresolved 
reference: SurveyUIUtils
e: file:///C:/Android%20Projects/InstagramTra
cker/app/src/main/java/com/example/instatrack
er/MicroProbeActivity.kt:83:24 Unresolved 
reference: SurveyUIUtils
e: file:///C:/Android%20Projects/InstagramTra
cker/app/src/main/java/com/example/instatrack
er/MicroProbeActivity.kt:84:29 Unresolved 
reference: SurveyUIUtils
e: file:///C:/Android%20Projects/InstagramTra
cker/app/src/main/java/com/example/instatrack
er/MicroProbeActivity.kt:87:23 Unresolved 
reference: SurveyUIUtils
e: file:///C:/Android%20Projects/InstagramTra
cker/app/src/main/java/com/example/instatrack
er/MicroProbeActivity.kt:101:9 Overload 
resolution ambiguity: 
public open fun setContentView(p0: View!): 
Unit defined in 
com.example.instatracker.MicroProbeActivity
public open fun setContentView(p0: Int): 
Unit defined in 
com.example.instatracker.MicroProbeActivity

FAILURE: Build failed with an exception.

* What went wrong:
Execution failed for task 
':app:compileDebugKotlin'.
> A failure occurred while executing org.jetb
rains.kotlin.compilerRunner.GradleCompilerRun
nerWithWorkers$GradleKotlinCompilerWorkAction
   > Compilation error. See log for more 
details

* Try:
> Run with --stacktrace option to get the 
stack trace.
> Run with --info or --debug option to get 
more log output.
> Run with --scan to get full insights.
> Get more help at https://help.gradle.org.

Deprecated Gradle features were used in this build, making it incompatible with Gradle 9.0.

You can use '--warning-mode all' to show the individual deprecation warnings and determine if they come from your own scripts or plugins.

For more on this, please refer to https://docs.gradle.org/8.9/userguide/command_line_interface.html#sec:command_line_warnings in the Gradle documentation.

BUILD FAILED in 2s
41 actionable tasks: 2 executed, 39 up-to-date
