02-22 21:02:31.057 20238 20238 D nativeloader: Configuring clns-5 for other apk /system/framework/com.android.location.provider.jar. target_sdk_version=36, uses_libraries=ALL, library_path=/data/app/~~Q2tPmqKXzOiyy4OhxerRJQ==/com.google.android.gms-xx-Em7reQ8epw1bBTdflVw==/lib/arm64:/data/app/~~Q2tPmqKXzOiyy4OhxerRJQ==/com.google.android.gms-xx-Em7reQ8epw1bBTdflVw==/base.apk!/lib/arm64-v8a, permitted_path=/data:/mnt/expand:/data/user/999/com.google.android.gms
02-22 21:02:31.057 20238 20238 D nativeloader: Extending system_exposed_libraries: libbinauralrenderer_wrapper.qti.so:libhoaeffects.qti.so:libQOC.qti.so:libupdateprof.qti.so:libthermalclient.qti.so:libQOC.qti.so:libdiag_system.qti.so:libqape.qti.so:libqesdk_ndk_platform.qti.so:liblistenjni.qti.so
02-22 21:02:31.063 20238 20238 D nativeloader: Configuring clns-6 for other apk /system/framework/com.android.media.remotedisplay.jar. target_sdk_version=36, uses_libraries=ALL, library_path=/data/app/~~Q2tPmqKXzOiyy4OhxerRJQ==/com.google.android.gms-xx-Em7reQ8epw1bBTdflVw==/lib/arm64:/data/app/~~Q2tPmqKXzOiyy4OhxerRJQ==/com.google.android.gms-xx-Em7reQ8epw1bBTdflVw==/base.apk!/lib/arm64-v8a, permitted_path=/data:/mnt/expand:/data/user/999/com.google.android.gms
02-22 21:02:31.064 20238 20238 D nativeloader: Extending system_exposed_libraries: libbinauralrenderer_wrapper.qti.so:libhoaeffects.qti.so:libQOC.qti.so:libupdateprof.qti.so:libthermalclient.qti.so:libQOC.qti.so:libdiag_system.qti.so:libqape.qti.so:libqesdk_ndk_platform.qti.so:liblistenjni.qti.so
02-22 21:02:31.156 20238 20238 D nativeloader: Configuring clns-7 for other apk /data/app/~~Q2tPmqKXzOiyy4OhxerRJQ==/com.google.android.gms-xx-Em7reQ8epw1bBTdflVw==/base.apk. target_sdk_version=36, uses_libraries=, library_path=/data/app/~~Q2tPmqKXzOiyy4OhxerRJQ==/com.google.android.gms-xx-Em7reQ8epw1bBTdflVw==/lib/arm64:/data/app/~~Q2tPmqKXzOiyy4OhxerRJQ==/com.google.android.gms-xx-Em7reQ8epw1bBTdflVw==/base.apk!/lib/arm64-v8a, permitted_path=/data:/mnt/expand:/data/user/999/com.google.android.gms
02-22 21:02:31.181 20238 20238 D nativeloader: Load libframework-connectivity-jni.so using APEX ns com_android_tethering for caller /apex/com.android.tethering/javalib/framework-connectivity.jar: ok
02-22 21:02:31.187 20238 20238 V GraphicsEnvironment: Currently set values for:
02-22 21:02:31.187 20238 20238 V GraphicsEnvironment:   angle_gl_driver_selection_pkgs=[]
02-22 21:02:31.187 20238 20238 V GraphicsEnvironment:   angle_gl_driver_selection_values=[]
02-22 21:02:31.189 20238 20238 V GraphicsEnvironment: ANGLE GameManagerService for com.google.android.gms: false
02-22 21:02:31.189 20238 20238 V GraphicsEnvironment: com.google.android.gms is not listed in per-application setting
02-22 21:02:31.189 20238 20238 V GraphicsEnvironment: Neither updatable production driver nor prerelease driver is supported.
02-22 21:02:31.240 20238 20238 I Safeboot: Checking safeboot...
02-22 21:02:31.270 20238 20238 W ProviderHelper: Unknown dynamite feature providerinstaller.dynamite
02-22 21:02:31.271 20238 20238 I DynamiteModule: Considering local module com.google.android.gms.providerinstaller.dynamite:1 and remote module com.google.android.gms.providerinstaller.dynamite:0
02-22 21:02:31.271 20238 20238 I DynamiteModule: Selected local version of com.google.android.gms.providerinstaller.dynamite
02-22 21:02:31.294 20238 20238 D nativeloader: Load /data/app/~~Q2tPmqKXzOiyy4OhxerRJQ==/com.google.android.gms-xx-Em7reQ8epw1bBTdflVw==/base.apk!/lib/arm64-v8a/libconscrypt_gmscore_jni.so using class loader ns clns-7 (caller=/data/app/~~Q2tPmqKXzOiyy4OhxerRJQ==/com.google.android.gms-xx-Em7reQ8epw1bBTdflVw==/base.apk): ok
02-22 21:02:31.295 20238 20238 V NativeCrypto: Registering com/google/android/gms/org/conscrypt/NativeCrypto's 334 native methods...
02-22 21:02:31.317 20238 20238 I ProviderInstaller: Installed default security provider GmsCore_OpenSSL
02-22 21:02:31.324 20238 20288 D CompatibilityChangeReporter: Compat change id reported: 183155436; UID 99910166; state: ENABLED
02-22 21:02:31.331 20238 20294 I GmsApplication: Registering the BackgroundBroadcastReceiverSupport receiver.
02-22 21:02:31.338 20238 20238 E ANDR-VIVO-PERF: IVPerf::tryGetService failed!
02-22 21:02:31.340 20238 20238 E ANDR-VIVO-PERF: IVPerf::tryGetService failed!
02-22 21:02:31.350 20238 20238 D BoundBrokerSvc: onBind: Intent { act=com.google.android.gms.phenotype.service.START dat=chimera-action:/... cmp=com.google.android.gms/.chimera.PersistentApiService }
02-22 21:02:31.350 20238 20238 D BoundBrokerSvc: Loading bound service for intent: Intent { act=com.google.android.gms.phenotype.service.START dat=chimera-action:/... cmp=com.google.android.gms/.chimera.PersistentApiService }
02-22 21:02:31.353 20238 20294 I GmsReceiverSupport: Registered Receiver for 15+1 IntentFilters
02-22 21:02:31.357 20238 20294 I Watchcat: Started
02-22 21:02:31.359 20238 20294 I GMS_MM_Logger: (REDACTED) Start time: %s
02-22 21:02:31.359 20238 20294 I GMS_MM_Logger: Started.
02-22 21:02:31.410 20305 20305 I ocess.gservices: Using CollectorTypeCC GC.
02-22 21:02:31.416 20238 20238 I SystemMemoryMap: [activityrecognition] starting initialization [CONTEXT service_id=6 ]
02-22 21:02:31.422 20238 20238 D CompatibilityChangeReporter: Compat change id reported: 160794467; UID 99910166; state: ENABLED
02-22 21:02:31.424 20238 20238 I SystemMemoryMap: (REDACTED) [activityrecognition] recovering %d entries
02-22 21:02:31.424 20238 20238 I SystemMemoryMap: [activityrecognition] initialization complete [CONTEXT service_id=6 ]
02-22 21:02:31.425 20238 20238 I SystemMemoryMap: [activitytransition] starting initialization [CONTEXT service_id=6 ]
02-22 21:02:31.425 20238 20328 W TracingHelper: No RequestContext found in the trace or trace not available. [CONTEXT service_id=259 ratelimit_count=1410065408 ]
02-22 21:02:31.427 20238 20238 I SystemMemoryMap: (REDACTED) [activitytransition] recovering %d entries
02-22 21:02:31.427 20238 20238 I SystemMemoryMap: [activitytransition] initialization complete [CONTEXT service_id=6 ]
02-22 21:02:31.427 20238 20238 I SystemMemoryMap: [sleepsegment] starting initialization [CONTEXT service_id=6 ]
02-22 21:02:31.427 20305 20305 D nativeloader: Load libframework-connectivity-tiramisu-jni.so using APEX ns com_android_tethering for caller /apex/com.android.tethering/javalib/framework-connectivity-t.jar: ok
02-22 21:02:31.429 20238 20238 I SystemMemoryMap: (REDACTED) [sleepsegment] recovering %d entries
02-22 21:02:31.430 20238 20238 I SystemMemoryMap: [sleepsegment] initialization complete [CONTEXT service_id=6 ]
02-22 21:02:31.432 20238 20328 W TracingHelper: Mismatched RequestContext found for module LOCATION_BASE. Module id from RequestContext is MODULEID_UNKNOWN [CONTEXT service_id=259 ratelimit_count=1410065408 ]
02-22 21:02:31.436 20238 20238 W ctxmgr  : [ContextManagerPersistentService]Received null intent [CONTEXT service_id=47 ]
02-22 21:02:31.447 20238 20238 I DynamiteModule: Considering local module com.google.android.gms.googlecertificates:7 and remote module com.google.android.gms.googlecertificates:0
02-22 21:02:31.447 20238 20238 I DynamiteModule: Selected local version of com.google.android.gms.googlecertificates
02-22 21:02:31.452 20305 20305 D CompatibilityChangeReporter: Compat change id reported: 171979766; UID 99910166; state: ENABLED
02-22 21:02:31.452 20305 20305 D CompatibilityChangeReporter: Compat change id reported: 242716250; UID 99910166; state: ENABLED
02-22 21:02:31.471 20305 20305 D nativeloader: Configuring clns-shared-4 for other apk /system/framework/org.apache.http.legacy.jar. target_sdk_version=34, uses_libraries=ALL, library_path=/system_ext/priv-app/GoogleServicesFramework/lib/arm64:/system_ext/priv-app/GoogleServicesFramework/GoogleServicesFramework.apk!/lib/arm64-v8a:/system/lib64:/system_ext/lib64, permitted_path=/data:/mnt/expand:/data/user/999/com.google.android.gsf:/system_ext/priv-app/GoogleServicesFramework:/system/lib64:/system_ext/lib64
02-22 21:02:31.471 20305 20305 D nativeloader: Extending system_exposed_libraries: libbinauralrenderer_wrapper.qti.so:libhoaeffects.qti.so:libQOC.qti.so:libupdateprof.qti.so:libthermalclient.qti.so:libQOC.qti.so:libdiag_system.qti.so:libqape.qti.so:libqesdk_ndk_platform.qti.so:liblistenjni.qti.so
02-22 21:02:31.511 20305 20305 D nativeloader: Configuring clns-shared-5 for other apk /system_ext/priv-app/GoogleServicesFramework/GoogleServicesFramework.apk. target_sdk_version=34, uses_libraries=, library_path=/system_ext/priv-app/GoogleServicesFramework/lib/arm64:/system_ext/priv-app/GoogleServicesFramework/GoogleServicesFramework.apk!/lib/arm64-v8a:/system/lib64:/system_ext/lib64, permitted_path=/data:/mnt/expand:/data/user/999/com.google.android.gsf:/system_ext/priv-app/GoogleServicesFramework:/system/lib64:/system_ext/lib64
02-22 21:02:31.533 20305 20305 D nativeloader: Load libframework-connectivity-jni.so using APEX ns com_android_tethering for caller /apex/com.android.tethering/javalib/framework-connectivity.jar: ok
02-22 21:02:31.551 20305 20305 V GraphicsEnvironment: Currently set values for:
02-22 21:02:31.552 20305 20305 V GraphicsEnvironment:   angle_gl_driver_selection_pkgs=[]
02-22 21:02:31.552 20305 20305 V GraphicsEnvironment:   angle_gl_driver_selection_values=[]
02-22 21:02:31.553 20305 20305 V GraphicsEnvironment: ANGLE GameManagerService for com.google.android.gsf: false
02-22 21:02:31.553 20305 20305 V GraphicsEnvironment: com.google.android.gsf is not listed in per-application setting
02-22 21:02:31.554 20305 20305 V GraphicsEnvironment: Neither updatable production driver nor prerelease driver is supported.
02-22 21:02:31.567 20305 20305 I GservicesProvider: Gservices pushing to system: true; secure/global: true
02-22 21:02:31.586 20305 20362 E GmsClient: unable to connect to service: com.google.android.gms.gservices.START on com.google.android.gms
02-22 21:02:31.616 20238 20238 I SystemMemoryMap: [geofence] starting initialization [CONTEXT service_id=6 ]
02-22 21:02:31.617 20238 20328 I AlarmManager: set [name: SystemMemoryCache type: 2 triggerAtMillis: 315684156706 windowMillis: -1 intervalMillis: 0]
02-22 21:02:31.618 20238 20316 D nativeloader: Load /data/app/~~Q2tPmqKXzOiyy4OhxerRJQ==/com.google.android.gms-xx-Em7reQ8epw1bBTdflVw==/base.apk!/lib/arm64-v8a/libleveldbjni.so using class loader ns clns-7 (caller=/data/app/~~Q2tPmqKXzOiyy4OhxerRJQ==/com.google.android.gms-xx-Em7reQ8epw1bBTdflVw==/base.apk): ok
02-22 21:02:31.625 20238 20238 I SystemMemoryMap: (REDACTED) [geofence] recovering %d entries
02-22 21:02:31.625 20238 20238 I SystemMemoryMap: [geofence] initialization complete [CONTEXT service_id=6 ]
02-22 21:02:31.630 20238 20358 W SystemServiceRegistry: No service published for: contexthub
02-22 21:02:31.631 20238 20358 I BluePixel: (REDACTED) Created Null for %s
02-22 21:02:31.636 20238 20238 W ctxmgr  : [ContextManagerPersistentService]Unable to start system_memory_cache. [CONTEXT service_id=47 ]
02-22 21:02:31.639 20238 20328 D CompatibilityChangeReporter: Compat change id reported: 289878283; UID 99910166; state: ENABLED
02-22 21:02:31.641 20367 20367 I e.process.gapps: Using CollectorTypeCC GC.
02-22 21:02:31.643 20238 20366 I SystemMemoryMap: [flp] starting initialization [CONTEXT service_id=6 ]
02-22 21:02:31.650 20238 20366 I SystemMemoryMap: (REDACTED) [flp] recovering %d entries
02-22 21:02:31.651 20238 20366 I SystemMemoryMap: [flp] initialization complete [CONTEXT service_id=6 ]
02-22 21:02:31.657 20367 20367 D nativeloader: Load libframework-connectivity-tiramisu-jni.so using APEX ns com_android_tethering for caller /apex/com.android.tethering/javalib/framework-connectivity-t.jar: ok
02-22 21:02:31.679 20238 20374 D CompatibilityChangeReporter: Compat change id reported: 148180766; UID 99910166; state: ENABLED
02-22 21:02:31.691 20367 20367 D CompatibilityChangeReporter: Compat change id reported: 171979766; UID 10166; state: ENABLED
02-22 21:02:31.692 20367 20367 D CompatibilityChangeReporter: Compat change id reported: 242716250; UID 10166; state: ENABLED
02-22 21:02:31.703 20238 20238 D BoundBrokerSvc: onBind: Intent { act=com.google.android.gms.libs.gmscorelogger.service.START dat=chimera-action:/... cmp=com.google.android.gms/.chimera.PersistentDirectBootAwareApiService }
02-22 21:02:31.703 20238 20238 D BoundBrokerSvc: Loading bound service for intent: Intent { act=com.google.android.gms.libs.gmscorelogger.service.START dat=chimera-action:/... cmp=com.google.android.gms/.chimera.PersistentDirectBootAwareApiService }
02-22 21:02:31.711 20238 20366 I BluePixel: (REDACTED) Created Null for %s
02-22 21:02:31.717 20367 20367 D nativeloader: Configuring clns-shared-4 for other apk /system/framework/org.apache.http.legacy.jar. target_sdk_version=34, uses_libraries=ALL, library_path=/system_ext/priv-app/GoogleServicesFramework/lib/arm64:/system_ext/priv-app/GoogleServicesFramework/GoogleServicesFramework.apk!/lib/arm64-v8a:/system/lib64:/system_ext/lib64, permitted_path=/data:/mnt/expand:/data/user/0/com.google.android.gsf:/system_ext/priv-app/GoogleServicesFramework:/system/lib64:/system_ext/lib64
02-22 21:02:31.717 20367 20367 D nativeloader: Extending system_exposed_libraries: libbinauralrenderer_wrapper.qti.so:libhoaeffects.qti.so:libQOC.qti.so:libupdateprof.qti.so:libthermalclient.qti.so:libQOC.qti.so:libdiag_system.qti.so:libqape.qti.so:libqesdk_ndk_platform.qti.so:liblistenjni.qti.so
02-22 21:02:31.720 20238 20238 D BoundBrokerSvc: onBind: Intent { act=com.google.android.gms.scheduler.ACTION_PROXY_SCHEDULE dat=chimera-action:/... cmp=com.google.android.gms/.chimera.PersistentDirectBootAwareApiService }
02-22 21:02:31.720 20238 20238 D BoundBrokerSvc: Loading bound service for intent: Intent { act=com.google.android.gms.scheduler.ACTION_PROXY_SCHEDULE dat=chimera-action:/... cmp=com.google.android.gms/.chimera.PersistentDirectBootAwareApiService }
02-22 21:02:31.725 20238 20394 W ctxmgr  : [FencePendingIntentCache]Sending CONTEXT_MANAGER_RESTARTED broadcast to com.google.android.apps.wellbeing [CONTEXT service_id=47 ]
02-22 21:02:31.729 20367 20367 D nativeloader: Configuring clns-shared-5 for other apk /system_ext/priv-app/GoogleServicesFramework/GoogleServicesFramework.apk. target_sdk_version=34, uses_libraries=, library_path=/system_ext/priv-app/GoogleServicesFramework/lib/arm64:/system_ext/priv-app/GoogleServicesFramework/GoogleServicesFramework.apk!/lib/arm64-v8a:/system/lib64:/system_ext/lib64, permitted_path=/data:/mnt/expand:/data/user/0/com.google.android.gsf:/system_ext/priv-app/GoogleServicesFramework:/system/lib64:/system_ext/lib64
02-22 21:02:31.749 20238 20238 D BoundBrokerSvc: onBind: Intent { act=com.google.android.gms.pseudonymous.service.START dat=chimera-action:/... cmp=com.google.android.gms/.chimera.PersistentApiService }
02-22 21:02:31.749 20238 20238 D BoundBrokerSvc: Loading bound service for intent: Intent { act=com.google.android.gms.pseudonymous.service.START dat=chimera-action:/... cmp=com.google.android.gms/.chimera.PersistentApiService }
02-22 21:02:31.750 20367 20367 D nativeloader: Load libframework-connectivity-jni.so using APEX ns com_android_tethering for caller /apex/com.android.tethering/javalib/framework-connectivity.jar: ok
02-22 21:02:31.753 20238 20238 D BoundBrokerSvc: onBind: Intent { act=com.google.android.gms.clearcut.service.START dat=chimera-action:/... cmp=com.google.android.gms/.chimera.PersistentDirectBootAwareApiService }
02-22 21:02:31.753 20238 20238 D BoundBrokerSvc: Loading bound service for intent: Intent { act=com.google.android.gms.clearcut.service.START dat=chimera-action:/... cmp=com.google.android.gms/.chimera.PersistentDirectBootAwareApiService }
02-22 21:02:31.765 20367 20367 V GraphicsEnvironment: Currently set values for:
02-22 21:02:31.765 20367 20367 V GraphicsEnvironment:   angle_gl_driver_selection_pkgs=[]
02-22 21:02:31.765 20367 20367 V GraphicsEnvironment:   angle_gl_driver_selection_values=[]
02-22 21:02:31.766 20367 20367 V GraphicsEnvironment: ANGLE GameManagerService for com.google.android.gsf: false
02-22 21:02:31.766 20367 20367 V GraphicsEnvironment: com.google.android.gsf is not listed in per-application setting
02-22 21:02:31.766 20367 20367 V GraphicsEnvironment: Neither updatable production driver nor prerelease driver is supported.
02-22 21:02:31.778 20238 20238 D BoundBrokerSvc: onBind: Intent { act=com.google.android.gms.usagereporting.service.START dat=chimera-action:/... cmp=com.google.android.gms/.chimera.PersistentDirectBootAwareApiService }
02-22 21:02:31.778 20238 20238 D BoundBrokerSvc: Loading bound service for intent: Intent { act=com.google.android.gms.usagereporting.service.START dat=chimera-action:/... cmp=com.google.android.gms/.chimera.PersistentDirectBootAwareApiService }
02-22 21:02:31.791 20238 20238 D WearableService: Creating wearable service asynchronously.
02-22 21:02:31.798 20238 20289 I Wear_Controller: Wearable module requires a companion app to be installed.
02-22 21:02:31.799 20238 20289 I WearableService: onCreate: Wearable Services not starting. Wear is not available on this device.
02-22 21:02:31.807 20367 20404 I carui   : CarUi plugin is disabled
02-22 21:02:31.811 20238 20238 D BoundBrokerSvc: onBind: Intent { act=com.google.android.gms.time.trustedtime.service.START dat=chimera-action:/... cmp=com.google.android.gms/.chimera.PersistentApiService }
02-22 21:02:31.811 20238 20238 D BoundBrokerSvc: Loading bound service for intent: Intent { act=com.google.android.gms.time.trustedtime.service.START dat=chimera-action:/... cmp=com.google.android.gms/.chimera.PersistentApiService }
02-22 21:02:31.843 20238 20271 I fyzq    : (REDACTED) Shared storage file not found for %s
02-22 21:02:31.887 20238 20281 W WearableService: onGetService: Wear is not available on this device.
02-22 21:02:31.892 20238 20238 D BoundBrokerSvc: onBind: Intent { act=com.google.android.gms.auth.aang.events.services.START dat=chimera-action:/... cmp=com.google.android.gms/.chimera.PersistentApiService }
02-22 21:02:31.892 20238 20238 D BoundBrokerSvc: Loading bound service for intent: Intent { act=com.google.android.gms.auth.aang.events.services.START dat=chimera-action:/... cmp=com.google.android.gms/.chimera.PersistentApiService }
02-22 21:02:31.901 20238 20304 D CompatibilityChangeReporter: Compat change id reported: 263076149; UID 99910166; state: ENABLED
02-22 21:02:31.904 20238 20281 W GoogleApiManager: Not showing notification since connectionResult is not user-facing: ConnectionResult{statusCode=API_UNAVAILABLE, resolution=null, message=null, clientMethodKey=null}
02-22 21:02:31.904 20238 20366 I WearableLocationShim: paired wearable location unsupported - wearable APIs unavailable [CONTEXT service_id=6 ]
02-22 21:02:31.963  9388  9388 D BoundBrokerSvc: onBind: Intent { act=com.google.android.gms.time.trustedtime.singleuserapi.service.START dat=chimera-action:/... cmp=com.google.android.gms/.chimera.PersistentSingleUserInternalApiService }
02-22 21:02:31.963  9388  9388 D BoundBrokerSvc: Loading bound service for intent: Intent { act=com.google.android.gms.time.trustedtime.singleuserapi.service.START dat=chimera-action:/... cmp=com.google.android.gms/.chimera.PersistentSingleUserInternalApiService }
02-22 21:02:31.975 20238 20238 D BoundBrokerSvc: onBind: Intent { act=com.google.android.gms.clearcut.bootcount.service.START dat=chimera-action:/... cmp=com.google.android.gms/.chimera.PersistentBoundBrokerService }
02-22 21:02:31.975 20238 20238 D BoundBrokerSvc: Loading bound service for intent: Intent { act=com.google.android.gms.clearcut.bootcount.service.START dat=chimera-action:/... cmp=com.google.android.gms/.chimera.PersistentBoundBrokerService }
02-22 21:02:31.992 20238 20304 W Settings: Setting airplane_mode_on has moved from android.provider.Settings.System to android.provider.Settings.Global, returning read-only value.
02-22 21:02:32.000 20238 20304 W Settings: Setting airplane_mode_on has moved from android.provider.Settings.System to android.provider.Settings.Global, returning read-only value.
02-22 21:02:32.006 20238 20304 W SystemServiceRegistry: No service published for: wifirtt
02-22 21:02:32.020 20238 20238 D BoundBrokerSvc: onBind: Intent { act=com.google.android.gms.common.telemetry.service.START dat=chimera-action:/... cmp=com.google.android.gms/.chimera.PersistentApiService }
02-22 21:02:32.020 20238 20238 D BoundBrokerSvc: Loading bound service for intent: Intent { act=com.google.android.gms.common.telemetry.service.START dat=chimera-action:/... cmp=com.google.android.gms/.chimera.PersistentApiService }
02-22 21:02:32.050 20238 20304 W Settings: Setting airplane_mode_on has moved from android.provider.Settings.System to android.provider.Settings.Global, returning read-only value.
02-22 21:02:36.899 20367 20593 D ProfileInstaller: Installing profile for com.google.android.gsf
02-22 21:02:37.035 20238 20238 D BoundBrokerSvc: onUnbind: Intent { act=com.google.android.gms.common.telemetry.service.START dat=chimera-action:/... cmp=com.google.android.gms/.chimera.PersistentApiService }
02-22 21:02:39.151 20599 20599 W libc    : Access denied finding property "persist.adb.tls_server.enable"
02-22 21:02:41.858 20238 20254 D CompatibilityChangeReporter: Compat change id reported: 150939131; UID 99910166; state: ENABLED
02-22 21:02:42.035 20238 20250 I .gms.persistent: Background concurrent copying GC freed 9310KB AllocSpace bytes, 43(1652KB) LOS objects, 54% free, 5094KB/10MB, paused 162us,55us total 157.263ms
02-22 21:02:42.649  6034  6034 I GoogleInputMethodService: GoogleInputMethodService.onFinishInput():2113 
02-22 21:02:42.651  6034  6034 I Module  : DeviceLockedStatusModuleProvider$Module.updateDeviceLockedStatus():103 repeatCheckTimes = 0, locked = false
02-22 21:02:42.927  9388 20241 I NearbySharing: Screen is locked
02-22 21:02:42.927  9388 20241 I NearbySharing: Stopping scanning because the screen is locked.
02-22 21:02:42.929  9388 20241 I NearbySharing: Stopping Fast Init advertisement because Bluetooth is off.
02-22 21:02:42.931  9388 20241 I NearbySharing: Stopping advertising because Bluetooth is disabled.
02-22 21:02:42.931  9388 20241 I NearbySharing: Stopping FastInitiation scanning because the screen is locked.
02-22 21:02:42.941  9388 20241 I NearbySharing: Fast Initiation Scanning has stopped
02-22 21:02:42.942  9388 20241 I NearbySharing: Dismissing HUN as there's no device nearby.
02-22 21:02:42.951  6034  6034 I PkDeviceHelper: PkDeviceHelper.refreshDevices():87 refreshing devices
02-22 21:02:42.954  6034  6034 I PkDeviceHelper: PkDeviceHelper.refreshDevices():87 refreshing devices
02-22 21:02:43.065  1443  3460 D BatteryStatsService: notePemString  noteWhich: 49,arg1: -2, arg2: -1, arg3: 26265, arg4: 1, name: com.example.instatracker
02-22 21:02:43.235  6034 20835 I DeviceStatusMonitor: DeviceStatusMonitor.handleBroadcast():138 onReceive() : Action = android.intent.action.SCREEN_OFF
02-22 21:02:43.253  6034 20835 I DeviceStatusMonitor: DeviceStatusMonitor.updateCountryInfo():154 updateCountryInfo(), notifyAnyway = false
02-22 21:02:43.279  6034  6034 I InputBundle: InputBundle.consumeEvent():1037 Skip consuming an event as imeStatus is INACTIVE
02-22 21:02:43.282  6034  6034 I Module  : DeviceLockedStatusModuleProvider$Module.updateDeviceLockedStatus():103 repeatCheckTimes = 0, locked = false
02-22 21:02:43.282  6034  6034 W NotificationCenter: NotificationCenter$NotificationQueue.notifyPendingNotificationsOnExecutor():877 Heavy notify work detected on UI thread: [ojt->glh, ojt->isv, ojt->mtd] takes 25ms
02-22 21:02:43.945  9388  9388 D BoundBrokerSvc: onRebind: Intent { act=com.google.android.gms.libs.gmscorelogger.service.START dat=chimera-action:/... cmp=com.google.android.gms/.chimera.PersistentDirectBootAwareApiService }
02-22 21:02:46.848 20238 20238 D BoundBrokerSvc: onUnbind: Intent { act=com.google.android.gms.libs.gmscorelogger.service.START dat=chimera-action:/... cmp=com.google.android.gms/.chimera.PersistentDirectBootAwareApiService }
02-22 21:02:47.004 20238 20238 D BoundBrokerSvc: onUnbind: Intent { act=com.google.android.gms.scheduler.ACTION_PROXY_SCHEDULE dat=chimera-action:/... cmp=com.google.android.gms/.chimera.PersistentDirectBootAwareApiService }
02-22 21:02:47.006 20238 20238 D BoundBrokerSvc: onUnbind: Intent { act=com.google.android.gms.auth.aang.events.services.START dat=chimera-action:/... cmp=com.google.android.gms/.chimera.PersistentApiService }
02-22 21:02:47.009 20238 20238 D BoundBrokerSvc: onUnbind: Intent { act=com.google.android.gms.clearcut.service.START dat=chimera-action:/... cmp=com.google.android.gms/.chimera.PersistentDirectBootAwareApiService }
02-22 21:02:47.010 20238 20238 D BoundBrokerSvc: onUnbind: Intent { act=com.google.android.gms.clearcut.bootcount.service.START dat=chimera-action:/... cmp=com.google.android.gms/.chimera.PersistentBoundBrokerService }
02-22 21:02:47.015 20238 20238 D BoundBrokerSvc: onUnbind: Intent { act=com.google.android.gms.time.trustedtime.service.START dat=chimera-action:/... cmp=com.google.android.gms/.chimera.PersistentApiService }
02-22 21:02:47.026  9388  9388 D BoundBrokerSvc: onUnbind: Intent { act=com.google.android.gms.time.trustedtime.singleuserapi.service.START dat=chimera-action:/... cmp=com.google.android.gms/.chimera.PersistentSingleUserInternalApiService }
02-22 21:02:47.718  1443  1483 D BatteryStatsService: notePemString  noteWhich: 49,arg1: 1080, arg2: 2408, arg3: 3142, arg4: 643, name: com.android.systemui
02-22 21:02:47.719  1443  1483 D BatteryStatsService: notePemString  noteWhich: 49,arg1: 1080, arg2: 2408, arg3: 3142, arg4: 457, name: com.android.systemui
02-22 21:02:47.757  1443  3151 D BatteryStatsService: notePemString  noteWhich: 49,arg1: 1080, arg2: 2408, arg3: 3142, arg4: 643, name: com.android.systemui
02-22 21:02:47.758  1443  3151 D BatteryStatsService: notePemString  noteWhich: 49,arg1: 1080, arg2: 2408, arg3: 3142, arg4: 457, name: com.android.systemui
02-22 21:02:47.770  1443  7215 D BatteryStatsService: notePemString  noteWhich: 49,arg1: 1080, arg2: 2408, arg3: 3142, arg4: 643, name: com.android.systemui
02-22 21:02:53.358  9388 15329 I NearbyPresence: (REDACTED) %s verified [==] new request %s equals to the old request
02-22 21:02:56.863 20238 20238 D BoundBrokerSvc: onUnbind: Intent { act=com.google.android.gms.pseudonymous.service.START dat=chimera-action:/... cmp=com.google.android.gms/.chimera.PersistentApiService }
02-22 21:02:59.022  9388  9388 D BoundBrokerSvc: onUnbind: Intent { act=com.google.android.gms.libs.gmscorelogger.service.START dat=chimera-action:/... cmp=com.google.android.gms/.chimera.PersistentDirectBootAwareApiService }
02-22 21:03:00.216 21195 21195 W getenforce: type=1400 audit(0.0:2026348): avc:  denied  { read } for  name="enforce" dev="selinuxfs" ino=4 scontext=u:r:untrusted_app:s0:c103,c256,c512,c768 tcontext=u:object_r:selinuxfs:s0 tclass=file permissive=0 app=com.google.android.apps.nbu.paisa.user
02-22 21:03:04.385 21457 21457 W libc    : Access denied finding property "persist.adb.tls_server.enable"
02-22 21:03:04.380 21457 21457 W getprop : type=1400 audit(0.0:2026364): avc:  denied  { read } for  name="u:object_r:system_adbd_prop:s0" dev="tmpfs" ino=1534 scontext=u:r:untrusted_app:s0:c103,c256,c512,c768 tcontext=u:object_r:system_adbd_prop:s0 tclass=file permissive=0 app=com.google.android.apps.nbu.paisa.user
02-22 21:03:08.696  1443  3152 W BatteryStatsService: Unknown sensor handle 0 received in noteWakeupSensorEvent
02-22 21:03:12.021 16417 19203 E msys    : E[S MSync]_ModularSyncHandleNetworkResponse(1718)=>DB[223] - Encountered a network error (2002: TransientError domain: MNSQUICConnection code: 1 detail: Local error: 0x40000015: 35 seconds timeout)
02-22 21:03:12.021 16417 19203 E msys    : E[S MSync]_ModularSyncHandleNetworkErrorResponse(1430)=>DB[223] - handle network error response
02-22 21:03:12.023 16417 19173 W IrisSyncManager: Iris unsubscribed
02-22 21:03:12.026 16417 19093 E msys    : E[N mns]_OnDiskCacheGetData(632)=>Start post callback cache refresh DNS resolution
02-22 21:03:12.115 16417 19093 E msys    : E[N mns]_OnSystemDNSSuccessCallback(340)=>Cache refresh succeeded with system DNS resolver. IP count: 2
02-22 21:03:12.139 16417 19414 E msys    : E[N MCCWLigerStream]_NetworkChangedCallbackInternal(57)=>skip the network state change source=3
02-22 21:03:12.140 16417 20277 E msys    : E[C mem.context]_NetworkStateChangedCallbackOnExecutionContext(7940)=>[INFO]skip the network state change source=3
02-22 21:03:18.352 21708 21708 W getprop : type=1400 audit(0.0:2026401): avc:  denied  { open } for  path="/dev/__properties__/u:object_r:vendor_camera_software_moonlight_prop:s0" dev="tmpfs" ino=1579 scontext=u:r:shell:s0 tcontext=u:object_r:vendor_camera_software_moonlight_prop:s0 tclass=file permissive=0
02-22 21:03:18.738  1443  7215 W BatteryStatsService: Unknown sensor handle 0 received in noteWakeupSensorEvent
02-22 21:03:19.072 16557 16649 W studio.screen.sharing: Display 0: AMediaCodec_dequeueOutputBuffer(..., 30000000) returned -1
02-22 21:03:19.081 16557 25691 I MediaCodec: ++kWhatRelease   mState :6
02-22 21:03:19.100 16557 25691 I MediaCodec: ++kWhatRelease   mState :2
02-22 21:03:19.101 16557 25692 I hw-BpHwBinder: onLastStrongRef automatically unlinking death recipients
02-22 21:03:19.107 16557 16649 D MediaCodec: flushMediametrics
02-22 21:03:19.114 16557 16649 I studio.screen.sharing: Display 0: turned off
02-22 21:03:19.116 16557 16649 W AString : ctor got NULL, using empty string instead
02-22 21:03:19.123 16557 16649 W libc    : Access denied finding property "persist.vivo.video.frkdebug.enable"
02-22 21:03:19.120 16557 16557 W DisplayStreamer: type=1400 audit(0.0:2026403): avc:  denied  { read } for  name="u:object_r:vivo_video_prop:s0" dev="tmpfs" ino=1710 scontext=u:r:shell:s0 tcontext=u:object_r:vivo_video_prop:s0 tclass=file permissive=0
02-22 21:03:19.131 16557 16649 I CCodecBufferChannel: mIsVivoLogEnable = 0
02-22 21:03:19.132 16557 21714 D CCodec  : allocate(c2.android.vp8.encoder)
02-22 21:03:19.144 16557 21714 I CCodec  : setting up 'default' as default (vendor) store
02-22 21:03:19.156 16557 21714 I CCodec  : Created component [c2.android.vp8.encoder]
02-22 21:03:19.157 16557 21714 D CCodecConfig: read media type: video/x-vnd.on2.vp8
02-22 21:03:19.159 16557 21714 D ReflectedParamUpdater: extent() != 1 for single value type: algo.buffers.max-count.values
02-22 21:03:19.160 16557 21714 D ReflectedParamUpdater: extent() != 1 for single value type: output.subscribed-indices.values
02-22 21:03:19.160 16557 21714 D ReflectedParamUpdater: extent() != 1 for single value type: input.buffers.allocator-ids.values
02-22 21:03:19.160 16557 21714 D ReflectedParamUpdater: extent() != 1 for single value type: output.buffers.allocator-ids.values
02-22 21:03:19.160 16557 21714 D ReflectedParamUpdater: extent() != 1 for single value type: algo.buffers.allocator-ids.values
02-22 21:03:19.160 16557 21714 D ReflectedParamUpdater: extent() != 1 for single value type: output.buffers.pool-ids.values
02-22 21:03:19.161 16557 21714 D ReflectedParamUpdater: extent() != 1 for single value type: algo.buffers.pool-ids.values
02-22 21:03:19.163 16557 21714 D ReflectedParamUpdater: ignored struct field coding.qp.values
02-22 21:03:19.163 16557 21714 D CCodecConfig: ignoring local param raw.color (0xc2001809) as it is already supported
02-22 21:03:19.163 16557 21714 I CCodecConfig: query failed after returning 14 values (BAD_INDEX)
02-22 21:03:19.166 16557 21714 W ColorUtils: expected specified color aspects (0:0:0:0)
02-22 21:03:19.170 16557 16649 D MediaCodec: shapeMediaFormat: deltas(1): AMessage(what = 0x00000000) = {
02-22 21:03:19.170 16557 16649 D MediaCodec:     int32_t android._encoding-quality-level = 0
02-22 21:03:19.170 16557 16649 D MediaCodec:   }
02-22 21:03:19.170 16557 16649 W libc    : Access denied finding property "vendor.vivo.debug.PqSetting.enable"
02-22 21:03:19.170 16557 16649 D MediaCodec: get client pid:16557
02-22 21:03:19.171 16557 16649 D MediaCodec: client name app_process
02-22 21:03:19.174 16557 21713 D MediaCodec: flushMediametrics
02-22 21:03:19.174 16557 21714 D CCodec  : [c2.android.vp8.encoder] buffers are bound to CCodec for this session
02-22 21:03:19.179 16557 21714 W ColorUtils: expected specified color aspects (0:4:3:0)
02-22 21:03:19.179 16557 21714 D CCodec  : encoding statistics level = 0
02-22 21:03:19.180 16557 21714 D CCodec  : setup formats input: AMessage(what = 0x00000000) = {
02-22 21:03:19.180 16557 21714 D CCodec  :   Rect crop(0, 0, 471, 1051)
02-22 21:03:19.180 16557 21714 D CCodec  :   int32_t color-standard = 4
02-22 21:03:19.180 16557 21714 D CCodec  :   int32_t color-range = 0
02-22 21:03:19.180 16557 21714 D CCodec  :   int32_t color-transfer = 0
02-22 21:03:19.180 16557 21714 D CCodec  :   int32_t frame-rate = 60
02-22 21:03:19.180 16557 21714 D CCodec  :   int32_t height = 1052
02-22 21:03:19.180 16557 21714 D CCodec  :   int32_t intra-refresh-period = 0
02-22 21:03:19.180 16557 21714 D CCodec  :   string mime = "video/raw"
02-22 21:03:19.180 16557 21714 D CCodec  :   int32_t video-qp-average = 0
02-22 21:03:19.180 16557 21714 D CCodec  :   int32_t width = 472
02-22 21:03:19.180 16557 21714 D CCodec  :   int32_t android._dataspace = 262144
02-22 21:03:19.180 16557 21714 D CCodec  :   int32_t using-sw-read-often = 1
02-22 21:03:19.180 16557 21714 D CCodec  :   int64_t android._C2MemoryUsage = 1
02-22 21:03:19.180 16557 21714 D CCodec  :   int32_t color-format = 2130708361
02-22 21:03:19.180 16557 21714 D CCodec  :   int32_t android._color-format = 2130708361
02-22 21:03:19.180 16557 21714 D CCodec  : }
02-22 21:03:19.180 16557 21714 D CCodec  : setup formats output: AMessage(what = 0x00000000) = {
02-22 21:03:19.180 16557 21714 D CCodec  :   int32_t bitrate = 10000000
02-22 21:03:19.180 16557 21714 D CCodec  :   int32_t bitrate-mode = 1
02-22 21:03:19.180 16557 21714 D CCodec  :   Rect crop(0, 0, 471, 1051)
02-22 21:03:19.180 16557 21714 D CCodec  :   int32_t width = 472
02-22 21:03:19.180 16557 21714 D CCodec  :   int32_t color-standard = 4
02-22 21:03:19.180 16557 21714 D CCodec  :   int32_t color-range = 0
02-22 21:03:19.180 16557 21714 D CCodec  :   int32_t color-transfer = 0
02-22 21:03:19.180 16557 21714 D CCodec  :   int32_t frame-rate = 60
02-22 21:03:19.180 16557 21714 D CCodec  :   int32_t height = 1052
02-22 21:03:19.180 16557 21714 D CCodec  :   int32_t intra-refresh-period = 0
02-22 21:03:19.180 16557 21714 D CCodec  :   int32_t level = 1
02-22 21:03:19.180 16557 21714 D CCodec  :   int32_t max-bitrate = 10000000
02-22 21:03:19.180 16557 21714 D CCodec  :   string mime = "video/x-vnd.on2.vp8"
02-22 21:03:19.180 16557 21714 D CCodec  :   int32_t profile = 1
02-22 21:03:19.180 16557 21714 D CCodec  :   int32_t video-qp-average = 0
02-22 21:03:19.180 16557 21714 D CCodec  : }
02-22 21:03:19.180 16557 21714 I CCodecConfig: query failed after returning 15 values (BAD_INDEX)
02-22 21:03:19.182 16557 16649 I studio.screen.sharing: Display 0: configured c2.android.vp8.encoder video size 472x1052 bit_rate 10000000
02-22 21:03:19.186 16557 21714 D CCodec  : input format changed to AMessage(what = 0x00000000) = {
02-22 21:03:19.186 16557 21714 D CCodec  :   Rect crop(0, 0, 471, 1051)
02-22 21:03:19.186 16557 21714 D CCodec  :   int32_t color-standard = 4
02-22 21:03:19.186 16557 21714 D CCodec  :   int32_t color-range = 2
02-22 21:03:19.186 16557 21714 D CCodec  :   int32_t color-transfer = 3
02-22 21:03:19.186 16557 21714 D CCodec  :   int32_t frame-rate = 60
02-22 21:03:19.186 16557 21714 D CCodec  :   int32_t height = 1052
02-22 21:03:19.186 16557 21714 D CCodec  :   int32_t intra-refresh-period = 0
02-22 21:03:19.186 16557 21714 D CCodec  :   string mime = "video/raw"
02-22 21:03:19.186 16557 21714 D CCodec  :   int32_t video-qp-average = 0
02-22 21:03:19.186 16557 21714 D CCodec  :   int32_t width = 472
02-22 21:03:19.186 16557 21714 D CCodec  :   int32_t android._dataspace = 259
02-22 21:03:19.186 16557 21714 D CCodec  :   int32_t using-sw-read-often = 1
02-22 21:03:19.186 16557 21714 D CCodec  :   int64_t android._C2MemoryUsage = 1
02-22 21:03:19.186 16557 21714 D CCodec  :   int32_t color-format = 2130708361
02-22 21:03:19.186 16557 21714 D CCodec  :   int32_t android._color-format = 2130708361
02-22 21:03:19.186 16557 21714 D CCodec  : }
02-22 21:03:19.190 16557 21714 D GraphicBufferSource: setting dataspace: 0x103, acquired=0 consumerUsage: 0x10003
02-22 21:03:19.190 16557 21714 D CCodec  : ISConfig minFps=10 => repeatDelayUs=100000
02-22 21:03:19.192 16557 16557 W DisplayStreamer: type=1400 audit(0.0:2026404): avc:  denied  { read } for  name="u:object_r:vendor_display_prop:s0" dev="tmpfs" ino=1608 scontext=u:r:shell:s0 tcontext=u:object_r:vendor_display_prop:s0 tclass=file permissive=0
02-22 21:03:19.195 16557 16649 W libc    : Access denied finding property "vendor.display.enable_optimal_refresh_rate"
02-22 21:03:19.207 16557 21714 D CCodec  : comp->start() begin
02-22 21:03:19.219 16557 21714 D CCodec  : comp->start() end
02-22 21:03:19.219 16557 21714 W Codec2Client: query -- param skipped: index = 1342179345.
02-22 21:03:19.219 16557 21714 W Codec2Client: query -- param skipped: index = 2415921170.
02-22 21:03:19.220 16557 21714 D CCodecBufferChannel: [c2.android.vp8.encoder#922] Using basic input block pool with poolID 1 => got 1 - OK (0)
02-22 21:03:19.226 16557 21714 D CCodecBufferChannel: [c2.android.vp8.encoder#922] start: updating output delay 0
02-22 21:03:19.226 11810 31262 D BufferPoolAccessor2.0: bufferpool2 0xb4000072d7a9b118 : 0(0 size) total buffers - 0(0 size) used buffers - 1/7 (recycle/alloc) - 8/98 (fetch/transfer)
02-22 21:03:19.228 11810 31262 D BufferPoolAccessor2.0: Destruction - bufferpool2 0xb4000072d7a9b118 cached: 0/0M, 0/0% in use; allocs: 7, 14% recycled; transfers: 98, 92% unfetched
02-22 21:03:19.230 11810 31262 D BufferPoolAccessor2.0: bufferpool2 0xb4000072d7a44ed8 : 0(0 size) total buffers - 0(0 size) used buffers - 1/6 (recycle/alloc) - 5/14 (fetch/transfer)
02-22 21:03:19.230 11810 31262 D BufferPoolAccessor2.0: Destruction - bufferpool2 0xb4000072d7a44ed8 cached: 0/0M, 0/0% in use; allocs: 6, 17% recycled; transfers: 14, 64% unfetched
02-22 21:03:19.231 11810 31262 D BufferPoolAccessor2.0: bufferpool2 0xb4000072d7a06338 : 0(0 size) total buffers - 0(0 size) used buffers - 2/7 (recycle/alloc) - 7/46 (fetch/transfer)
02-22 21:03:19.233 11810 31262 D BufferPoolAccessor2.0: Destruction - bufferpool2 0xb4000072d7a06338 cached: 0/0M, 0/0% in use; allocs: 7, 29% recycled; transfers: 46, 85% unfetched
02-22 21:03:19.234 11810 31262 D BufferPoolAccessor2.0: bufferpool2 0xb4000072d7a905f8 : 0(0 size) total buffers - 0(0 size) used buffers - 1/6 (recycle/alloc) - 5/13 (fetch/transfer)
02-22 21:03:19.234 11810 31262 D BufferPoolAccessor2.0: Destruction - bufferpool2 0xb4000072d7a905f8 cached: 0/0M, 0/0% in use; allocs: 6, 17% recycled; transfers: 13, 62% unfetched
02-22 21:03:19.235 11810 31262 D BufferPoolAccessor2.0: bufferpool2 0xb4000072d7ab9da8 : 0(0 size) total buffers - 0(0 size) used buffers - 1/6 (recycle/alloc) - 5/14 (fetch/transfer)
02-22 21:03:19.235 11810 31262 D BufferPoolAccessor2.0: Destruction - bufferpool2 0xb4000072d7ab9da8 cached: 0/0M, 0/0% in use; allocs: 6, 17% recycled; transfers: 14, 64% unfetched
02-22 21:03:19.246 16557 16645 D GraphicBufferSource: got buffer with new dataSpace #103
02-22 21:03:19.246 16557 16645 D C2OMXNode: dataspace changed to 0x103 pixel format: 0x1
02-22 21:03:19.271 16557 21714 D CCodecBuffers: [c2.android.vp8.encoder#922:Output[N]] popFromStashAndRegister: at 224847220764us, output format changed to AMessage(what = 0x00000000) = {
02-22 21:03:19.271 16557 21714 D CCodecBuffers:   int32_t bitrate = 10000000
02-22 21:03:19.271 16557 21714 D CCodecBuffers:   int32_t bitrate-mode = 1
02-22 21:03:19.271 16557 21714 D CCodecBuffers:   Rect crop(0, 0, 471, 1051)
02-22 21:03:19.271 16557 21714 D CCodecBuffers:   int32_t width = 472
02-22 21:03:19.271 16557 21714 D CCodecBuffers:   int32_t color-standard = 4
02-22 21:03:19.271 16557 21714 D CCodecBuffers:   int32_t color-range = 2
02-22 21:03:19.271 16557 21714 D CCodecBuffers:   int32_t color-transfer = 3
02-22 21:03:19.271 16557 21714 D CCodecBuffers:   int32_t frame-rate = 60
02-22 21:03:19.271 16557 21714 D CCodecBuffers:   int32_t height = 1052
02-22 21:03:19.271 16557 21714 D CCodecBuffers:   int32_t intra-refresh-period = 0
02-22 21:03:19.271 16557 21714 D CCodecBuffers:   int32_t level = 1
02-22 21:03:19.271 16557 21714 D CCodecBuffers:   int32_t max-bitrate = 10000000
02-22 21:03:19.271 16557 21714 D CCodecBuffers:   string mime = "video/x-vnd.on2.vp8"
02-22 21:03:19.271 16557 21714 D CCodecBuffers:   int32_t profile = 1
02-22 21:03:19.271 16557 21714 D CCodecBuffers:   int32_t video-qp-average = 0
02-22 21:03:19.271 16557 21714 D CCodecBuffers:   int32_t android._dataspace = 281280512
02-22 21:03:19.271 16557 21714 D CCodecBuffers: }
02-22 21:03:19.272 16557 16649 W studio.screen.sharing: Display 0: AMediaCodec_dequeueOutputBuffer(..., 30000000) returned -2
02-22 21:03:19.275 16557 21713 D CCodec  : ISConfig not changed
02-22 21:03:24.270 11810 31261 D BufferPoolAccessor2.0: evictor expired: 5, evicted: 0
02-22 21:03:29.603 21979 21979 W libc    : Access denied finding property "persist.adb.tls_server.enable"
02-22 21:03:29.600 21979 21979 W getprop : type=1400 audit(0.0:2026438): avc:  denied  { read } for  name="u:object_r:system_adbd_prop:s0" dev="tmpfs" ino=1534 scontext=u:r:untrusted_app:s0:c103,c256,c512,c768 tcontext=u:object_r:system_adbd_prop:s0 tclass=file permissive=0 app=com.google.android.apps.nbu.paisa.user
02-22 21:03:39.348 22229 22229 W getenforce: type=1400 audit(0.0:2026464): avc:  denied  { read } for  name="enforce" dev="selinuxfs" ino=4 scontext=u:r:untrusted_app:s0:c103,c256,c512,c768 tcontext=u:object_r:selinuxfs:s0 tclass=file permissive=0 app=com.google.android.apps.nbu.paisa.user
02-22 21:03:48.858  1443  7215 W BatteryStatsService: Unknown sensor handle 0 received in noteWakeupSensorEvent
02-22 21:03:49.076 22475 22475 W getenforce: type=1400 audit(0.0:2026494): avc:  denied  { read } for  name="enforce" dev="selinuxfs" ino=4 scontext=u:r:untrusted_app:s0:c103,c256,c512,c768 tcontext=u:object_r:selinuxfs:s0 tclass=file permissive=0 app=com.google.android.apps.nbu.paisa.user
02-22 21:03:50.270 16557 16649 W studio.screen.sharing: Display 0: AMediaCodec_dequeueOutputBuffer(..., 30000000) returned -1
02-22 21:03:50.271 16557 21713 I MediaCodec: ++kWhatRelease   mState :6
02-22 21:03:50.280 16557 21713 I MediaCodec: ++kWhatRelease   mState :2
02-22 21:03:50.282 16557 21714 I hw-BpHwBinder: onLastStrongRef automatically unlinking death recipients
02-22 21:03:50.285 16557 16649 D MediaCodec: flushMediametrics
02-22 21:03:50.304 16557 16649 I studio.screen.sharing: Display 0: turned off
02-22 21:03:50.304 16557 16649 W AString : ctor got NULL, using empty string instead
02-22 21:03:50.305 16557 16649 W libc    : Access denied finding property "persist.vivo.video.frkdebug.enable"
02-22 21:03:50.300 16557 16557 W DisplayStreamer: type=1400 audit(0.0:2026502): avc:  denied  { read } for  name="u:object_r:vivo_video_prop:s0" dev="tmpfs" ino=1710 scontext=u:r:shell:s0 tcontext=u:object_r:vivo_video_prop:s0 tclass=file permissive=0
02-22 21:03:50.315 16557 16649 I CCodecBufferChannel: mIsVivoLogEnable = 0
02-22 21:03:50.316 16557 22543 D CCodec  : allocate(c2.android.vp8.encoder)
02-22 21:03:50.319 16557 22543 I CCodec  : setting up 'default' as default (vendor) store
02-22 21:03:50.322 16557 22543 I CCodec  : Created component [c2.android.vp8.encoder]
02-22 21:03:50.322 16557 22543 D CCodecConfig: read media type: video/x-vnd.on2.vp8
02-22 21:03:50.324 16557 22543 D ReflectedParamUpdater: extent() != 1 for single value type: algo.buffers.max-count.values
02-22 21:03:50.324 16557 22543 D ReflectedParamUpdater: extent() != 1 for single value type: output.subscribed-indices.values
02-22 21:03:50.325 16557 22543 D ReflectedParamUpdater: extent() != 1 for single value type: input.buffers.allocator-ids.values
02-22 21:03:50.325 16557 22543 D ReflectedParamUpdater: extent() != 1 for single value type: output.buffers.allocator-ids.values
02-22 21:03:50.325 16557 22543 D ReflectedParamUpdater: extent() != 1 for single value type: algo.buffers.allocator-ids.values
02-22 21:03:50.326 16557 22543 D ReflectedParamUpdater: extent() != 1 for single value type: output.buffers.pool-ids.values
02-22 21:03:50.326 16557 22543 D ReflectedParamUpdater: extent() != 1 for single value type: algo.buffers.pool-ids.values
02-22 21:03:50.328 16557 22543 D ReflectedParamUpdater: ignored struct field coding.qp.values
02-22 21:03:50.328 16557 22543 D CCodecConfig: ignoring local param raw.color (0xc2001809) as it is already supported
02-22 21:03:50.329 16557 22543 I CCodecConfig: query failed after returning 14 values (BAD_INDEX)
02-22 21:03:50.329 16557 22543 W ColorUtils: expected specified color aspects (0:0:0:0)
02-22 21:03:50.332 16557 16649 D MediaCodec: shapeMediaFormat: deltas(1): AMessage(what = 0x00000000) = {
02-22 21:03:50.332 16557 16649 D MediaCodec:     int32_t android._encoding-quality-level = 0
02-22 21:03:50.332 16557 16649 D MediaCodec:   }
02-22 21:03:50.332 16557 16649 W libc    : Access denied finding property "vendor.vivo.debug.PqSetting.enable"
02-22 21:03:50.332 16557 16649 D MediaCodec: get client pid:16557
02-22 21:03:50.333 16557 16649 D MediaCodec: client name app_process
02-22 21:03:50.336 16557 22542 D MediaCodec: flushMediametrics
02-22 21:03:50.336 16557 22543 D CCodec  : [c2.android.vp8.encoder] buffers are bound to CCodec for this session
02-22 21:03:50.339 16557 22543 W ColorUtils: expected specified color aspects (0:4:3:0)
02-22 21:03:50.339 16557 22543 D CCodec  : encoding statistics level = 0
02-22 21:03:50.339 16557 22543 D CCodec  : setup formats input: AMessage(what = 0x00000000) = {
02-22 21:03:50.339 16557 22543 D CCodec  :   Rect crop(0, 0, 471, 1051)
02-22 21:03:50.339 16557 22543 D CCodec  :   int32_t color-standard = 4
02-22 21:03:50.339 16557 22543 D CCodec  :   int32_t color-range = 0
02-22 21:03:50.339 16557 22543 D CCodec  :   int32_t color-transfer = 0
02-22 21:03:50.339 16557 22543 D CCodec  :   int32_t frame-rate = 60
02-22 21:03:50.339 16557 22543 D CCodec  :   int32_t height = 1052
02-22 21:03:50.339 16557 22543 D CCodec  :   int32_t intra-refresh-period = 0
02-22 21:03:50.339 16557 22543 D CCodec  :   string mime = "video/raw"
02-22 21:03:50.339 16557 22543 D CCodec  :   int32_t video-qp-average = 0
02-22 21:03:50.339 16557 22543 D CCodec  :   int32_t width = 472
02-22 21:03:50.339 16557 22543 D CCodec  :   int32_t android._dataspace = 262144
02-22 21:03:50.339 16557 22543 D CCodec  :   int32_t using-sw-read-often = 1
02-22 21:03:50.339 16557 22543 D CCodec  :   int64_t android._C2MemoryUsage = 1
02-22 21:03:50.339 16557 22543 D CCodec  :   int32_t color-format = 2130708361
02-22 21:03:50.339 16557 22543 D CCodec  :   int32_t android._color-format = 2130708361
02-22 21:03:50.339 16557 22543 D CCodec  : }
02-22 21:03:50.339 16557 22543 D CCodec  : setup formats output: AMessage(what = 0x00000000) = {
02-22 21:03:50.339 16557 22543 D CCodec  :   int32_t bitrate = 10000000
02-22 21:03:50.339 16557 22543 D CCodec  :   int32_t bitrate-mode = 1
02-22 21:03:50.339 16557 22543 D CCodec  :   Rect crop(0, 0, 471, 1051)
02-22 21:03:50.339 16557 22543 D CCodec  :   int32_t width = 472
02-22 21:03:50.339 16557 22543 D CCodec  :   int32_t color-standard = 4
02-22 21:03:50.339 16557 22543 D CCodec  :   int32_t color-range = 0
02-22 21:03:50.339 16557 22543 D CCodec  :   int32_t color-transfer = 0
02-22 21:03:50.339 16557 22543 D CCodec  :   int32_t frame-rate = 60
02-22 21:03:50.339 16557 22543 D CCodec  :   int32_t height = 1052
02-22 21:03:50.339 16557 22543 D CCodec  :   int32_t intra-refresh-period = 0
02-22 21:03:50.339 16557 22543 D CCodec  :   int32_t level = 1
02-22 21:03:50.339 16557 22543 D CCodec  :   int32_t max-bitrate = 10000000
02-22 21:03:50.339 16557 22543 D CCodec  :   string mime = "video/x-vnd.on2.vp8"
02-22 21:03:50.339 16557 22543 D CCodec  :   int32_t profile = 1
02-22 21:03:50.339 16557 22543 D CCodec  :   int32_t video-qp-average = 0
02-22 21:03:50.339 16557 22543 D CCodec  : }
02-22 21:03:50.339 16557 22543 I CCodecConfig: query failed after returning 15 values (BAD_INDEX)
02-22 21:03:50.342 16557 16649 I studio.screen.sharing: Display 0: configured c2.android.vp8.encoder video size 472x1052 bit_rate 10000000
02-22 21:03:50.342 16557 22543 D CCodec  : input format changed to AMessage(what = 0x00000000) = {
02-22 21:03:50.342 16557 22543 D CCodec  :   Rect crop(0, 0, 471, 1051)
02-22 21:03:50.342 16557 22543 D CCodec  :   int32_t color-standard = 4
02-22 21:03:50.342 16557 22543 D CCodec  :   int32_t color-range = 2
02-22 21:03:50.342 16557 22543 D CCodec  :   int32_t color-transfer = 3
02-22 21:03:50.342 16557 22543 D CCodec  :   int32_t frame-rate = 60
02-22 21:03:50.342 16557 22543 D CCodec  :   int32_t height = 1052
02-22 21:03:50.342 16557 22543 D CCodec  :   int32_t intra-refresh-period = 0
02-22 21:03:50.342 16557 22543 D CCodec  :   string mime = "video/raw"
02-22 21:03:50.342 16557 22543 D CCodec  :   int32_t video-qp-average = 0
02-22 21:03:50.342 16557 22543 D CCodec  :   int32_t width = 472
02-22 21:03:50.342 16557 22543 D CCodec  :   int32_t android._dataspace = 259
02-22 21:03:50.342 16557 22543 D CCodec  :   int32_t using-sw-read-often = 1
02-22 21:03:50.342 16557 22543 D CCodec  :   int64_t android._C2MemoryUsage = 1
02-22 21:03:50.342 16557 22543 D CCodec  :   int32_t color-format = 2130708361
02-22 21:03:50.342 16557 22543 D CCodec  :   int32_t android._color-format = 2130708361
02-22 21:03:50.342 16557 22543 D CCodec  : }
02-22 21:03:50.342 16557 22543 D GraphicBufferSource: setting dataspace: 0x103, acquired=0 consumerUsage: 0x10003
