02-22 20:55:56.121  8893  8927 I JobRunner: [JOB::240c1b1b-645a-404e-bfab-978202f4b040][StorageSyncJob][JobRunner-Core-1] Running job. (Time Since Submission: 20 ms, Lifespan: 86400000 ms, Run Attempt: 1/3, Queue: StorageSyncingJobs)
02-22 20:55:56.122  8893  8927 I JobRunner: JobRunner-Rsrv-3 started with no idle timeout
02-22 20:55:56.123  8893  8927 I JobRunner: JobRunner-Rsrv-2 started with no idle timeout
02-22 20:55:56.123  8893  8927 I JobRunner: JobRunner-Core-2 started with no idle timeout
02-22 20:55:56.124  8893  8927 I JobRunner: JobRunner-Core-3 started with no idle timeout
02-22 20:55:56.124  8893  8927 I JobRunner: JobRunner-Core-4 started with no idle timeout
02-22 20:55:56.125  8893  8927 I JobRunner: JobRunner-Rsrv-1 started with no idle timeout
02-22 20:55:56.133  8893  8942 I SQLiteConnection: Database keying operation returned:0
02-22 20:55:56.142  8893  8930 D CompatibilityChangeReporter: Compat change id reported: 194532703; UID 10246; state: ENABLED
02-22 20:55:56.143  8893  8927 V SignalWebSocketHealthMo: [libsignal-auth:68769897] onStateChange(CONNECTING)
02-22 20:55:56.144  8893  8930 D CompatibilityChangeReporter: Compat change id reported: 253665015; UID 10246; state: ENABLED
02-22 20:55:56.144  8893  8927 V SignalWebSocketHealthMo: [libsignal-unauth:34253729] onStateChange(CONNECTING)
02-22 20:55:56.144  8893  8927 I JobSchedulerScheduler: JobScheduler enqueue of NETWORK (-1733499378)
02-22 20:55:56.154  8893  8927 D EmojiFiles: Verifying all name files exist.
02-22 20:55:56.154  8893  8927 I libsignal: rust/net/infra/src/route/connect/logging.rs:64: [unauthenticated 0 V6] TCP connection attempt started
02-22 20:55:56.165  8893  8949 I SQLiteConnection: Database keying operation returned:0
02-22 20:55:56.169  8893  8927 I libsignal: rust/net/infra/src/route/connect/logging.rs:64: [authenticated 0 V6] TCP connection attempt started
02-22 20:55:56.173  8893  8927 I JobSchedulerScheduler: Waking due to job: -1733499378
02-22 20:55:56.180  8893  8927 I libsignal: rust/net/infra/src/route/connect/logging.rs:64: [unauthenticated 0 V6] TLS connection attempt started
02-22 20:55:56.182  8893  8927 D EmojiFiles: All names exist? true
02-22 20:55:56.185  8893  9022 I SQLiteConnection: Database keying operation returned:0
02-22 20:55:56.203  8893  8927 I ApplicationContext: Deleted 0 abandoned attachments.
02-22 20:55:56.206  8893  8927 D PendingRetryReceiptMana: No pending receipts to schedule.
02-22 20:55:56.210  8893  8927 I libsignal: rust/net/infra/src/route/connect/logging.rs:64: [authenticated 0 V6] TLS connection attempt started
02-22 20:55:56.272  5399  5399 D BoundBrokerSvc: onUnbind: Intent { act=com.google.android.gms.feedback.internal.IFeedbackService dat=chimera-action:/... cmp=com.google.android.gms/.chimera.GmsBoundBrokerService }
02-22 20:55:56.392 16559 16559 W Finsky  : [2] STU: Failed to get storage stats for package 'com.android.apex.cts.shim' (1601: Error getting stats: android.content.pm.PackageManager.NameNotFoundException)
02-22 20:55:56.418  8893  8927 I ViewOnceMessageManager: No messages to schedule.
02-22 20:55:56.445  8893  8927 I AppStartup: Assuming the application has started in the background. Running post-render tasks.
02-22 20:55:56.447  8893  8927 D RefreshSvrCredentialsJo: Do not need to refresh credentials. Last refresh: 1771648583541
02-22 20:55:56.449  8893  8927 D EmojiSearchIndexDownloa: Do not need to check. It's been 81429503 ms since the last check.
02-22 20:55:56.450  8893  8927 I RetrieveRemoteAnnouncem: Too soon to check for updated release notes
02-22 20:55:56.451  8893  8927 I AndroidTelecomUtil: Registering phone account
02-22 20:55:56.458  8893  8927 I Job     : [JOB::73f0d709-f230-45f8-b642-d41f2e493d8f][FontDownloaderJob] onSubmit() (Time Since Submission: 4 ms, Lifespan: 2592000000 ms, Run Attempt: 1/Unlimited, Queue: null)
02-22 20:55:56.462  8893  8927 I JobRunner: [JOB::73f0d709-f230-45f8-b642-d41f2e493d8f][FontDownloaderJob][JobRunner-Core-3] Running job. (Time Since Submission: 7 ms, Lifespan: 2592000000 ms, Run Attempt: 1/Unlimited, Queue: null)
02-22 20:55:56.464  8893  8927 D GroupV2UpdateSelfProfil: Too soon. Last check was 16781283 ms ago.
02-22 20:55:56.465  8893  8927 I StoryOnboardingDownload: Skipping because user has already viewed the onboarding story or it is already downloaded
02-22 20:55:56.482 16559 16559 W Finsky  : [2] STU: Failed to get storage stats for package 'com.google.android.appsearch' (1601: Error getting stats: android.content.pm.PackageManager.NameNotFoundException)
02-22 20:55:56.485  8893  8927 D Fonts   : Getting Script for Latn
02-22 20:55:56.489  8893  8927 I AndroidTelecomUtil: Phone account registered successfully
02-22 20:55:56.497  8893  8927 I Job     : [JOB::47aad5c6-819e-4c1e-9995-999046036573][GroupRingCleanupJob] onSubmit() (Time Since Submission: 9 ms, Lifespan: 3600000 ms, Run Attempt: 1/1, Queue: GroupRingCleanupJob)
02-22 20:55:56.498 16559 16559 W Finsky  : [2] STU: Failed to get storage stats for package 'com.google.android.art' (1601: Error getting stats: android.content.pm.PackageManager.NameNotFoundException)
02-22 20:55:56.504  8893  8927 I JobRunner: [JOB::47aad5c6-819e-4c1e-9995-999046036573][GroupRingCleanupJob][JobRunner-Core-2] Running job. (Time Since Submission: 15 ms, Lifespan: 3600000 ms, Run Attempt: 1/1, Queue: GroupRingCleanupJob)
02-22 20:55:56.524  8893  8927 I JobRunner: [JOB::47aad5c6-819e-4c1e-9995-999046036573][GroupRingCleanupJob][JobRunner-Core-2] Job finished with result SUCCESS in 21 ms. (Time Since Submission: 36 ms, Lifespan: 3600000 ms, Run Attempt: 1/1, Queue: GroupRingCleanupJob)
02-22 20:55:56.530 16559 16568 I android.vending: Background young concurrent copying GC freed 16MB AllocSpace bytes, 4(272KB) LOS objects, 54% free, 15MB/33MB, paused 412us,159us total 120.772ms
02-22 20:55:56.534  8893  8927 I JobManager: onConstraintMet(ChargingAndBatteryIsNot)
02-22 20:55:56.534  8893  8927 I JobManager: onConstraintMet(NetworkConstraintObserv)
02-22 20:55:56.574  8893  8927 D LiveRecipientCache: Warming up 12 thread recipients.
02-22 20:55:56.592  8893  8927 I StorageSyncJob: Local manifest is invalid. Fetching remote manifest. (localManifestOutOfDate: true, localManifest.version: 3462, runAttempt: 0)
02-22 20:55:56.594  8893  8927 I LibSignalChatConnection: [sendRequest] Enqueuing request send for after connection
02-22 20:55:56.618 16559 16559 W Finsky  : [2] STU: Failed to get storage stats for package 'com.google.android.mediaprovider' (1601: Error getting stats: android.content.pm.PackageManager.NameNotFoundException)
02-22 20:55:56.624  8893  8927 I libsignal: rust/net/infra/src/route/connect/logging.rs:64: [unauthenticated 0 V6] ws connection attempt started
02-22 20:55:56.654 16559 16559 W Finsky  : [2] STU: Failed to get storage stats for package 'com.android.virt' (1601: Error getting stats: android.content.pm.PackageManager.NameNotFoundException)
02-22 20:55:56.661  8893  8927 I libsignal: rust/net/infra/src/route/connect/logging.rs:64: [authenticated 1 V4] TCP connection attempt started
02-22 20:55:56.665  8893  8927 I libsignal: rust/net/infra/src/route/connect/logging.rs:64: [unauthenticated 1 V4] TCP connection attempt started
02-22 20:55:56.671 16559 16559 W Finsky  : [2] STU: Failed to get storage stats for package 'com.google.android.resolv' (1601: Error getting stats: android.content.pm.PackageManager.NameNotFoundException)
02-22 20:55:56.688  8893  8927 I FontVersion: Timeout interval not exceeded, using what we have.
02-22 20:55:56.688  8893  8930 W AudioCapabilities: Unsupported mime audio/x-ms-wma
02-22 20:55:56.689  8893  8927 I FontVersion: Deleting 0 files
02-22 20:55:56.693  8893  8930 W AudioCapabilities: Unsupported mime audio/x-ms-wma
02-22 20:55:56.693  8893  8930 W AudioCapabilities: Unsupported mime audio/mpeg-L1
02-22 20:55:56.694  8893  8930 W AudioCapabilities: Unsupported mime audio/mpeg-L2
02-22 20:55:56.694  8893  8930 W AudioCapabilities: Unsupported mime audio/mpeg-L1
02-22 20:55:56.694  8893  8930 W AudioCapabilities: Unsupported mime audio/mpeg-L2
02-22 20:55:56.695  8893  8930 W AudioCapabilities: Unsupported mime audio/ra
02-22 20:55:56.695  8893  8930 W AudioCapabilities: Unsupported mime audio/ra
02-22 20:55:56.695  8893  8930 W AudioCapabilities: Unsupported mime audio/alac
02-22 20:55:56.695  8893  8930 W AudioCapabilities: Unsupported mime audio/alac
02-22 20:55:56.696  8893  8930 W AudioCapabilities: Unsupported mime audio/ape
02-22 20:55:56.696  8893  8930 W AudioCapabilities: Unsupported mime audio/x-ape
02-22 20:55:56.696  8893  8930 W AudioCapabilities: Unsupported mime audio/ape
02-22 20:55:56.696  8893  8930 W AudioCapabilities: Unsupported mime audio/x-ape
02-22 20:55:56.697  8893  8930 W AudioCapabilities: Unsupported mime audio/adpcm
02-22 20:55:56.697  8893  8930 W AudioCapabilities: Unsupported mime audio/x-ms-adpcm
02-22 20:55:56.697  8893  8930 W AudioCapabilities: Unsupported mime audio/pcm
02-22 20:55:56.697  8893  8930 W AudioCapabilities: Unsupported mime audio/pcm
02-22 20:55:56.701  8893  8930 W AudioCapabilities: Unsupported mime audio/dsd
02-22 20:55:56.701  8893  8930 W AudioCapabilities: Unsupported mime audio/dsd
02-22 20:55:56.703  8893  8930 W VideoCapabilities: Unsupported mime video/rv
02-22 20:55:56.703  8893  8930 W VideoCapabilities: Unsupported mime video/rv
02-22 20:55:56.703  8893  8930 W VideoCapabilities: Unsupported mime video/x-ms-wmv
02-22 20:55:56.704  8893  8930 W VideoCapabilities: Unsupported mime video/x-ms-wmv2
02-22 20:55:56.704  8893  8930 W VideoCapabilities: Unsupported mime video/x-ms-wmv
02-22 20:55:56.704  8893  8930 W VideoCapabilities: Unsupported mime video/x-ms-wmv2
02-22 20:55:56.705  8893  8930 W VideoCapabilities: Unsupported mime video/divx3
02-22 20:55:56.705  8893  8930 W VideoCapabilities: Unsupported mime video/divx3
02-22 20:55:56.706  8893  8927 I libsignal: rust/net/infra/src/route/connect/logging.rs:64: [authenticated 0 V6] ws connection attempt started
02-22 20:55:56.713  8893  8930 W VideoCapabilities: Unsupported mime video/flv1
02-22 20:55:56.714  8893  8930 W VideoCapabilities: Unsupported mime video/x-flv
02-22 20:55:56.714  8893  8930 W VideoCapabilities: Unsupported mime video/flv1
02-22 20:55:56.714  8893  8930 W VideoCapabilities: Unsupported mime video/x-flv
02-22 20:55:56.715  8893  8930 W VideoCapabilities: Unsupported mime video/mjpeg
02-22 20:55:56.715  8893  8930 W VideoCapabilities: Unsupported mime video/x-motion-jpeg
02-22 20:55:56.715  8893  8930 W VideoCapabilities: Unsupported mime video/mjpeg
02-22 20:55:56.716  8893  8930 W VideoCapabilities: Unsupported mime video/x-motion-jpeg
02-22 20:55:56.739  8893  8930 W VideoCapabilities: Unsupported mime image/vnd.android.heic
02-22 20:55:56.739  8893  8930 W VideoCapabilities: Unsupported mime image/vnd.android.heic
02-22 20:55:56.755  8893  8927 D Fonts   : Loaded manifest.
02-22 20:55:56.756  8893  8927 D Fonts   : Getting Script for LATIN
02-22 20:55:56.756  8893  8927 D Fonts   : Loaded script for locale.
02-22 20:55:56.771 16559 16559 W Finsky  : [2] STU: Failed to get storage stats for package 'com.google.android.configinfrastructure' (1601: Error getting stats: android.content.pm.PackageManager.NameNotFoundException)
02-22 20:55:56.775 16559 16559 W Finsky  : [2] STU: Failed to get storage stats for package 'com.google.android.media' (1601: Error getting stats: android.content.pm.PackageManager.NameNotFoundException)
02-22 20:55:56.816  8893  8927 D Fonts   : Local font version found, returning immediate.
02-22 20:55:56.824  8893  8927 I FontVersion: Timeout interval not exceeded, using what we have.
02-22 20:55:56.825  8893  8927 I FontVersion: Deleting 0 files
02-22 20:55:56.834  8893  8927 D Fonts   : Loaded manifest.
02-22 20:55:56.836  8893  8927 D Fonts   : Getting Script for LATIN
02-22 20:55:56.837  8893  8927 D Fonts   : Loaded script for locale.
02-22 20:55:56.839  8893  8927 D Fonts   : Local font version found, returning immediate.
02-22 20:55:56.839  8893  8927 D LiveRecipientCache: Warmed up 50 contact recipient.
02-22 20:55:56.840  8893  8927 D LiveRecipientCache: [recipient-warm-up] thread: 92, contact: 254, total: 346
02-22 20:55:56.841  8893  8927 I FontVersion: Timeout interval not exceeded, using what we have.
02-22 20:55:56.842  8893  8927 I FontVersion: Deleting 0 files
02-22 20:55:56.843  8893  8927 D Fonts   : Loaded manifest.
02-22 20:55:56.845  8893  8927 D Fonts   : Getting Script for LATIN
02-22 20:55:56.846  8893  8927 D Fonts   : Loaded script for locale.
02-22 20:55:56.848  8893  8927 D Fonts   : Local font version found, returning immediate.
02-22 20:55:56.851  8893  8927 I FontVersion: Timeout interval not exceeded, using what we have.
02-22 20:55:56.852  8893  8927 I FontVersion: Deleting 0 files
02-22 20:55:56.855  8893  8927 D Fonts   : Loaded manifest.
02-22 20:55:56.856  8893  8927 D Fonts   : Getting Script for LATIN
02-22 20:55:56.858  8893  8927 D Fonts   : Loaded script for locale.
02-22 20:55:56.859  8893  8927 D Fonts   : Local font version found, returning immediate.
02-22 20:55:56.860  8893  8927 I FontVersion: Timeout interval not exceeded, using what we have.
02-22 20:55:56.860  8893  8927 I FontVersion: Deleting 0 files
02-22 20:55:56.861  8893  8927 D Fonts   : Loaded manifest.
02-22 20:55:56.862  8893  8927 D Fonts   : Getting Script for LATIN
02-22 20:55:56.862  8893  8927 D Fonts   : Loaded script for locale.
02-22 20:55:56.863  8893  8927 I AnrDetector: Thread shutting down during intervals.
02-22 20:55:56.863  8893  8927 D Fonts   : Local font version found, returning immediate.
02-22 20:55:56.866  8893  8927 I FontDownloaderJob: Already downloaded fonts for locale.
02-22 20:55:56.869  8893  8927 I JobRunner: [JOB::73f0d709-f230-45f8-b642-d41f2e493d8f][FontDownloaderJob][JobRunner-Core-3] Job finished with result SUCCESS in 408 ms. (Time Since Submission: 415 ms, Lifespan: 2592000000 ms, Run Attempt: 1/Unlimited, Queue: null)
02-22 20:55:56.875  8893  8927 I libsignal: rust/net/src/connect_state.rs:556: [unauthenticated] connection through grpc.chat.signal.org:443 (direct) succeeded after 830.338ms
02-22 20:55:56.877  8893  8927 I libsignal: rust/bridge/shared/types/src/net/chat.rs:486: successfully connected unauthenticated chat
02-22 20:55:56.880  8893  8927 I LibSignalChatConnection: [libsignal-unauth:34253729] Connected
02-22 20:55:56.886  8893  8927 V SignalWebSocketHealthMo: [libsignal-unauth:34253729] onStateChange(CONNECTED)
02-22 20:55:56.906  8893  8941 D CompatibilityChangeReporter: Compat change id reported: 288912692; UID 10246; state: DISABLED
02-22 20:55:56.906 16559 16559 W Finsky  : [2] STU: Failed to get storage stats for package 'com.android.vndk.v31' (1601: Error getting stats: android.content.pm.PackageManager.NameNotFoundException)
02-22 20:55:56.910 16559 16559 W Finsky  : [2] STU: Failed to get storage stats for package 'com.android.vndk.v30' (1601: Error getting stats: android.content.pm.PackageManager.NameNotFoundException)
02-22 20:55:56.911 16559 16559 W Finsky  : [2] STU: Failed to get storage stats for package 'com.android.vndk.v33' (1601: Error getting stats: android.content.pm.PackageManager.NameNotFoundException)
02-22 20:55:56.940 16559 16559 W Finsky  : [2] STU: Failed to get storage stats for package 'com.android.vndk.v32' (1601: Error getting stats: android.content.pm.PackageManager.NameNotFoundException)
02-22 20:55:56.941 16559 16559 W Finsky  : [2] STU: Failed to get storage stats for package 'com.android.vndk.v34' (1601: Error getting stats: android.content.pm.PackageManager.NameNotFoundException)
02-22 20:55:56.974  8893  8927 I libsignal: rust/net/src/connect_state.rs:556: [authenticated] connection through chat.signal.org:443 (direct) succeeded after 930.662ms
02-22 20:55:56.975  8893  8927 I libsignal: rust/bridge/shared/types/src/net/chat.rs:486: successfully connected authenticated chat
02-22 20:55:56.980  8893  8927 I LibSignalChatConnection: [libsignal-auth:68769897] Connected
02-22 20:55:56.981  8893  8927 I libsignal: rust/net/src/chat/server_requests.rs:130: received queue empty notification
02-22 20:55:56.984  8893  8927 I LibSignalChatConnection: [libsignal-auth:68769897] queue empty
02-22 20:55:56.985  8893  8927 D IncomingMessageObserver: WebSocket State: CONNECTED
02-22 20:55:56.986  8893  8927 V SignalWebSocketHealthMo: [libsignal-auth:68769897] onStateChange(CONNECTED)
02-22 20:55:56.986  8893  8927 D SignalWebSocketHealthMo: [KeepAliveSender(82080)] started
02-22 20:55:56.987  8893  8927 I IncomingMessageObserver: Decryptions newly-drained.
02-22 20:55:56.987  8893  8927 I JobManager: onConstraintMet(DecryptionsDrainedConst)
02-22 20:55:56.988  8893  8927 D IncomingMessageObserver: [Needs Connection] Network: true, Foreground: false, Time Since Last Interaction: 845 ms (within limit), FCM: true, WS Open or Keep-alives: true, Registered: true, Proxy: false, Force websocket: false
02-22 20:55:56.989  8893  8927 D IncomingMessageObserver: Reading message...
02-22 20:55:57.041 16559 16559 W Finsky  : [2] STU: Failed to get storage stats for package 'com.google.android.sdkext' (1601: Error getting stats: android.content.pm.PackageManager.NameNotFoundException)
02-22 20:55:57.084 16559 16559 W Finsky  : [2] STU: Failed to get storage stats for package 'com.google.android.adservices' (1601: Error getting stats: android.content.pm.PackageManager.NameNotFoundException)
02-22 20:55:57.086 16559 16559 W Finsky  : [2] STU: Failed to get storage stats for package 'com.google.android.tethering' (1601: Error getting stats: android.content.pm.PackageManager.NameNotFoundException)
02-22 20:55:57.185 16559 16559 W Finsky  : [2] STU: Failed to get storage stats for package 'com.android.runtime' (1601: Error getting stats: android.content.pm.PackageManager.NameNotFoundException)
02-22 20:55:57.236 16559 16559 W Finsky  : [2] STU: Failed to get storage stats for package 'com.google.android.cellbroadcast' (1601: Error getting stats: android.content.pm.PackageManager.NameNotFoundException)
02-22 20:55:57.251  8893  8927 D LibSignalChatConnection: [libsignal-auth:68769897] [sendRequest] Success: 200
02-22 20:55:57.382  8893  8927 I ContactsSyncAdapter: There are 27 unknown contacts. Doing a full sync.
02-22 20:55:57.536  8893  8903 I crime.securesms: NativeAlloc concurrent copying GC freed 32MB AllocSpace bytes, 54(4220KB) LOS objects, 49% free, 14MB/28MB, paused 423us,118us total 399.942ms
02-22 20:55:57.610 16559 16559 W Finsky  : [2] STU: Failed to get storage stats for package 'com.google.android.tzdata5' (1601: Error getting stats: android.content.pm.PackageManager.NameNotFoundException)
02-22 20:55:57.657 16559 16559 W Finsky  : [2] STU: Failed to get storage stats for package 'com.google.android.permission' (1601: Error getting stats: android.content.pm.PackageManager.NameNotFoundException)
02-22 20:55:57.957  8893  8927 D StorageServiceSizeLoggi: [GET /v1/storage/manifest/version/3462] Request(size = ‪-1 B‬), Response(code = 204, size = ‪0 B‬)
02-22 20:55:57.960  8893  8927 I StorageSyncJob: Our version: 3462.1, their version: 3462.1
02-22 20:55:57.962  8893  8927 I StorageSyncJob: We are up-to-date with the remote storage state.
02-22 20:55:58.019  8893  8927 I ChatFolderTable: 1 folders have storage ids.
02-22 20:55:58.022  8893  8927 I NotificationProfileTabl: 0 profiles have storage ids.
02-22 20:55:58.025  8893  8927 I StorageSyncJob: ID Difference :: remoteOnly: 0, localOnly: 0, hasTypeMismatches: false
02-22 20:55:58.027  8893  8927 I StorageSyncJob: No remote writes needed. Still at version: 3462.1
02-22 20:55:58.031  8893  8927 D StorageSyncJob: [StorageSync] remote-manifest: 1733, local-data-transaction: 70, known-unknowns: 3, total: 1806
02-22 20:55:58.037  8893  8927 I JobRunner: [JOB::240c1b1b-645a-404e-bfab-978202f4b040][StorageSyncJob][JobRunner-Core-1] Job finished with result SUCCESS in 1928 ms. (Time Since Submission: 1948 ms, Lifespan: 86400000 ms, Run Attempt: 1/3, Queue: StorageSyncingJobs)
02-22 20:55:58.145  8893  8903 I crime.securesms: Background young concurrent copying GC freed 10204KB AllocSpace bytes, 0(0B) LOS objects, 41% free, 16MB/28MB, paused 375us,212us total 143.515ms
02-22 20:55:58.340  8586  9058 D ProfileInstaller: Installing profile for com.facebook.services
02-22 20:55:58.351  5399  5399 D BoundBrokerSvc: onUnbind: Intent { act=com.google.android.gms.safetynet.service.START pkg=com.google.android.gms }
02-22 20:55:58.364  5399  5399 D BoundBrokerSvc: onUnbind: Intent { act=com.google.android.gms.inappreach.service.START dat=chimera-action:/... cmp=com.google.android.gms/.chimera.GmsApiService }
02-22 20:55:58.438  5399  5399 D BoundBrokerSvc: onUnbind: Intent { act=com.google.android.gms.safebrowsing.SafeBrowsingService.START dat=chimera-action:/... cmp=com.google.android.gms/.chimera.GmsBoundBrokerService }
02-22 20:55:58.543  8893  8927 D LibSignalChatConnection: [libsignal-auth:68769897] [sendRequest] Success: 200
02-22 20:55:58.561  8893  8927 I libsignal: rust/net/src/connect_state.rs:517: [cdsi] starting connection attempt with 1 routes
02-22 20:55:58.620  8893  8927 I libsignal: rust/net/infra/src/route/connect/logging.rs:64: [cdsi 0 V6] TCP connection attempt started
02-22 20:55:58.659  8893  8927 D LogDatabase: [trim] keepers-size: 19, binary-search: 2377, delete: 1, total: 2397
02-22 20:55:58.944  8893  8927 I libsignal: rust/net/infra/src/route/connect/logging.rs:64: [cdsi 0 V6] TLS connection attempt started
02-22 20:55:59.127  8893  8927 I libsignal: rust/net/infra/src/route/connect/logging.rs:64: [cdsi 1 V4] TCP connection attempt started
02-22 20:55:59.136  8669  9064 D ProfileInstaller: Installing profile for com.facebook.appmanager
02-22 20:55:59.266  8893  8927 I libsignal: rust/net/infra/src/route/connect/logging.rs:64: [cdsi 0 V6] ws connection attempt started
02-22 20:55:59.458 16417  8726 E FbnsAIDLClientManager: Max Try reached for binding to FbnsAIDLService, threadId 83279
02-22 20:55:59.459 16417  8726 E FbnsAIDLClientManager: Fbns AIDL request got RemoteException
02-22 20:55:59.459 16417  8726 E FbnsAIDLClientManager: android.os.RemoteException: AIDLService is not bound
02-22 20:55:59.459 16417  8726 E FbnsAIDLClientManager: 	at X.9iz.call(Unknown Source:376)
02-22 20:55:59.459 16417  8726 E FbnsAIDLClientManager: 	at java.util.concurrent.FutureTask.run(FutureTask.java:317)
02-22 20:55:59.459 16417  8726 E FbnsAIDLClientManager: 	at java.util.concurrent.ThreadPoolExecutor.runWorker(ThreadPoolExecutor.java:1154)
02-22 20:55:59.459 16417  8726 E FbnsAIDLClientManager: 	at java.util.concurrent.ThreadPoolExecutor$Worker.run(ThreadPoolExecutor.java:652)
02-22 20:55:59.459 16417  8726 E FbnsAIDLClientManager: 	at java.lang.Thread.run(Thread.java:1563)
02-22 20:55:59.541  8893  8927 I libsignal: rust/net/src/connect_state.rs:556: [cdsi] connection through cdsi.signal.org:443 (direct) succeeded after 975.626ms
02-22 20:55:59.553 16559 16559 W Finsky  : [2] STU: Failed to get storage stats for package 'com.google.android.media.swcodec' (1601: Error getting stats: android.content.pm.PackageManager.NameNotFoundException)
02-22 20:55:59.807 16559 16559 W Finsky  : [2] STU: Failed to get storage stats for package 'com.google.android.adbd' (1601: Error getting stats: android.content.pm.PackageManager.NameNotFoundException)
02-22 20:55:59.827 16559 16559 W Finsky  : [2] STU: Failed to get storage stats for package 'com.android.i18n' (1601: Error getting stats: android.content.pm.PackageManager.NameNotFoundException)
02-22 20:55:59.832 16559 16559 W Finsky  : [2] STU: Failed to get storage stats for package 'com.google.android.conscrypt' (1601: Error getting stats: android.content.pm.PackageManager.NameNotFoundException)
02-22 20:55:59.903 16559 16559 W Finsky  : [2] STU: Failed to get storage stats for package 'com.google.android.neuralnetworks' (1601: Error getting stats: android.content.pm.PackageManager.NameNotFoundException)
02-22 20:55:59.923 16559 16559 W Finsky  : [2] STU: Failed to get storage stats for package 'com.google.android.ipsec' (1601: Error getting stats: android.content.pm.PackageManager.NameNotFoundException)
02-22 20:55:59.936 16559 16559 W Finsky  : [2] STU: Failed to get storage stats for package 'com.android.devicelock' (1601: Error getting stats: android.content.pm.PackageManager.NameNotFoundException)
02-22 20:55:59.958 16559 16559 W Finsky  : [2] STU: Failed to get storage stats for package 'com.google.android.ondevicepersonalization' (1601: Error getting stats: android.content.pm.PackageManager.NameNotFoundException)
02-22 20:55:59.973 16559 16559 W Finsky  : [2] STU: Failed to get storage stats for package 'com.google.android.healthfitness' (1601: Error getting stats: android.content.pm.PackageManager.NameNotFoundException)
02-22 20:56:00.025 16559 16559 W Finsky  : [2] STU: Failed to get storage stats for package 'com.android.uwb' (1601: Error getting stats: android.content.pm.PackageManager.NameNotFoundException)
02-22 20:56:00.032 16559 16559 W Finsky  : [2] STU: Failed to get storage stats for package 'com.google.android.extservices' (1601: Error getting stats: android.content.pm.PackageManager.NameNotFoundException)
02-22 20:56:00.099 16559 16559 W Finsky  : [2] STU: Failed to get storage stats for package 'com.google.android.os.statsd' (1601: Error getting stats: android.content.pm.PackageManager.NameNotFoundException)
02-22 20:56:00.125 16559 16559 W Finsky  : [2] STU: Failed to get storage stats for package 'com.android.rkpd' (1601: Error getting stats: android.content.pm.PackageManager.NameNotFoundException)
02-22 20:56:00.141  8893  8927 I libsignal: rust/attest/src/enclave.rs:97: Successfully completed attested connection
02-22 20:56:00.142  8893  8927 I libsignal: rust/net/src/cdsi.rs:322: sending 19090-byte initial request: LookupRequestDebugInfo { new_e164s: 0, prev_e164s: 2181, acis_and_access_keys: 49, token: 65 }
02-22 20:56:00.155 16559 16559 W Finsky  : [2] STU: Failed to get storage stats for package 'com.google.android.scheduling' (1601: Error getting stats: android.content.pm.PackageManager.NameNotFoundException)
02-22 20:56:00.205 16559 16559 I Finsky  : [2] App states replicator found 38 unowned apps
02-22 20:56:00.204  9084  9084 W getenforce: type=1400 audit(0.0:2024800): avc:  denied  { read } for  name="enforce" dev="selinuxfs" ino=4 scontext=u:r:untrusted_app:s0:c103,c256,c512,c768 tcontext=u:object_r:selinuxfs:s0 tclass=file permissive=0 app=com.google.android.apps.nbu.paisa.user
02-22 20:56:00.225 16559 16594 I Finsky  : [81812] Completed 0 account content syncs with 0 successful.
02-22 20:56:00.226 16559 16559 I Finsky  : [2] [ContentSync] Installation state replication succeeded.
02-22 20:56:00.226 16559 16559 I Finsky  : [2] SCH: jobFinished: 12-1. TimeElapsed: 5531ms.
02-22 20:56:00.226 16559 16559 I Finsky  : [2] WM::SCH: Logging work end for 12-1
02-22 20:56:00.239 16559 16595 I Finsky  : [81813] SCH: Scheduling phonesky job Id: 1-1337, CT: 1771767676144, Constraints: [{ L: 43190854, D: 86390854, C: CHARGING_NONE, I: IDLE_NONE, N: NET_ANY, B: BATTERY_ANY }]
02-22 20:56:00.240 16559 16595 I Finsky  : [81813] SCH: Scheduling phonesky job Id: 34-6668, CT: 1771767699162, Constraints: [{ L: 604800000, D: 2458511164, C: CHARGING_NONE, I: IDLE_NONE, N: NET_ANY, B: BATTERY_ANY }]
02-22 20:56:00.240 16559 16595 I Finsky  : [81813] SCH: Scheduling phonesky job Id: 34-6673, CT: 1771767699163, Constraints: [{ L: 604800000, D: 2537780644, C: CHARGING_NONE, I: IDLE_NONE, N: NET_ANY, B: BATTERY_ANY }]
02-22 20:56:00.241 16559 16595 I Finsky  : [81813] SCH: Scheduling phonesky job Id: 34-6678, CT: 1771767699167, Constraints: [{ L: 24980336, D: 1320980336, C: CHARGING_NONE, I: IDLE_NONE, N: NET_ANY, B: BATTERY_ANY }]
02-22 20:56:00.246 16559 16598 I Finsky  : [81816] SCH: Scheduling 1 system job(s)
02-22 20:56:00.246 16559 16598 I Finsky  : [81816] SCH: Scheduling system job Id: 9425, L: 18719257, D: 80106752, C: false, I: false, N: 1
02-22 20:56:00.253 16559  8888 I Finsky  : [81907] SCH: job service finished with id 9419.
02-22 20:56:00.800  8893  8927 D CdsRefreshV2: Token saved!
02-22 20:56:01.029  8893  9141 D ProfileInstaller: Skipping profile installation for org.thoughtcrime.securesms
02-22 20:56:01.521  8893  8927 I libsignal: rust/net/infra/src/ws/connection.rs:379: [cdsi] received a close frame from the server with code Some(Normal)
02-22 20:56:01.525  8893  8927 I libsignal: rust/net/src/cdsi.rs:368: finished CDSI lookup
02-22 20:56:01.533  8893  8927 D CdsRefreshV2: [refreshInternal-v2] Used 0 quota.
02-22 20:56:01.623  8893  8927 D CdsRefreshV2: [refreshInternal-v2] preamble: 5, network-pre-token: 2489, cds-db: 57, network-post-token: 732, rewrite-e164: 1, process-result: 28, get-ids: 48, registered-but-unlisted: 0, update-registered: 13, total: 3372
02-22 20:56:01.627  8893  8927 I Job     : [JOB::e054ffaa-e05b-4a0e-b5f1-3f9df5996639][SyncSystemContactLinksJob] onSubmit() (Time Since Submission: 2 ms, Lifespan: Immortal, Run Attempt: 1/1, Queue: SyncSystemContactLinksJob)
02-22 20:56:01.631  8893  8927 I JobRunner: [JOB::e054ffaa-e05b-4a0e-b5f1-3f9df5996639][SyncSystemContactLinksJob][JobRunner-Core-2] Running job. (Time Since Submission: 4 ms, Lifespan: Immortal, Run Attempt: 1/1, Queue: SyncSystemContactLinksJob)
02-22 20:56:01.633  8893  8927 D ContactDiscovery: Doing a full system contact sync. There are 62 contacts to get info for.
02-22 20:56:01.634  8893  8927 I JobSchedulerScheduler: JobScheduler enqueue of  (0)
02-22 20:56:01.650  8893  8927 I JobSchedulerScheduler: Waking due to job: 0
02-22 20:56:01.827  8893  8927 W SystemContactsRepositor: Skipping phone entry with invalid number!
02-22 20:56:01.828  8893  8927 W SystemContactsRepositor: Skipping phone entry with invalid number!
02-22 20:56:01.829  8893  8927 W SystemContactsRepositor: Skipping phone entry with invalid number!
02-22 20:56:01.830  8893  8927 W SystemContactsRepositor: Skipping phone entry with invalid number!
02-22 20:56:01.831  8893  8927 W SystemContactsRepositor: Skipping phone entry with invalid number!
02-22 20:56:01.832  8893  8927 W SystemContactsRepositor: Skipping phone entry with invalid number!
02-22 20:56:01.833  8893  8927 W SystemContactsRepositor: Skipping phone entry with invalid number!
02-22 20:56:02.052  8893  8903 I crime.securesms: Background concurrent copying GC freed 11MB AllocSpace bytes, 0(0B) LOS objects, 49% free, 10MB/21MB, paused 527us,132us total 217.469ms
02-22 20:56:03.095  8893  8927 W SystemContactsRepositor: Skipping phone entry with invalid number!
02-22 20:56:03.148  8893  8903 I crime.securesms: Background young concurrent copying GC freed 8432KB AllocSpace bytes, 0(0B) LOS objects, 36% free, 13MB/21MB, paused 271us,143us total 123.581ms
02-22 20:56:03.702  8893  8927 W SystemContactsRepositor: Skipping phone entry with invalid number!
02-22 20:56:03.841  8893  8903 I crime.securesms: Background concurrent copying GC freed 8645KB AllocSpace bytes, 0(0B) LOS objects, 49% free, 13MB/26MB, paused 238us,199us total 221.666ms
02-22 20:56:03.860  8893  8927 W SystemContactsRepositor: Skipping phone entry with invalid number!
02-22 20:56:03.944  8893  8927 W SystemContactsRepositor: Skipping phone entry with invalid number!
02-22 20:56:04.016  8893  8927 W SystemContactsRepositor: Skipping phone entry with invalid number!
02-22 20:56:04.746 11810 11927 D WM-SystemJobScheduler: Scheduling work ID 90516213-8db1-428f-836a-3cd2c794d869Job ID 803203
02-22 20:56:04.769 11810 11927 D WM-GreedyScheduler: Starting tracking for 70a37fdb-2c26-4321-a3d9-58bf356887de,90516213-8db1-428f-836a-3cd2c794d869
02-22 20:56:04.772 11810 11810 D WM-SystemJobService: onStartJob for WorkGenerationalId(workSpecId=90516213-8db1-428f-836a-3cd2c794d869, generation=0)
02-22 20:56:04.782 11810 11929 D WM-Processor: Fr5: processing WorkGenerationalId(workSpecId=90516213-8db1-428f-836a-3cd2c794d869, generation=0)
02-22 20:56:04.793 11810 11810 D WM-WorkerWrapper: Starting work for com.whatsapp.xmpp.messaging.XmppLifecycleWorker
02-22 20:56:04.804 11810 11929 D WM-GreedyScheduler: Constraints met: Scheduling work ID WorkGenerationalId(workSpecId=90516213-8db1-428f-836a-3cd2c794d869, generation=0)
02-22 20:56:04.808 11810 11929 D WM-Processor: Work WorkGenerationalId(workSpecId=90516213-8db1-428f-836a-3cd2c794d869, generation=0) is already enqueued for processing
02-22 20:56:04.945  8893  8903 I crime.securesms: Background young concurrent copying GC freed 9846KB AllocSpace bytes, 0(0B) LOS objects, 36% free, 16MB/26MB, paused 260us,108us total 138.079ms
02-22 20:56:05.044  8893  8927 W SystemContactsRepositor: Skipping phone entry with invalid number!
02-22 20:56:05.150  8893  8927 W SystemContactsRepositor: Skipping phone entry with invalid number!
02-22 20:56:05.378  8893  8927 W SystemContactsRepositor: Skipping phone entry with invalid number!
02-22 20:56:05.720  8893  8903 I crime.securesms: Background concurrent copying GC freed 10MB AllocSpace bytes, 0(0B) LOS objects, 49% free, 15MB/30MB, paused 364us,172us total 255.218ms
02-22 20:56:05.850  8893  8927 W SystemContactsRepositor: Skipping phone entry with invalid number!
02-22 20:56:05.967  8893  8927 W SystemContactsRepositor: Skipping phone entry with invalid number!
02-22 20:56:06.108  8893  8927 W SystemContactsRepositor: Skipping phone entry with invalid number!
02-22 20:56:06.187  8893  8927 W SystemContactsRepositor: Skipping phone entry with invalid number!
02-22 20:56:06.278  8893  8927 W SystemContactsRepositor: Skipping phone entry with invalid number!
02-22 20:56:06.914  8893  8927 W SystemContactsRepositor: Skipping phone entry with invalid number!
02-22 20:56:06.955  8893  8903 I crime.securesms: Background young concurrent copying GC freed 11MB AllocSpace bytes, 0(0B) LOS objects, 36% free, 19MB/30MB, paused 402us,114us total 170.488ms
02-22 20:56:07.005  8893  8927 W SystemContactsRepositor: Skipping phone entry with invalid number!
02-22 20:56:07.363  8893  8927 W SystemContactsRepositor: Skipping phone entry with invalid number!
02-22 20:56:07.678  8893  8927 W SystemContactsRepositor: Skipping phone entry with invalid number!
02-22 20:56:07.678  8893  8927 W SystemContactsRepositor: Skipping phone entry with invalid number!
02-22 20:56:07.696  8893  8927 W SystemContactsRepositor: Skipping phone entry with invalid number!
02-22 20:56:07.864  8893  8927 W SystemContactsRepositor: Skipping phone entry with invalid number!
02-22 20:56:07.921  8893  8903 I crime.securesms: Background concurrent copying GC freed 14MB AllocSpace bytes, 0(0B) LOS objects, 50% free, 16MB/33MB, paused 282us,130us total 296.573ms
02-22 20:56:08.001  8893  8927 W SystemContactsRepositor: Skipping phone entry with invalid number!
02-22 20:56:08.627  8893  8927 W SystemContactsRepositor: Skipping phone entry with invalid number!
02-22 20:56:08.686  8893  8927 W SystemContactsRepositor: Skipping phone entry with invalid number!
02-22 20:56:08.945  8893  8927 W SystemContactsRepositor: Skipping phone entry with invalid number!
02-22 20:56:08.959  8893  8927 W SystemContactsRepositor: Skipping phone entry with invalid number!
02-22 20:56:09.011  8893  8927 W SystemContactsRepositor: Skipping phone entry with invalid number!
02-22 20:56:09.056  8893  8927 W SystemContactsRepositor: Skipping phone entry with invalid number!
02-22 20:56:09.141  8893  8927 W SystemContactsRepositor: Skipping phone entry with invalid number!
02-22 20:56:09.213  8893  8927 W SystemContactsRepositor: Skipping phone entry with invalid number!
02-22 20:56:09.366  8893  8927 W SystemContactsRepositor: Skipping phone entry with invalid number!
02-22 20:56:09.423  8893  8903 I crime.securesms: Background young concurrent copying GC freed 12MB AllocSpace bytes, 0(0B) LOS objects, 37% free, 20MB/33MB, paused 332us,230us total 171.112ms
02-22 20:56:09.569  8893  8927 W SystemContactsRepositor: Skipping phone entry with invalid number!
02-22 20:56:10.289  8893  8927 W SystemContactsRepositor: Skipping phone entry with invalid number!
02-22 20:56:10.398  8893  8927 W SystemContactsRepositor: Skipping phone entry with invalid number!
02-22 20:56:10.500  8893  8903 I crime.securesms: Background concurrent copying GC freed 16MB AllocSpace bytes, 0(0B) LOS objects, 49% free, 16MB/33MB, paused 230us,268us total 291.530ms
02-22 20:56:10.642  8893  8927 W SystemContactsRepositor: Skipping phone entry with invalid number!
02-22 20:56:10.872  8893  8927 W SystemContactsRepositor: Skipping phone entry with invalid number!
02-22 20:56:11.168  8893  8927 W SystemContactsRepositor: Skipping phone entry with invalid number!
02-22 20:56:11.189  8893  8927 W SystemContactsRepositor: Skipping phone entry with invalid number!
02-22 20:56:11.363  8893  8927 W SystemContactsRepositor: Skipping phone entry with invalid number!
02-22 20:56:11.724  8669  8689 W book.appmanager: ApkAssets: Deleting an ApkAssets object '<empty> and /data/app/~~IkpgD1feDXjORx-BU0a1HA==/com.whatsapp-3mqh9ahD_YFaR2PiGRT2AA==/base.apk' with 1 weak references
02-22 20:56:11.726  8669  8689 W book.appmanager: ApkAssets: Deleting an ApkAssets object '<empty> and /data/app/~~IkpgD1feDXjORx-BU0a1HA==/com.whatsapp-3mqh9ahD_YFaR2PiGRT2AA==/split_config.arm64_v8a.apk' with 1 weak references
02-22 20:56:11.726  8669  8689 W book.appmanager: ApkAssets: Deleting an ApkAssets object '<empty> and /data/app/~~IkpgD1feDXjORx-BU0a1HA==/com.whatsapp-3mqh9ahD_YFaR2PiGRT2AA==/split_config.xxhdpi.apk' with 1 weak references
02-22 20:56:11.727  8669  8689 W book.appmanager: ApkAssets: Deleting an ApkAssets object '<empty> and /data/app/~~At_lo0-mfNM1XCUxl3Whew==/com.instagram.android-3u5VIw5iZaaPNERze2GTbg==/base.apk' with 1 weak references
02-22 20:56:11.727  8669  8689 W book.appmanager: ApkAssets: Deleting an ApkAssets object '<empty> and /data/app/~~At_lo0-mfNM1XCUxl3Whew==/com.instagram.android-3u5VIw5iZaaPNERze2GTbg==/split_arservicesforpersonsegmentation.apk' with 1 weak references
02-22 20:56:11.727  8669  8689 W book.appmanager: ApkAssets: Deleting an ApkAssets object '<empty> and /data/app/~~At_lo0-mfNM1XCUxl3Whew==/com.instagram.android-3u5VIw5iZaaPNERze2GTbg==/split_config.xxhdpi.apk' with 1 weak references
02-22 20:56:11.728  8669  8689 W book.appmanager: ApkAssets: Deleting an ApkAssets object '<empty> and /data/app/~~At_lo0-mfNM1XCUxl3Whew==/com.instagram.android-3u5VIw5iZaaPNERze2GTbg==/split_executorch.apk' with 1 weak references
02-22 20:56:11.728  8669  8689 W book.appmanager: ApkAssets: Deleting an ApkAssets object '<empty> and /data/app/~~At_lo0-mfNM1XCUxl3Whew==/com.instagram.android-3u5VIw5iZaaPNERze2GTbg==/split_heliumcore.apk' with 1 weak references
02-22 20:56:11.728  8669  8689 W book.appmanager: ApkAssets: Deleting an ApkAssets object '<empty> and /data/app/~~At_lo0-mfNM1XCUxl3Whew==/com.instagram.android-3u5VIw5iZaaPNERze2GTbg==/split_heliumiab.apk' with 1 weak references
02-22 20:56:11.728  8669  8689 W book.appmanager: ApkAssets: Deleting an ApkAssets object '<empty> and /data/app/~~At_lo0-mfNM1XCUxl3Whew==/com.instagram.android-3u5VIw5iZaaPNERze2GTbg==/split_pytorch.apk' with 1 weak references
02-22 20:56:11.728  8669  8689 W book.appmanager: ApkAssets: Deleting an ApkAssets object '<empty> and /data/app/~~At_lo0-mfNM1XCUxl3Whew==/com.instagram.android-3u5VIw5iZaaPNERze2GTbg==/split_slam.apk' with 1 weak references
02-22 20:56:11.728  8669  8689 W book.appmanager: ApkAssets: Deleting an ApkAssets object '<empty> and /data/app/~~At_lo0-mfNM1XCUxl3Whew==/com.instagram.android-3u5VIw5iZaaPNERze2GTbg==/split_spm.apk' with 1 weak references
02-22 20:56:11.748  8893  8927 W SystemContactsRepositor: Skipping phone entry with invalid number!
02-22 20:56:11.896  8893  8903 I crime.securesms: Background young concurrent copying GC freed 12MB AllocSpace bytes, 0(0B) LOS objects, 37% free, 20MB/33MB, paused 353us,110us total 158.815ms
02-22 20:56:11.901  8893  8927 W SystemContactsRepositor: Skipping phone entry with invalid number!
02-22 20:56:11.993  8893  8927 W SystemContactsRepositor: Skipping phone entry with invalid number!
02-22 20:56:11.994  8893  8927 W SystemContactsRepositor: Skipping phone entry with invalid number!
02-22 20:56:11.994  8893  8927 W SystemContactsRepositor: Skipping phone entry with invalid number!
02-22 20:56:12.135  8893  8927 W SystemContactsRepositor: Skipping phone entry with invalid number!
02-22 20:56:12.164  8893  8927 W SystemContactsRepositor: Skipping phone entry with invalid number!
02-22 20:56:12.165  8893  8927 W SystemContactsRepositor: Skipping phone entry with invalid number!
02-22 20:56:12.210  8893  8927 W SystemContactsRepositor: Skipping phone entry with invalid number!
02-22 20:56:12.698  8893  8927 W SystemContactsRepositor: Skipping phone entry with invalid number!
02-22 20:56:12.793  8893  8927 W SystemContactsRepositor: Skipping phone entry with invalid number!
02-22 20:56:12.970  8893  8927 D RecipientTable: [rotateStorageId] updateCount: 0
02-22 20:56:12.971  8893  8927 D RecipientTable: [rotateStorageId] updateCount: 1
02-22 20:56:12.972  8893  8927 D RecipientTable: [rotateStorageId] updateCount: 1
02-22 20:56:12.972  8893  8927 D RecipientTable: [rotateStorageId] updateCount: 1
02-22 20:56:12.973  8893  8927 D RecipientTable: [rotateStorageId] updateCount: 1
02-22 20:56:12.974  8893  8927 D RecipientTable: [rotateStorageId] updateCount: 0
02-22 20:56:12.977  8893  8927 D RecipientTable: [rotateStorageId] updateCount: 1
02-22 20:56:12.978  8893  8927 D RecipientTable: [rotateStorageId] updateCount: 1
02-22 20:56:12.979  8893  8927 D RecipientTable: [rotateStorageId] updateCount: 1
02-22 20:56:12.980  8893  8927 D RecipientTable: [rotateStorageId] updateCount: 1
02-22 20:56:12.980  8893  8927 D RecipientTable: [rotateStorageId] updateCount: 1
02-22 20:56:12.981  8893  8927 D RecipientTable: [rotateStorageId] updateCount: 1
02-22 20:56:12.982  8893  8927 D RecipientTable: [rotateStorageId] updateCount: 1
02-22 20:56:12.983  8893  8927 D RecipientTable: [rotateStorageId] updateCount: 1
02-22 20:56:12.984  8893  8927 D RecipientTable: [rotateStorageId] updateCount: 1
02-22 20:56:12.984  8893  8927 D RecipientTable: [rotateStorageId] updateCount: 1
02-22 20:56:12.985  8893  8927 D RecipientTable: [rotateStorageId] updateCount: 1
02-22 20:56:13.074  8893  8927 I NotificationChannels: Updating contact channel name
02-22 20:56:13.083  8893  8927 D NotificationChannels: ensureCustomChannelConsistency()
02-22 20:56:13.092  8893  8927 I NotificationChannels: Updating contact channel name
02-22 20:56:13.099  8893  8927 D ContactDiscovery: [refresh-all] pre-existing: 7, cds: 4223, contact-sync: 11472, notify: 3, total: 15706
02-22 20:56:13.103  8893  8927 I Job     : [JOB::fa73d916-7e98-4e8a-ba14-ec46536fd01f][StorageSyncJob] onSubmit() (Time Since Submission: 3 ms, Lifespan: 86400000 ms, Run Attempt: 1/3, Queue: StorageSyncingJobs)
02-22 20:56:13.105  8893  8927 I JobSchedulerScheduler: JobScheduler enqueue of NETWORK (-1733499378)
02-22 20:56:13.107  8893  8927 I JobRunner: [JOB::fa73d916-7e98-4e8a-ba14-ec46536fd01f][StorageSyncJob][JobRunner-Core-1] Running job. (Time Since Submission: 6 ms, Lifespan: 86400000 ms, Run Attempt: 1/3, Queue: StorageSyncingJobs)
02-22 20:56:13.111  8893  8927 I StorageSyncJob: Local manifest is potentially valid. Using it in place of fetching the remote manifest.
02-22 20:56:13.114  8893  8927 I StorageSyncJob: Our version: 3462.1, their version: 3462.1
02-22 20:56:13.114  8893  8927 I StorageSyncJob: We are up-to-date with the remote storage state.
02-22 20:56:13.125  8893  8927 I JobSchedulerScheduler: Waking due to job: -1733499378
02-22 20:56:13.177  8893  8903 I crime.securesms: Background concurrent copying GC freed 16MB AllocSpace bytes, 0(0B) LOS objects, 50% free, 15MB/31MB, paused 288us,101us total 297.811ms
02-22 20:56:13.253  8893  8927 W SystemContactsRepositor: Skipping phone entry with invalid number!
02-22 20:56:13.253  8893  8927 W SystemContactsRepositor: Skipping phone entry with invalid number!
02-22 20:56:13.254  8893  8927 W SystemContactsRepositor: Skipping phone entry with invalid number!
02-22 20:56:13.254  8893  8927 W SystemContactsRepositor: Skipping phone entry with invalid number!
02-22 20:56:13.255  8893  8927 W SystemContactsRepositor: Skipping phone entry with invalid number!
02-22 20:56:13.255  8893  8927 W SystemContactsRepositor: Skipping phone entry with invalid number!
02-22 20:56:13.256  8893  8927 W SystemContactsRepositor: Skipping phone entry with invalid number!
02-22 20:56:14.196  8893  8927 W SystemContactsRepositor: Skipping phone entry with invalid number!
02-22 20:56:14.603  8893  8903 I crime.securesms: Background young concurrent copying GC freed 11MB AllocSpace bytes, 0(0B) LOS objects, 35% free, 20MB/31MB, paused 260us,176us total 195.727ms
02-22 20:56:14.801  8893  8927 W SystemContactsRepositor: Skipping phone entry with invalid number!
02-22 20:56:14.915  8893  8927 W SystemContactsRepositor: Skipping phone entry with invalid number!
02-22 20:56:14.988  8893  8927 W SystemContactsRepositor: Skipping phone entry with invalid number!
02-22 20:56:15.056  8893  8927 W SystemContactsRepositor: Skipping phone entry with invalid number!
02-22 20:56:15.494  8893  8903 I crime.securesms: Background concurrent copying GC freed 15MB AllocSpace bytes, 0(0B) LOS objects, 49% free, 16MB/33MB, paused 345us,189us total 296.897ms
02-22 20:56:15.979  8893  8927 W SystemContactsRepositor: Skipping phone entry with invalid number!
02-22 20:56:16.080  8893  8927 W SystemContactsRepositor: Skipping phone entry with invalid number!
02-22 20:56:16.297  8893  8927 W SystemContactsRepositor: Skipping phone entry with invalid number!
02-22 20:56:16.708  8893  8903 I crime.securesms: Background young concurrent copying GC freed 12MB AllocSpace bytes, 0(0B) LOS objects, 37% free, 20MB/33MB, paused 291us,95us total 166.427ms
02-22 20:56:16.760  8893  8927 W SystemContactsRepositor: Skipping phone entry with invalid number!
02-22 20:56:16.881  8893  8927 W SystemContactsRepositor: Skipping phone entry with invalid number!
02-22 20:56:17.021  8893  8927 W SystemContactsRepositor: Skipping phone entry with invalid number!
02-22 20:56:17.101  8893  8927 W SystemContactsRepositor: Skipping phone entry with invalid number!
02-22 20:56:17.192  8893  8927 W SystemContactsRepositor: Skipping phone entry with invalid number!
02-22 20:56:17.711  8893  8903 I crime.securesms: Background concurrent copying GC freed 16MB AllocSpace bytes, 0(0B) LOS objects, 50% free, 16MB/33MB, paused 252us,103us total 288.385ms
02-22 20:56:17.784  9698  9698 W getprop : type=1400 audit(0.0:2024856): avc:  denied  { open } for  path="/dev/__properties__/u:object_r:vendor_camera_software_moonlight_prop:s0" dev="tmpfs" ino=1579 scontext=u:r:shell:s0 tcontext=u:object_r:vendor_camera_software_moonlight_prop:s0 tclass=file permissive=0
02-22 20:56:17.821  8893  8927 W SystemContactsRepositor: Skipping phone entry with invalid number!
02-22 20:56:17.876  8893  8927 W SystemContactsRepositor: Skipping phone entry with invalid number!
02-22 20:56:18.181  8893  8927 W SystemContactsRepositor: Skipping phone entry with invalid number!
02-22 20:56:18.477  8893  8927 W SystemContactsRepositor: Skipping phone entry with invalid number!
02-22 20:56:18.477  8893  8927 W SystemContactsRepositor: Skipping phone entry with invalid number!
02-22 20:56:18.494  8893  8927 W SystemContactsRepositor: Skipping phone entry with invalid number!
02-22 20:56:18.642  8893  8927 W SystemContactsRepositor: Skipping phone entry with invalid number!
02-22 20:56:18.740  8893  8927 W SystemContactsRepositor: Skipping phone entry with invalid number!
02-22 20:56:18.936  8893  8903 I crime.securesms: Background young concurrent copying GC freed 12MB AllocSpace bytes, 0(0B) LOS objects, 41% free, 19MB/33MB, paused 295us,95us total 154.130ms
02-22 20:56:18.944  9388  9388 D BoundBrokerSvc: onUnbind: Intent { act=com.google.android.gms.libs.gmscorelogger.service.START dat=chimera-action:/... cmp=com.google.android.gms/.chimera.PersistentDirectBootAwareApiService }
02-22 20:56:19.380  8893  8927 W SystemContactsRepositor: Skipping phone entry with invalid number!
02-22 20:56:19.441  8893  8927 W SystemContactsRepositor: Skipping phone entry with invalid number!
02-22 20:56:19.723  8893  8927 W SystemContactsRepositor: Skipping phone entry with invalid number!
02-22 20:56:19.738  8893  8927 W SystemContactsRepositor: Skipping phone entry with invalid number!
02-22 20:56:19.790  8893  8927 W SystemContactsRepositor: Skipping phone entry with invalid number!
02-22 20:56:19.838  8893  8927 W SystemContactsRepositor: Skipping phone entry with invalid number!
02-22 20:56:19.928  8893  8927 W SystemContactsRepositor: Skipping phone entry with invalid number!
02-22 20:56:20.005  8893  8927 W SystemContactsRepositor: Skipping phone entry with invalid number!
02-22 20:56:20.145  8893  8927 W SystemContactsRepositor: Skipping phone entry with invalid number!
02-22 20:56:20.306  8893  8927 W SystemContactsRepositor: Skipping phone entry with invalid number!
02-22 20:56:20.350  8893  8903 I crime.securesms: Background concurrent copying GC freed 18MB AllocSpace bytes, 0(0B) LOS objects, 49% free, 17MB/34MB, paused 290us,109us total 305.806ms
02-22 20:56:20.920  9764  9764 W getprop : type=1400 audit(0.0:2024872): avc:  denied  { read } for  name="u:object_r:system_adbd_prop:s0" dev="tmpfs" ino=1534 scontext=u:r:untrusted_app:s0:c103,c256,c512,c768 tcontext=u:object_r:system_adbd_prop:s0 tclass=file permissive=0 app=com.google.android.apps.nbu.paisa.user
02-22 20:56:20.925  9764  9764 W libc    : Access denied finding property "persist.adb.tls_server.enable"
02-22 20:56:21.044  8893  8927 W SystemContactsRepositor: Skipping phone entry with invalid number!
02-22 20:56:21.137  8893  8927 W SystemContactsRepositor: Skipping phone entry with invalid number!
