02-22 20:55:42.309 18007 18007 W chromium: [WARNING:android_webview/browser/network_service/net_helpers.cc:137] HTTP Cache size is: 20971520
02-22 20:55:42.345 16559 16579 I Finsky  : [81798] Stats for Executor: GrpcBackgroundExecutor uww@a556bd8[Running, pool size = 1, active threads = 0, queued tasks = 0, completed tasks = 1]
02-22 20:55:42.399 18007 18007 D CompatibilityChangeReporter: Compat change id reported: 214741472; UID 10066; state: ENABLED
02-22 20:55:42.424 18007 18007 D CompatibilityChangeReporter: Compat change id reported: 171228096; UID 10066; state: ENABLED
02-22 20:55:42.518  5399  5399 D BoundBrokerSvc: onBind: Intent { act=com.google.android.gms.safebrowsing.SafeBrowsingService.START dat=chimera-action:/... cmp=com.google.android.gms/.chimera.GmsBoundBrokerService }
02-22 20:55:42.519  5399  5399 D BoundBrokerSvc: Loading bound service for intent: Intent { act=com.google.android.gms.safebrowsing.SafeBrowsingService.START dat=chimera-action:/... cmp=com.google.android.gms/.chimera.GmsBoundBrokerService }
02-22 20:55:42.628  5399 18896 I Icing   : Indexing com.google.android.gms-apps from com.google.android.gms
02-22 20:55:42.658 18007  8150 D CompatibilityChangeReporter: Compat change id reported: 247079863; UID 10066; state: ENABLED
02-22 20:55:42.701 18007  8156 W cr_media: BLUETOOTH_CONNECT permission is missing.
02-22 20:55:42.703 18007  8156 W cr_media: getBluetoothAdapter() requires BLUETOOTH permission
02-22 20:55:42.703 18007  8156 W cr_media: registerBluetoothIntentsIfNeeded: Requires BLUETOOTH permission
02-22 20:55:42.724 18007 18007 D CompatibilityChangeReporter: Compat change id reported: 237531167; UID 10066; state: DISABLED
02-22 20:55:42.730 18007 18007 W OpenGLRenderer: Unknown dataspace 0
02-22 20:55:42.760 18007 18007 I Choreographer: Skipped 55 frames!  The application may be doing too much work on its main thread.
02-22 20:55:42.790 18007  8247 I CameraManagerGlobal: Connecting to camera service
02-22 20:55:42.793 18007  8156 W AidlConversionCppNdk: aidl2legacy_AudioChannelLayout_audio_channel_mask_t: no legacy output audio_channel_mask_t found for AudioChannelLayout{layoutMask: 16}
02-22 20:55:42.806 18007 18007 D CompatibilityChangeReporter: Compat change id reported: 193247900; UID 10066; state: ENABLED
02-22 20:55:42.809  1443  4521 D BatteryStatsService: notePemString  noteWhich: 49,arg1: 0, arg2: 0, arg3: 18007, arg4: 1, name: com.example.instatracker
02-22 20:55:42.840 18007  8229 D vulkan  : searching for layers in '/data/app/~~RbsTG8nlC0CyackUG_musQ==/com.example.instatracker-t545Z4iqsiEfE8KdNR4_XQ==/lib/arm64'
02-22 20:55:42.840 18007  8229 D vulkan  : searching for layers in '/data/app/~~RbsTG8nlC0CyackUG_musQ==/com.example.instatracker-t545Z4iqsiEfE8KdNR4_XQ==/base.apk!/lib/arm64-v8a'
02-22 20:55:42.861 18007 18007 W libc    : Access denied finding property "vendor.display.enable_optimal_refresh_rate"
02-22 20:55:42.856 18007 18007 W le.instatracker: type=1400 audit(0.0:2024531): avc:  denied  { read } for  name="u:object_r:vendor_display_prop:s0" dev="tmpfs" ino=1608 scontext=u:r:untrusted_app:s0:c66,c256,c512,c768 tcontext=u:object_r:vendor_display_prop:s0 tclass=file permissive=0 app=com.example.instatracker
02-22 20:55:42.872 18007  8087 I AdrenoGLES-0: QUALCOMM build                   : c263890aed, Ifb496a9c37
02-22 20:55:42.872 18007  8087 I AdrenoGLES-0: Build Date                       : 06/27/22
02-22 20:55:42.872 18007  8087 I AdrenoGLES-0: OpenGL ES Shader Compiler Version: EV031.35.01.12
02-22 20:55:42.872 18007  8087 I AdrenoGLES-0: Local Branch                     : 
02-22 20:55:42.872 18007  8087 I AdrenoGLES-0: Remote Branch                    : 
02-22 20:55:42.872 18007  8087 I AdrenoGLES-0: Remote Branch                    : 
02-22 20:55:42.872 18007  8087 I AdrenoGLES-0: Reconstruct Branch               : 
02-22 20:55:42.873 18007  8087 I AdrenoGLES-0: Build Config                     : S P 10.0.7 AArch64
02-22 20:55:42.873 18007  8087 I AdrenoGLES-0: Driver Path                      : /vendor/lib64/egl/libGLESv2_adreno.so
02-22 20:55:42.886 18007  8087 I AdrenoGLES-0: PFP: 0x016ee201, ME: 0x00000000
02-22 20:55:42.923 18007  8229 I AdrenoVK-0: ===== BEGIN DUMP OF OVERRIDDEN SETTINGS =====
02-22 20:55:42.923 18007  8229 I AdrenoVK-0: ===== END DUMP OF OVERRIDDEN SETTINGS =====
02-22 20:55:42.928 18007  8229 I AdrenoVK-0: QUALCOMM build          : c263890aed, Ifb496a9c37
02-22 20:55:42.928 18007  8229 I AdrenoVK-0: Build Date              : 06/27/22
02-22 20:55:42.928 18007  8229 I AdrenoVK-0: Shader Compiler Version : EV031.35.01.12
02-22 20:55:42.928 18007  8229 I AdrenoVK-0: Local Branch            : 
02-22 20:55:42.928 18007  8229 I AdrenoVK-0: Remote Branch           : 
02-22 20:55:42.928 18007  8229 I AdrenoVK-0: Remote Branch           : 
02-22 20:55:42.928 18007  8229 I AdrenoVK-0: Reconstruct Branch      : 
02-22 20:55:42.928 18007  8229 I AdrenoVK-0: Build Config            : S P 10.0.7 AArch64
02-22 20:55:42.930 18007  8229 I AdrenoVK-0: Driver Path             : /vendor/lib64/hw/vulkan.adreno.so
02-22 20:55:42.941  5399 18896 I Icing   : Indexing done com.google.android.gms-apps
02-22 20:55:42.940 18007 18007 W RenderThread: type=1400 audit(0.0:2024532): avc:  denied  { search } for  name="vivo-common" dev="dm-50" ino=21 scontext=u:r:untrusted_app:s0:c66,c256,c512,c768 tcontext=u:object_r:vivo_data_file:s0 tclass=dir permissive=0 app=com.example.instatracker
02-22 20:55:42.952 18007  8087 E OpenGLRenderer: Unable to match the desired swap behavior.
02-22 20:55:43.063  6107  6118 I ogle.android.as: Background young concurrent copying GC freed 6171KB AllocSpace bytes, 0(0B) LOS objects, 56% free, 4926KB/11MB, paused 220us,65us total 790.982ms
02-22 20:55:43.074 18007 18007 V ImeFocusController: onWindowFocus: DecorView@b045ff3[MainActivity] softInputMode=STATE_UNSPECIFIED|ADJUST_RESIZE|IS_FORWARD_NAVIGATION
02-22 20:55:43.075 18007  8053 I OpenGLRenderer: Davey! duration=1194ms; Flags=1, FrameTimelineVsyncId=48974632, IntendedVsync=224389818084998, Vsync=224390734751628, InputEventId=0, HandleInputStart=224390736393825, AnimationStart=224390736439345, PerformTraversalsStart=224390775155387, DrawStart=224390927214762, FrameDeadline=224389834751664, FrameInterval=224390734916637, FrameStartTime=16666666, SyncQueued=224390961245752, SyncStart=224390961375804, IssueDrawCommandsStart=224390979773356, SwapBuffers=224391010490491, FrameCompleted=224391012818356, DequeueBufferDuration=18020, QueueBufferDuration=747604, GpuCompleted=224391012818356, SwapBuffersCompleted=224391012198304, DisplayPresentTime=0, CommandSubmissionCompleted=224391010490491, 
02-22 20:55:43.106  6034  6034 I GoogleInputMethodService: GoogleInputMethodService.onFinishInput():2113 
02-22 20:55:43.107  6034  6034 I Module  : DeviceLockedStatusModuleProvider$Module.updateDeviceLockedStatus():103 repeatCheckTimes = 0, locked = false
02-22 20:55:43.107  6034  6034 I GoogleInputMethodService: GoogleInputMethodService.onStartInput():1384 onStartInput(EditorInfo{EditorInfo{packageName=com.example.instatracker, inputType=0, inputTypeString=NULL, enableLearning=false, autoCorrection=false, autoComplete=false, imeOptions=0, privateImeOptions=null, actionName=UNSPECIFIED, actionLabel=null, initialSelStart=-1, initialSelEnd=-1, initialCapsMode=0, label=null, fieldId=0, fieldName=null, extras=null, hintText=null, hintLocales=[]}}, false)
02-22 20:55:43.108  6034  6034 I Module  : DeviceLockedStatusModuleProvider$Module.updateDeviceLockedStatus():103 repeatCheckTimes = 1, locked = false
02-22 20:55:43.150  1443  1764 I ActivityTaskManager: Displayed com.example.instatracker/.MainActivity for user 0: +2s119ms
02-22 20:55:43.207  8800  8800 I bqwu    : onStop
02-22 20:55:43.211  9388  9608 I FontLog : (REDACTED) Received query %s, URI %s
02-22 20:55:43.211  9388  9608 I FontLog : (REDACTED) Query [%s] resolved to %s
02-22 20:55:43.221  9388  9608 I FontLog : (REDACTED) Fetch %s end status %s
02-22 20:55:43.225  9388  9876 I FontLog : (REDACTED) Pulling font file for id = %d, cache size = %d
02-22 20:55:43.240  9388  9608 I FontLog : (REDACTED) Pulling font file for id = %d, cache size = %d
02-22 20:55:43.343 18007  8270 D nativeloader: Load /data/app/~~RbsTG8nlC0CyackUG_musQ==/com.example.instatracker-t545Z4iqsiEfE8KdNR4_XQ==/base.apk!/lib/arm64-v8a/libcrypto_chaquopy.so using class loader ns clns-4 (caller=/data/app/~~RbsTG8nlC0CyackUG_musQ==/com.example.instatracker-t545Z4iqsiEfE8KdNR4_XQ==/base.apk): ok
02-22 20:55:43.363 18007  8270 D nativeloader: Load /data/app/~~RbsTG8nlC0CyackUG_musQ==/com.example.instatracker-t545Z4iqsiEfE8KdNR4_XQ==/base.apk!/lib/arm64-v8a/libssl_chaquopy.so using class loader ns clns-4 (caller=/data/app/~~RbsTG8nlC0CyackUG_musQ==/com.example.instatracker-t545Z4iqsiEfE8KdNR4_XQ==/base.apk): ok
02-22 20:55:43.364 18007  8270 D nativeloader: Load /data/app/~~RbsTG8nlC0CyackUG_musQ==/com.example.instatracker-t545Z4iqsiEfE8KdNR4_XQ==/base.apk!/lib/arm64-v8a/libsqlite3_chaquopy.so using class loader ns clns-4 (caller=/data/app/~~RbsTG8nlC0CyackUG_musQ==/com.example.instatracker-t545Z4iqsiEfE8KdNR4_XQ==/base.apk): ok
02-22 20:55:43.381 18007  8270 D nativeloader: Load /data/app/~~RbsTG8nlC0CyackUG_musQ==/com.example.instatracker-t545Z4iqsiEfE8KdNR4_XQ==/base.apk!/lib/arm64-v8a/libpython3.8.so using class loader ns clns-4 (caller=/data/app/~~RbsTG8nlC0CyackUG_musQ==/com.example.instatracker-t545Z4iqsiEfE8KdNR4_XQ==/base.apk): ok
02-22 20:55:43.383 18007  8270 D nativeloader: Load /data/app/~~RbsTG8nlC0CyackUG_musQ==/com.example.instatracker-t545Z4iqsiEfE8KdNR4_XQ==/base.apk!/lib/arm64-v8a/libchaquopy_java.so using class loader ns clns-4 (caller=/data/app/~~RbsTG8nlC0CyackUG_musQ==/com.example.instatracker-t545Z4iqsiEfE8KdNR4_XQ==/base.apk): ok
02-22 20:55:43.400  5399  8291 I FSA2_GmsContactsSyncAdapter: @onPerformSync
02-22 20:55:43.690  5399  8291 W FSA2_ContactsSyncAdapter: @onPerformSync Sync started
02-22 20:55:43.761  9388  9606 I FontLog : (REDACTED) Received query %s, URI %s
02-22 20:55:43.761  9388  9606 I FontLog : (REDACTED) Query [%s] resolved to %s
02-22 20:55:43.762  9388  9606 I FontLog : (REDACTED) Font PFD returned from cache for %s
02-22 20:55:43.762  9388  9606 I FontLog : (REDACTED) Fetch %s end status %s
02-22 20:55:43.766  9388  9606 I FontLog : (REDACTED) Pulling font file for id = %d, cache size = %d
02-22 20:55:43.773  9388  9606 I FontLog : (REDACTED) Received query %s, URI %s
02-22 20:55:43.774  9388  9606 I FontLog : (REDACTED) Query [%s] resolved to %s
02-22 20:55:43.776  9388  9606 I FontLog : (REDACTED) Fetch %s end status %s
02-22 20:55:43.781  9388  9606 I FontLog : (REDACTED) Pulling font file for id = %d, cache size = %d
02-22 20:55:43.789  9388  9606 I FontLog : (REDACTED) Received query %s, URI %s
02-22 20:55:43.789  9388  9606 I FontLog : (REDACTED) Query [%s] resolved to %s
02-22 20:55:43.790  9388  9606 I FontLog : (REDACTED) Font PFD returned from cache for %s
02-22 20:55:43.790  9388  9606 I FontLog : (REDACTED) Fetch %s end status %s
02-22 20:55:43.794  9388  9606 I FontLog : (REDACTED) Pulling font file for id = %d, cache size = %d
02-22 20:55:43.800  9388  9606 I FontLog : (REDACTED) Received query %s, URI %s
02-22 20:55:43.800  9388  9606 I FontLog : (REDACTED) Query [%s] resolved to %s
02-22 20:55:43.801  9388  9606 I FontLog : (REDACTED) Font PFD returned from cache for %s
02-22 20:55:43.801  9388  9606 I FontLog : (REDACTED) Fetch %s end status %s
02-22 20:55:43.803  9388  9606 I FontLog : (REDACTED) Pulling font file for id = %d, cache size = %d
02-22 20:55:43.808  9388  9606 I FontLog : (REDACTED) Received query %s, URI %s
02-22 20:55:43.808  9388  9606 I FontLog : (REDACTED) Query [%s] resolved to %s
02-22 20:55:43.809  9388  9606 I FontLog : (REDACTED) Font PFD returned from cache for %s
02-22 20:55:43.809  9388  9606 I FontLog : (REDACTED) Fetch %s end status %s
02-22 20:55:43.812  9388  9606 I FontLog : (REDACTED) Pulling font file for id = %d, cache size = %d
02-22 20:55:43.923 18007  8173 W AudioCapabilities: Unsupported mime audio/x-ms-wma
02-22 20:55:43.924 18007 18007 W pool-2-thread-1: type=1400 audit(0.0:2024546): avc:  granted  { execute } for  path="/data/data/com.example.instatracker/files/chaquopy/bootstrap-native/arm64-v8a/math.so" dev="dm-50" ino=2251488 scontext=u:r:untrusted_app:s0:c66,c256,c512,c768 tcontext=u:object_r:app_data_file:s0:c66,c256,c512,c768 tclass=file app=com.example.instatracker
02-22 20:55:43.928  5399  8291 W ChimeraUtils: Module com.google.android.gms.people missing resource null(0)
02-22 20:55:43.924 18007 18007 W pool-2-thread-1: type=1400 audit(0.0:2024547): avc:  granted  { execute } for  path="/data/data/com.example.instatracker/files/chaquopy/bootstrap-native/arm64-v8a/_datetime.so" dev="dm-50" ino=2182160 scontext=u:r:untrusted_app:s0:c66,c256,c512,c768 tcontext=u:object_r:app_data_file:s0:c66,c256,c512,c768 tclass=file app=com.example.instatracker
02-22 20:55:43.931 18007  8173 W AudioCapabilities: Unsupported mime audio/x-ms-wma
02-22 20:55:43.935 18007  8173 W AudioCapabilities: Unsupported mime audio/mpeg-L1
02-22 20:55:43.937 18007  8173 W AudioCapabilities: Unsupported mime audio/mpeg-L2
02-22 20:55:43.940 18007  8173 W AudioCapabilities: Unsupported mime audio/mpeg-L1
02-22 20:55:43.943 18007  8173 W AudioCapabilities: Unsupported mime audio/mpeg-L2
02-22 20:55:43.946 18007  8173 W AudioCapabilities: Unsupported mime audio/ra
02-22 20:55:43.947 18007  8173 W AudioCapabilities: Unsupported mime audio/ra
02-22 20:55:43.949 18007  8173 W AudioCapabilities: Unsupported mime audio/alac
02-22 20:55:43.952 18007  8173 W AudioCapabilities: Unsupported mime audio/alac
02-22 20:55:43.955 18007  8173 W AudioCapabilities: Unsupported mime audio/ape
02-22 20:55:43.957 18007  8173 W AudioCapabilities: Unsupported mime audio/x-ape
02-22 20:55:43.960 18007  8173 W AudioCapabilities: Unsupported mime audio/ape
02-22 20:55:43.963 18007  8173 W AudioCapabilities: Unsupported mime audio/x-ape
02-22 20:55:43.966 18007  8173 W AudioCapabilities: Unsupported mime audio/adpcm
02-22 20:55:43.968 18007  8173 W AudioCapabilities: Unsupported mime audio/x-ms-adpcm
02-22 20:55:43.970 18007  8173 W AudioCapabilities: Unsupported mime audio/pcm
02-22 20:55:43.972 18007  8173 W AudioCapabilities: Unsupported mime audio/pcm
02-22 20:55:43.973 18007  8173 W AudioCapabilities: Unsupported mime audio/dsd
02-22 20:55:43.975 18007  8173 W AudioCapabilities: Unsupported mime audio/dsd
02-22 20:55:43.988 18007  8173 W VideoCapabilities: Unsupported mime video/rv
02-22 20:55:43.992 18007  8173 W VideoCapabilities: Unsupported mime video/rv
02-22 20:55:43.995 18007  8173 W VideoCapabilities: Unsupported mime video/x-ms-wmv
02-22 20:55:43.997 18007  8173 W VideoCapabilities: Unsupported mime video/x-ms-wmv2
02-22 20:55:44.000 18007  8173 W VideoCapabilities: Unsupported mime video/x-ms-wmv
02-22 20:55:44.003 18007  8173 W VideoCapabilities: Unsupported mime video/x-ms-wmv2
02-22 20:55:44.006 18007  8173 W VideoCapabilities: Unsupported mime video/divx3
02-22 20:55:44.009 18007  8173 W VideoCapabilities: Unsupported mime video/divx3
02-22 20:55:44.012 18007  8173 W VideoCapabilities: Unsupported mime video/flv1
02-22 20:55:44.015 18007  8173 W VideoCapabilities: Unsupported mime video/x-flv
02-22 20:55:44.018 18007  8173 W VideoCapabilities: Unsupported mime video/flv1
02-22 20:55:44.021 18007  8173 W VideoCapabilities: Unsupported mime video/x-flv
02-22 20:55:44.028 18007  8173 W VideoCapabilities: Unsupported mime video/mjpeg
02-22 20:55:44.030 18007  8173 W VideoCapabilities: Unsupported mime video/x-motion-jpeg
02-22 20:55:44.033 18007  8173 W VideoCapabilities: Unsupported mime video/mjpeg
02-22 20:55:44.038 18007  8173 W VideoCapabilities: Unsupported mime video/x-motion-jpeg
02-22 20:55:44.088 18007 18007 W pool-2-thread-1: type=1400 audit(0.0:2024548): avc:  granted  { execute } for  path="/data/data/com.example.instatracker/files/chaquopy/bootstrap-native/arm64-v8a/_sha512.so" dev="dm-50" ino=2235357 scontext=u:r:untrusted_app:s0:c66,c256,c512,c768 tcontext=u:object_r:app_data_file:s0:c66,c256,c512,c768 tclass=file app=com.example.instatracker
02-22 20:55:44.088 18007 18007 W pool-2-thread-1: type=1400 audit(0.0:2024549): avc:  granted  { execute } for  path="/data/data/com.example.instatracker/files/chaquopy/bootstrap-native/arm64-v8a/_random.so" dev="dm-50" ino=1726455 scontext=u:r:untrusted_app:s0:c66,c256,c512,c768 tcontext=u:object_r:app_data_file:s0:c66,c256,c512,c768 tclass=file app=com.example.instatracker
02-22 20:55:44.096 18007 18007 W pool-2-thread-1: type=1400 audit(0.0:2024550): avc:  granted  { execute } for  path="/data/data/com.example.instatracker/files/chaquopy/bootstrap-native/arm64-v8a/binascii.so" dev="dm-50" ino=2244570 scontext=u:r:untrusted_app:s0:c66,c256,c512,c768 tcontext=u:object_r:app_data_file:s0:c66,c256,c512,c768 tclass=file app=com.example.instatracker
02-22 20:55:44.201  5399  8291 W FSA2_GoogleAccountUtil: Syncing device contacts is on.
02-22 20:55:44.266 18007  8173 W VideoCapabilities: Unsupported mime image/vnd.android.heic
02-22 20:55:44.270 18007  8173 W VideoCapabilities: Unsupported mime image/vnd.android.heic
02-22 20:55:44.685  5399  8291 I People_AppSearchUtilities: Using PlatformStorage API
02-22 20:55:44.727  5399 19726 I Icing   : IndexChimeraService.getServiceInterface callingPackage=com.google.android.gms componentName=null serviceId=36
02-22 20:55:44.746  5399  8291 I CpgSchemaBuilder: Creating session
02-22 20:55:44.762  5399 21771 I Icing   : Usage reports ok 0, Failed Usage reports 0, indexed 0, rejected 0
02-22 20:55:44.773  5399  8291 I CpgSchemaBuilder: CPG schemas visible to supported apps, build skipped.
02-22 20:55:44.788  5399  8291 I FSA2_FirstFullSyncsDetector: First full syncs finished before.
02-22 20:55:44.788  5399 21771 I Icing   : Indexing com.google.android.gms-contacts_contact_id from com.google.android.gms
02-22 20:55:44.796  5399  8291 W ChimeraUtils: Module com.google.android.gms.people missing resource null(0)
02-22 20:55:44.830  5399  5399 D BoundBrokerSvc: onBind: Intent { act=com.google.android.gms.people.contactssync.service.START dat=chimera-action:/... cmp=com.google.android.gms/.chimera.GmsBoundBrokerService }
02-22 20:55:44.830  5399  5399 D BoundBrokerSvc: Loading bound service for intent: Intent { act=com.google.android.gms.people.contactssync.service.START dat=chimera-action:/... cmp=com.google.android.gms/.chimera.GmsBoundBrokerService }
02-22 20:55:44.843  5399  5454 I PeopleChimeraService: onService. callbacks = cqni@f2feb87, request = com.google.android.gms.common.internal.GetServiceRequest@2949ab4
02-22 20:55:44.844  5399  8291 I FSA2_SyncState: @readSyncState: # epia@caea718f
02-22 20:55:44.854  5399  7917 I DCU_IntentOperation: Nofity BackupManager.dateChanged() [CONTEXT service_id=135 ]
02-22 20:55:44.868  5399  8291 I FSA2_SyncState: @readSyncState: # epia@caea718f
02-22 20:55:44.879  5399  5454 W GmsClient: unable to connect to service: com.google.android.gms.lockbox.service.START on com.google.android.gms
02-22 20:55:44.890  5399 30224 I DCU_IntentOperation: (REDACTED) SPE one-time sync %d %s
02-22 20:55:44.892  5399 21771 I Icing   : Indexing done com.google.android.gms-contacts_contact_id
02-22 20:55:44.892  5399 21771 I Icing   : Indexing com.google.android.gms-phones_data_id from com.google.android.gms
02-22 20:55:44.921  5399 21771 I Icing   : Indexing done com.google.android.gms-phones_data_id
02-22 20:55:44.932 18007 18007 W pool-2-thread-1: type=1400 audit(0.0:2024575): avc:  granted  { execute } for  path="/data/data/com.example.instatracker/files/chaquopy/AssetFinder/requirements/numpy/random/_common.so" dev="dm-50" ino=1737524 scontext=u:r:untrusted_app:s0:c66,c256,c512,c768 tcontext=u:object_r:app_data_file:s0:c66,c256,c512,c768 tclass=file app=com.example.instatracker
02-22 20:55:44.943  9388  9388 D BoundBrokerSvc: onRebind: Intent { act=com.google.android.gms.libs.gmscorelogger.service.START dat=chimera-action:/... cmp=com.google.android.gms/.chimera.PersistentDirectBootAwareApiService }
02-22 20:55:44.948 18007 18007 W pool-2-thread-1: type=1400 audit(0.0:2024576): avc:  granted  { execute } for  path="/data/data/com.example.instatracker/files/chaquopy/AssetFinder/stdlib-arm64-v8a/_hashlib.so" dev="dm-50" ino=1732678 scontext=u:r:untrusted_app:s0:c66,c256,c512,c768 tcontext=u:object_r:app_data_file:s0:c66,c256,c512,c768 tclass=file app=com.example.instatracker
02-22 20:55:44.956 18007 18007 W pool-2-thread-1: type=1400 audit(0.0:2024577): avc:  granted  { execute } for  path="/data/data/com.example.instatracker/files/chaquopy/AssetFinder/stdlib-arm64-v8a/_blake2.so" dev="dm-50" ino=2236883 scontext=u:r:untrusted_app:s0:c66,c256,c512,c768 tcontext=u:object_r:app_data_file:s0:c66,c256,c512,c768 tclass=file app=com.example.instatracker
02-22 20:55:44.966  5399  8291 I FSA2_RawContactSyncer: Before sync, callingCardsWithOnlyMetadataCount: 0, callingCardsWithOnlyPhotoCount: 0, callingCardsWithBothMetadataAndPhotoCount: 0
02-22 20:55:44.968 18007 18007 W pool-2-thread-1: type=1400 audit(0.0:2024578): avc:  granted  { execute } for  path="/data/data/com.example.instatracker/files/chaquopy/AssetFinder/stdlib-arm64-v8a/_sha3.so" dev="dm-50" ino=2252361 scontext=u:r:untrusted_app:s0:c66,c256,c512,c768 tcontext=u:object_r:app_data_file:s0:c66,c256,c512,c768 tclass=file app=com.example.instatracker
02-22 20:55:44.976  5399  8291 I FSA2_SyncState: @readSyncState: # epia@caea718f
02-22 20:55:44.976 18007 18007 W pool-2-thread-1: type=1400 audit(0.0:2024579): avc:  granted  { execute } for  path="/data/data/com.example.instatracker/files/chaquopy/AssetFinder/requirements/numpy/random/_bounded_integers.so" dev="dm-50" ino=1734638 scontext=u:r:untrusted_app:s0:c66,c256,c512,c768 tcontext=u:object_r:app_data_file:s0:c66,c256,c512,c768 tclass=file app=com.example.instatracker
02-22 20:55:45.064  5399  8291 I FSA2_SyncState: @readSyncState: # epia@caea718f
02-22 20:55:45.108  5399  8291 I FSA2_RawContactSyncer: Found 0 contacts with unsynced calling cards
02-22 20:55:45.118  5399  8291 I FSA2_SyncState: @readSyncState: # epia@caea718f
02-22 20:55:45.836 18007 18007 D ReactDashboard: cdn.tailwindcss.com should not be used in production. To use Tailwind CSS in production, install it as a PostCSS plugin or use the Tailwind CLI: https://tailwindcss.com/docs/installation -- From line 64
02-22 20:55:45.841 18007  8025 I le.instatracker: Compiler allocated 6333KB to compile void android.view.ViewRootImpl.performTraversals()
02-22 20:55:45.869 18007 18007 D ReactDashboard: Uncaught TypeError: Cannot read properties of undefined (reading 'forwardRef') -- From line 28
02-22 20:55:45.972 18007 18007 W pool-2-thread-1: type=1400 audit(0.0:2024623): avc:  granted  { execute } for  path="/data/data/com.example.instatracker/files/chaquopy/AssetFinder/stdlib-arm64-v8a/unicodedata.so" dev="dm-50" ino=1724456 scontext=u:r:untrusted_app:s0:c66,c256,c512,c768 tcontext=u:object_r:app_data_file:s0:c66,c256,c512,c768 tclass=file app=com.example.instatracker
02-22 20:55:46.008 18007 18007 W pool-2-thread-1: type=1400 audit(0.0:2024624): avc:  granted  { execute } for  path="/data/data/com.example.instatracker/files/chaquopy/AssetFinder/requirements/pandas/_libs/index.so" dev="dm-50" ino=2245430 scontext=u:r:untrusted_app:s0:c66,c256,c512,c768 tcontext=u:object_r:app_data_file:s0:c66,c256,c512,c768 tclass=file app=com.example.instatracker
02-22 20:55:46.020 18007 18007 W pool-2-thread-1: type=1400 audit(0.0:2024625): avc:  granted  { execute } for  path="/data/data/com.example.instatracker/files/chaquopy/AssetFinder/requirements/pandas/_libs/join.so" dev="dm-50" ino=2244039 scontext=u:r:untrusted_app:s0:c66,c256,c512,c768 tcontext=u:object_r:app_data_file:s0:c66,c256,c512,c768 tclass=file app=com.example.instatracker
02-22 20:55:46.036 18007 18007 W pool-2-thread-1: type=1400 audit(0.0:2024627): avc:  granted  { execute } for  path="/data/data/com.example.instatracker/files/chaquopy/AssetFinder/requirements/pandas/_libs/sparse.so" dev="dm-50" ino=2243190 scontext=u:r:untrusted_app:s0:c66,c256,c512,c768 tcontext=u:object_r:app_data_file:s0:c66,c256,c512,c768 tclass=file app=com.example.instatracker
02-22 20:55:46.076  5399  8291 I FSA2_CallingCardOp: No calling card photos to sync up.
02-22 20:55:46.079  5399  8291 I FSA2_PhotoSyncer: After CC photo sync up, callingCardsWithOnlyMetadataCount: 0, callingCardsWithOnlyPhotoCount: 0, callingCardsWithBothMetadataAndPhotoCount: 0
02-22 20:55:46.125  5399  8291 I FSA2_RawContactSyncer: contact count. before sweep: 2261, before sync: 2261, after sync down: -1, after sync up: 2261
02-22 20:55:46.127  5399  8291 W FSA2_ContactsSyncAdapter: @onPerformSync Sync finished successfully
02-22 20:55:46.147  5399  8291 W ChimeraUtils: Module com.google.android.gms.people missing resource null(0)
02-22 20:55:46.150  5399  8291 W ChimeraUtils: Module com.google.android.gms.people missing resource null(0)
02-22 20:55:46.438 18007 18007 D ReactDashboard: You are using the in-browser Babel transformer. Be sure to precompile your scripts for production - https://babeljs.io/docs/setup/ -- From line 3
02-22 20:55:46.976 18007 18007 W pool-2-thread-1: type=1400 audit(0.0:2024649): avc:  granted  { execute } for  path="/data/data/com.example.instatracker/files/chaquopy/AssetFinder/requirements/scipy/_lib/_uarray/_uarray.so" dev="dm-50" ino=1736531 scontext=u:r:untrusted_app:s0:c66,c256,c512,c768 tcontext=u:object_r:app_data_file:s0:c66,c256,c512,c768 tclass=file app=com.example.instatracker
02-22 20:55:47.000 18007 18007 W pool-2-thread-1: type=1400 audit(0.0:2024651): avc:  granted  { execute } for  path="/data/data/com.example.instatracker/files/chaquopy/AssetFinder/requirements/scipy/fft/_pocketfft/pypocketfft.so" dev="dm-50" ino=1719258 scontext=u:r:untrusted_app:s0:c66,c256,c512,c768 tcontext=u:object_r:app_data_file:s0:c66,c256,c512,c768 tclass=file app=com.example.instatracker
02-22 20:55:47.040 18007 18007 W pool-2-thread-1: type=1400 audit(0.0:2024652): avc:  granted  { execute } for  path="/data/data/com.example.instatracker/files/chaquopy/AssetFinder/requirements/scipy/optimize/minpack2.so" dev="dm-50" ino=1720095 scontext=u:r:untrusted_app:s0:c66,c256,c512,c768 tcontext=u:object_r:app_data_file:s0:c66,c256,c512,c768 tclass=file app=com.example.instatracker
02-22 20:55:47.072 18007 18007 W pool-2-thread-1: type=1400 audit(0.0:2024653): avc:  granted  { execute } for  path="/data/data/com.example.instatracker/files/chaquopy/AssetFinder/stdlib-arm64-v8a/_socket.so" dev="dm-50" ino=1720316 scontext=u:r:untrusted_app:s0:c66,c256,c512,c768 tcontext=u:object_r:app_data_file:s0:c66,c256,c512,c768 tclass=file app=com.example.instatracker
02-22 20:55:47.984 18007 18007 W pool-2-thread-1: type=1400 audit(0.0:2024691): avc:  granted  { execute } for  path="/data/data/com.example.instatracker/files/chaquopy/AssetFinder/requirements/scipy/special/_ellip_harm_2.so" dev="dm-50" ino=1734216 scontext=u:r:untrusted_app:s0:c66,c256,c512,c768 tcontext=u:object_r:app_data_file:s0:c66,c256,c512,c768 tclass=file app=com.example.instatracker
02-22 20:55:48.016 18007 18007 W pool-2-thread-1: type=1400 audit(0.0:2024693): avc:  granted  { execute } for  path="/data/data/com.example.instatracker/files/chaquopy/AssetFinder/requirements/scipy/optimize/_group_columns.so" dev="dm-50" ino=1717586 scontext=u:r:untrusted_app:s0:c66,c256,c512,c768 tcontext=u:object_r:app_data_file:s0:c66,c256,c512,c768 tclass=file app=com.example.instatracker
02-22 20:55:48.056 18007 18007 W pool-2-thread-1: type=1400 audit(0.0:2024694): avc:  granted  { execute } for  path="/data/data/com.example.instatracker/files/chaquopy/AssetFinder/requirements/scipy/optimize/_lbfgsb.so" dev="dm-50" ino=2224856 scontext=u:r:untrusted_app:s0:c66,c256,c512,c768 tcontext=u:object_r:app_data_file:s0:c66,c256,c512,c768 tclass=file app=com.example.instatracker
02-22 20:55:48.068 18007 18007 W pool-2-thread-1: type=1400 audit(0.0:2024695): avc:  granted  { execute } for  path="/data/data/com.example.instatracker/files/chaquopy/AssetFinder/requirements/scipy/optimize/moduleTNC.so" dev="dm-50" ino=1738951 scontext=u:r:untrusted_app:s0:c66,c256,c512,c768 tcontext=u:object_r:app_data_file:s0:c66,c256,c512,c768 tclass=file app=com.example.instatracker
02-22 20:55:48.189 18007 18007 D ReactDashboard: Uncaught TypeError: Cannot read properties of undefined (reading 'Eye') -- From line 30
02-22 20:55:48.302 18007  8374 D ProfileInstaller: Installing profile for com.example.instatracker
02-22 20:55:48.449 18007 18007 W ReactDashboard: Already processing, skipping injection
02-22 20:55:48.674 18007 18007 D ReactDashboard: Data injected successfully
02-22 20:55:48.677 18007 18007 D ReactDashboard: JSON Data received from Android early inject! -- From line 96
02-22 20:55:50.096  8395  8395 W getenforce: type=1400 audit(0.0:2024730): avc:  denied  { read } for  name="enforce" dev="selinuxfs" ino=4 scontext=u:r:untrusted_app:s0:c103,c256,c512,c768 tcontext=u:object_r:selinuxfs:s0 tclass=file permissive=0 app=com.google.android.apps.nbu.paisa.user
02-22 20:55:51.252 18007 18007 W FinalizerDaemon: type=1400 audit(0.0:2024738): avc:  denied  { getopt } for  path="/dev/socket/usap_pool_primary" scontext=u:r:untrusted_app:s0:c66,c256,c512,c768 tcontext=u:r:zygote:s0 tclass=unix_stream_socket permissive=0 app=com.example.instatracker
02-22 20:55:52.497  8562  8562 I .android.bbklog: Using CollectorTypeCC GC.
02-22 20:55:52.511  8562  8562 D nativeloader: Load libframework-connectivity-tiramisu-jni.so using APEX ns com_android_tethering for caller /apex/com.android.tethering/javalib/framework-connectivity-t.jar: ok
02-22 20:55:52.538  8562  8562 D CompatibilityChangeReporter: Compat change id reported: 171979766; UID 1000; state: ENABLED
02-22 20:55:52.539  8562  8562 D CompatibilityChangeReporter: Compat change id reported: 242716250; UID 1000; state: DISABLED
02-22 20:55:52.554  8562  8562 E linker  : library "/system/dyn/app/BBKLOG/oat/arm64/BBKLOG.odex" ("/system/dyn/app/BBKLOG/oat/arm64/BBKLOG.odex") needed or dlopened by "/apex/com.android.art/lib64/libart.so" is not accessible for the namespace: [name="(default)", ld_library_paths="", default_library_paths="/system/lib64:/system_ext/lib64", permitted_paths="/system/lib64/drm:/system/lib64/extractors:/system/lib64/hw:/system_ext/lib64:/system/framework:/system/app:/system/priv-app:/system_ext/framework:/system_ext/app:/system_ext/priv-app:/vendor/framework:/vendor/app:/vendor/priv-app:/system/vendor/framework:/system/vendor/app:/system/vendor/priv-app:/odm/framework:/odm/app:/odm/priv-app:/oem/app:/product/framework:/product/app:/product/priv-app:/data:/mnt/expand:/apex/com.android.runtime/lib64/bionic:/system/lib64/bootstrap"]
02-22 20:55:52.581  8562  8562 D nativeloader: Configuring clns-shared-4 for other apk /system/dyn/app/BBKLOG/BBKLOG.apk. target_sdk_version=33, uses_libraries=, library_path=/system/dyn/app/BBKLOG/lib/arm64:/system/dyn/app/BBKLOG/BBKLOG.apk!/lib/arm64-v8a:/system/lib64:/system_ext/lib64, permitted_path=/data:/mnt/expand:/data/user/0/com.android.bbklog:/system/dyn/app/BBKLOG:/system/lib64:/system_ext/lib64
02-22 20:55:52.600  8586  8586 D nativeloader: Load libframework-connectivity-tiramisu-jni.so using APEX ns com_android_tethering for caller /apex/com.android.tethering/javalib/framework-connectivity-t.jar: ok
02-22 20:55:52.611  8562  8562 D nativeloader: Load libframework-connectivity-jni.so using APEX ns com_android_tethering for caller /apex/com.android.tethering/javalib/framework-connectivity.jar: ok
02-22 20:55:52.626  8586  8586 D CompatibilityChangeReporter: Compat change id reported: 171979766; UID 10067; state: ENABLED
02-22 20:55:52.627  8586  8586 D CompatibilityChangeReporter: Compat change id reported: 242716250; UID 10067; state: ENABLED
02-22 20:55:52.633  8562  8562 V GraphicsEnvironment: Currently set values for:
02-22 20:55:52.633  8562  8562 V GraphicsEnvironment:   angle_gl_driver_selection_pkgs=[]
02-22 20:55:52.633  8562  8562 V GraphicsEnvironment:   angle_gl_driver_selection_values=[]
02-22 20:55:52.635  8562  8562 V GraphicsEnvironment: ANGLE GameManagerService for com.android.bbklog: false
02-22 20:55:52.635  8562  8562 V GraphicsEnvironment: com.android.bbklog is not listed in per-application setting
02-22 20:55:52.635  8562  8562 V GraphicsEnvironment: Neither updatable production driver nor prerelease driver is supported.
02-22 20:55:52.649  8562  8562 D nativeloader: Load /system/dyn/app/BBKLOG/lib/arm64/libbbklog_jni.so using class loader ns clns-shared-4 (caller=/system/dyn/app/BBKLOG/BBKLOG.apk): ok
02-22 20:55:52.655  8562  8613 W ContextImpl: Calling a method in the system process without a qualified user: android.app.ContextImpl.startService:1926 android.content.ContextWrapper.startService:825 com.android.bbklog.service.BbkLogServiceManager.j:2 com.android.bbklog.service.BbkLogServiceManager.h:1 com.android.bbklog.service.BbkLogServiceManager.f:3 
02-22 20:55:52.658  8562  8617 D CompatibilityChangeReporter: Compat change id reported: 247079863; UID 1000; state: DISABLED
02-22 20:55:52.661  8562  8613 W ContextImpl: Calling a method in the system process without a qualified user: android.app.ContextImpl.bindService:2034 android.content.ContextWrapper.bindService:861 com.android.bbklog.service.BbkLogServiceManager.c:2 com.android.bbklog.service.BbkLogServiceManager.h:2 com.android.bbklog.service.BbkLogServiceManager.f:3 
02-22 20:55:52.665  8586  8586 D nativeloader: Configuring clns-4 for other apk /data/app/~~s93k7Bcje4QBcGS4dZznyw==/com.facebook.services-lFQDpa_RPQfso0k-XG9urA==/base.apk. target_sdk_version=36, uses_libraries=, library_path=/data/app/~~s93k7Bcje4QBcGS4dZznyw==/com.facebook.services-lFQDpa_RPQfso0k-XG9urA==/lib/arm64:/data/app/~~s93k7Bcje4QBcGS4dZznyw==/com.facebook.services-lFQDpa_RPQfso0k-XG9urA==/base.apk!/lib/arm64-v8a, permitted_path=/data:/mnt/expand:/data/user/0/com.facebook.services
02-22 20:55:52.670  8562  8562 D nativeloader: Load /system/dyn/app/BBKLOG/lib/arm64/libvivosgmain.so using class loader ns clns-shared-4 (caller=/system/dyn/app/BBKLOG/BBKLOG.apk): ok
02-22 20:55:52.671  8562  8613 W ContextImpl: Calling a method in the system process without a qualified user: android.app.ContextImpl.startService:1926 android.content.ContextWrapper.startService:825 com.android.bbklog.service.BbkLogServiceManager.k:2 com.android.bbklog.service.BbkLogServiceManager.i:1 com.android.bbklog.service.BbkLogServiceManager.f:4 
02-22 20:55:52.675  8562  8613 W ContextImpl: Calling a method in the system process without a qualified user: android.app.ContextImpl.bindService:2034 android.content.ContextWrapper.bindService:861 com.android.bbklog.service.BbkLogServiceManager.d:2 com.android.bbklog.service.BbkLogServiceManager.i:2 com.android.bbklog.service.BbkLogServiceManager.f:4 
02-22 20:55:52.685  8586  8586 D nativeloader: Load libframework-connectivity-jni.so using APEX ns com_android_tethering for caller /apex/com.android.tethering/javalib/framework-connectivity.jar: ok
02-22 20:55:52.693  8586  8586 V GraphicsEnvironment: Currently set values for:
02-22 20:55:52.694  8586  8586 V GraphicsEnvironment:   angle_gl_driver_selection_pkgs=[]
02-22 20:55:52.694  8586  8586 V GraphicsEnvironment:   angle_gl_driver_selection_values=[]
02-22 20:55:52.695  8586  8586 V GraphicsEnvironment: ANGLE GameManagerService for com.facebook.services: false
02-22 20:55:52.695  8586  8586 V GraphicsEnvironment: com.facebook.services is not listed in per-application setting
02-22 20:55:52.696  8586  8586 V GraphicsEnvironment: Neither updatable production driver nor prerelease driver is supported.
02-22 20:55:52.738  8586  8586 D d       : ExceptionHandlerManager not explicitly initialized, using default mode
02-22 20:55:52.738  8586  8586 D d       : initializing exception handler manager, prioritized=true
02-22 20:55:52.742  8586  8586 W SoLoader: Initializing SoLoader: 0
02-22 20:55:52.742  8586  8586 W SoLoader: context.getApplicationContext returned null, holding reference to original context.ApplicationSoSource fallbacks to: /data/app/~~s93k7Bcje4QBcGS4dZznyw==/com.facebook.services-lFQDpa_RPQfso0k-XG9urA==/lib/arm64
02-22 20:55:52.743  8586  8586 I SoLoader: Recording new base apk path: /data/app/~~s93k7Bcje4QBcGS4dZznyw==/com.facebook.services-lFQDpa_RPQfso0k-XG9urA==/base.apk
02-22 20:55:52.743  8586  8586 I SoLoader: Previously recorded 0 base apk paths.
02-22 20:55:52.744  8586  8586 I SoLoader: Preparing SO source: DirectorySoSource[root = /vendor/lib64 flags = 2]
02-22 20:55:52.744  8586  8586 I SoLoader: Preparing SO source: DirectorySoSource[root = /system/lib64 flags = 2]
02-22 20:55:52.744  8586  8586 I SoLoader: Preparing SO source: ApplicationSoSource[DirectorySoSource[root = /data/app/~~s93k7Bcje4QBcGS4dZznyw==/com.facebook.services-lFQDpa_RPQfso0k-XG9urA==/lib/arm64 flags = 1]]
02-22 20:55:52.746  8586  8586 I SoLoader: Preparing SO source: BackupSoSource[root = /data/data/com.facebook.services/lib-main flags = 1 apks = [ExtractFromZipSoSource[/data/app/~~s93k7Bcje4QBcGS4dZznyw==/com.facebook.services-lFQDpa_RPQfso0k-XG9urA==/base.apk]]]
02-22 20:55:52.746  8586  8586 I SoLoader: init finish: 4 SO sources prepared
02-22 20:55:52.746  8586  8586 W SoLoader: SoLoader initialized: 0
02-22 20:55:52.831  8586  8649 D CompatibilityChangeReporter: Compat change id reported: 160794467; UID 10067; state: ENABLED
02-22 20:55:52.872  8586  8656 D CompatibilityChangeReporter: Compat change id reported: 147600208; UID 10067; state: ENABLED
02-22 20:55:52.868  8562  8562 W pool-2-thread-1: type=1400 audit(0.0:2024746): avc:  denied  { write } for  name="audio" dev="dm-50" ino=35623 scontext=u:r:system_app:s0 tcontext=u:object_r:audio_data_file:s0 tclass=dir permissive=0 app=in.amazon.mShop.android.shopping
02-22 20:55:52.876  8562  8562 W pool-2-thread-1: type=1400 audit(0.0:2024747): avc:  denied  { write } for  name="/" dev="dm-50" ino=3 scontext=u:r:system_app:s0 tcontext=u:object_r:system_data_root_file:s0 tclass=dir permissive=0 app=in.amazon.mShop.android.shopping
02-22 20:55:52.960  8669  8669 I book.appmanager: Using CollectorTypeCC GC.
02-22 20:55:52.971  8669  8669 D nativeloader: Load libframework-connectivity-tiramisu-jni.so using APEX ns com_android_tethering for caller /apex/com.android.tethering/javalib/framework-connectivity-t.jar: ok
02-22 20:55:53.006  8669  8669 D CompatibilityChangeReporter: Compat change id reported: 171979766; UID 10116; state: ENABLED
02-22 20:55:53.006  8669  8669 D CompatibilityChangeReporter: Compat change id reported: 242716250; UID 10116; state: ENABLED
02-22 20:55:53.064  8669  8669 D nativeloader: Configuring clns-4 for other apk /data/app/~~1INXNISuJeOBLDej76HN_A==/com.facebook.appmanager-HbNKdbcG2kE1Od2LCjY4gA==/base.apk. target_sdk_version=36, uses_libraries=, library_path=/data/app/~~1INXNISuJeOBLDej76HN_A==/com.facebook.appmanager-HbNKdbcG2kE1Od2LCjY4gA==/lib/arm64:/data/app/~~1INXNISuJeOBLDej76HN_A==/com.facebook.appmanager-HbNKdbcG2kE1Od2LCjY4gA==/base.apk!/lib/arm64-v8a, permitted_path=/data:/mnt/expand:/data/user/0/com.facebook.appmanager
02-22 20:55:53.075  8586  8586 W SoLoader: Loading notifgateway-jni on the main thread
02-22 20:55:53.078  8586  8586 W SoLoader[NativeDeps]: Falling back to custom ELF parsing when loading libnotifgateway.so, this can be slow
02-22 20:55:53.082  8586  8586 W SoLoader[NativeDeps]: Falling back to custom ELF parsing when loading libc++_shared.so, this can be slow
02-22 20:55:53.089  8586  8586 D nativeloader: Load /data/app/~~s93k7Bcje4QBcGS4dZznyw==/com.facebook.services-lFQDpa_RPQfso0k-XG9urA==/lib/arm64/libc++_shared.so using class loader ns clns-4 (caller=/data/app/~~s93k7Bcje4QBcGS4dZznyw==/com.facebook.services-lFQDpa_RPQfso0k-XG9urA==/base.apk): ok
02-22 20:55:53.090  8669  8669 D nativeloader: Load libframework-connectivity-jni.so using APEX ns com_android_tethering for caller /apex/com.android.tethering/javalib/framework-connectivity.jar: ok
02-22 20:55:53.098  8586  8586 D nativeloader: Load /data/app/~~s93k7Bcje4QBcGS4dZznyw==/com.facebook.services-lFQDpa_RPQfso0k-XG9urA==/lib/arm64/libnotifgateway.so using class loader ns clns-4 (caller=/data/app/~~s93k7Bcje4QBcGS4dZznyw==/com.facebook.services-lFQDpa_RPQfso0k-XG9urA==/base.apk): ok
02-22 20:55:53.098  8586  8586 W SoLoader: Loading simplejni on the main thread
02-22 20:55:53.099  8586  8586 W SoLoader: Loading simplejni on the main thread
02-22 20:55:53.103  8669  8669 V GraphicsEnvironment: Currently set values for:
02-22 20:55:53.103  8669  8669 V GraphicsEnvironment:   angle_gl_driver_selection_pkgs=[]
02-22 20:55:53.103  8669  8669 V GraphicsEnvironment:   angle_gl_driver_selection_values=[]
02-22 20:55:53.104  8669  8669 V GraphicsEnvironment: ANGLE GameManagerService for com.facebook.appmanager: false
02-22 20:55:53.104  8669  8669 V GraphicsEnvironment: com.facebook.appmanager is not listed in per-application setting
02-22 20:55:53.104  8669  8669 V GraphicsEnvironment: Neither updatable production driver nor prerelease driver is supported.
02-22 20:55:53.114  8586  8586 W DGW     : W[reportSoftError:36] pingInterval: value 43200000 outside valid range [5000, 600000]
02-22 20:55:53.115  8586  8586 W DGW     : W[reportSoftError:36] bgPingInterval: value 43200000ms outside valid range [5000ms, 600000ms]
02-22 20:55:53.115  8586  8586 W DGW     : W[reportSoftError:36] stopBgPingDelay: value 3155695200s outside valid range [0s, 600s]
02-22 20:55:53.117  8586  8586 I DGW     : I[startConnection:450] ConnectivityManager start connection.
02-22 20:55:53.121  8586  8711 I DGW     : I[sendRequest:85] StreamGroupConnectivityAwareNetworkLayer[notifgateway] buffering request with connection state: 0
02-22 20:55:53.148  8669  8669 D d       : ExceptionHandlerManager not explicitly initialized, using default mode
02-22 20:55:53.148  8669  8669 D d       : initializing exception handler manager, prioritized=true
02-22 20:55:53.153  8669  8669 W SoLoader: Initializing SoLoader: 0
02-22 20:55:53.154  8669  8669 W SoLoader: context.getApplicationContext returned null, holding reference to original context.ApplicationSoSource fallbacks to: /data/app/~~1INXNISuJeOBLDej76HN_A==/com.facebook.appmanager-HbNKdbcG2kE1Od2LCjY4gA==/lib/arm64
02-22 20:55:53.154  8669  8669 I SoLoader: Recording new base apk path: /data/app/~~1INXNISuJeOBLDej76HN_A==/com.facebook.appmanager-HbNKdbcG2kE1Od2LCjY4gA==/base.apk
02-22 20:55:53.154  8669  8669 I SoLoader: Previously recorded 0 base apk paths.
02-22 20:55:53.154  8669  8669 I SoLoader: Preparing SO source: DirectorySoSource[root = /vendor/lib64 flags = 2]
02-22 20:55:53.155  8669  8669 I SoLoader: Preparing SO source: DirectorySoSource[root = /system/lib64 flags = 2]
02-22 20:55:53.155  8669  8669 I SoLoader: Preparing SO source: DirectApkSoSource[root = [/data/app/~~1INXNISuJeOBLDej76HN_A==/com.facebook.appmanager-HbNKdbcG2kE1Od2LCjY4gA==/base.apk!/lib/arm64-v8a]]
02-22 20:55:53.160  8669  8669 I SoLoader: Preparing SO source: ApplicationSoSource[DirectorySoSource[root = /data/app/~~1INXNISuJeOBLDej76HN_A==/com.facebook.appmanager-HbNKdbcG2kE1Od2LCjY4gA==/lib/arm64 flags = 1]]
02-22 20:55:53.160  8669  8669 I SoLoader: init finish: 4 SO sources prepared
02-22 20:55:53.160  8669  8669 W SoLoader: SoLoader initialized: 8
02-22 20:55:53.283  8669  8669 D CompatibilityChangeReporter: Compat change id reported: 247079863; UID 10116; state: ENABLED
02-22 20:55:53.309  8586  8586 E fbservices-stub:FbnsServiceDelegateV2: onBind invalid signature: Intent { act=com.facebook.push.fbns.ipc.IFbnsAIDLService cmp=com.facebook.services/com.facebook.oxygen.services.fbns.PreloadedFbnsService (has extras) }
02-22 20:55:53.319  8669  8728 D CompatibilityChangeReporter: Compat change id reported: 160794467; UID 10116; state: ENABLED
02-22 20:55:53.393  8669  8728 D CompatibilityChangeReporter: Compat change id reported: 194532703; UID 10116; state: ENABLED
02-22 20:55:53.393  8669  8728 D CompatibilityChangeReporter: Compat change id reported: 253665015; UID 10116; state: ENABLED
02-22 20:55:53.420  8586  8711 I DGW     : I[onStateChanged:170] StreamGroupConnectivityAwareNetworkLayer processing buffered requests
02-22 20:55:53.420  8586  8711 I DGW     : I[sendRequest:110] StreamGroupMNSNetworkLayer[notifgateway] DGW Connecting to https://z-m-gateway.facebook.com/notifgateway
02-22 20:55:53.515  8758  8758 I facebook.system: Using CollectorTypeCC GC.
02-22 20:55:53.525  8758  8758 D nativeloader: Load libframework-connectivity-tiramisu-jni.so using APEX ns com_android_tethering for caller /apex/com.android.tethering/javalib/framework-connectivity-t.jar: ok
02-22 20:55:53.557  8758  8758 D CompatibilityChangeReporter: Compat change id reported: 171979766; UID 10057; state: ENABLED
02-22 20:55:53.557  8758  8758 D CompatibilityChangeReporter: Compat change id reported: 242716250; UID 10057; state: ENABLED
02-22 20:55:53.591  8758  8758 D nativeloader: Configuring clns-4 for other apk /data/app/~~ibgncpFcoemmed62bcXZwQ==/com.facebook.system-KeiOH6dkAvNYiYjkqIYizg==/base.apk. target_sdk_version=36, uses_libraries=, library_path=/data/app/~~ibgncpFcoemmed62bcXZwQ==/com.facebook.system-KeiOH6dkAvNYiYjkqIYizg==/lib/arm64, permitted_path=/data:/mnt/expand:/data/user/0/com.facebook.system
02-22 20:55:53.612  8758  8758 D nativeloader: Load libframework-connectivity-jni.so using APEX ns com_android_tethering for caller /apex/com.android.tethering/javalib/framework-connectivity.jar: ok
02-22 20:55:53.628  8758  8758 V GraphicsEnvironment: Currently set values for:
02-22 20:55:53.628  8758  8758 V GraphicsEnvironment:   angle_gl_driver_selection_pkgs=[]
02-22 20:55:53.628  8758  8758 V GraphicsEnvironment:   angle_gl_driver_selection_values=[]
02-22 20:55:53.629  8758  8758 V GraphicsEnvironment: ANGLE GameManagerService for com.facebook.system: false
02-22 20:55:53.629  8758  8758 V GraphicsEnvironment: com.facebook.system is not listed in per-application setting
02-22 20:55:53.630  8758  8758 V GraphicsEnvironment: Neither updatable production driver nor prerelease driver is supported.
02-22 20:55:53.687  8669  8752 E ActivityThread: Failed to find provider info for com.facebook.appmanager.nekodirect
02-22 20:55:53.725  8669  8734 D CompatibilityChangeReporter: Compat change id reported: 147600208; UID 10116; state: ENABLED
02-22 20:55:53.740  8586  8711 W DGW     : W[onSuccessfulResponse:870] StreamGroupTransport[notifgateway] on successful response. DGW is now connected.
02-22 20:55:53.929  5399  5399 D BoundBrokerSvc: onUnbind: Intent { act=com.google.android.gms.audit.service.START pkg=com.google.android.gms }
02-22 20:55:54.676 16559 16559 I Finsky  : [2] SCH: job service start with id 9419.
02-22 20:55:54.694 16559  7769 I Finsky  : [81902] SCH: Satisfied jobs for 9419 are: 12-1
02-22 20:55:54.695 16559  8888 I Finsky  : [81907] SCH: Job 12-1 starting
02-22 20:55:54.696 16559 16559 I Finsky  : [2] WM::SCH: Logging work start for 12-1
02-22 20:55:54.699 16559 16559 I Finsky  : [2] [ContentSync] job started
02-22 20:55:54.725  9388  7384 I NetworkScheduler.Stats: (REDACTED) Task %s/%s started execution. cause:%s exec_start_elapsed_seconds: %s
02-22 20:55:54.754  9388  7902 I NetworkScheduler.Stats: (REDACTED) Task %s/%s started execution. cause:%s exec_start_elapsed_seconds: %s
02-22 20:55:54.769  5399 21771 I PlayGamesServices[GamesSyncAdapter]: Starting sync for 61925fe
02-22 20:55:54.775  5399  7921 I PlayGamesServices[GamesSyncAdapter]: Starting sync for 4fce4755
02-22 20:55:54.778  5399 21771 I PlayGamesServices[GamesSyncAdapter]: Sync duration for 61925fe: 6
02-22 20:55:54.781  5399  8892 I FSA2_GmsContactsSyncAdapter: @onPerformSync
02-22 20:55:54.782  5399  8892 W FSA2_ContactsSyncAdapter: @onPerformSync Sync started
02-22 20:55:54.793  5399  7921 I PlayGamesServices[GamesSyncAdapter]: Sync duration for 4fce4755: 15
02-22 20:55:54.810  5399  8892 W ChimeraUtils: Module com.google.android.gms.people missing resource null(0)
02-22 20:55:54.880  8893  8893 I crime.securesms: Using CollectorTypeCC GC.
02-22 20:55:54.903  8893  8893 D nativeloader: Load libframework-connectivity-tiramisu-jni.so using APEX ns com_android_tethering for caller /apex/com.android.tethering/javalib/framework-connectivity-t.jar: ok
02-22 20:55:54.910  5399 21771 W PlayGamesServices[DataBroker]: No player ID found when refreshing
02-22 20:55:54.911  5399 21771 W PlayGamesServices[DataBroker]: No player ID found when refreshing
02-22 20:55:54.913  5399 21771 W PlayGamesServices[DataBroker]: No player ID found when refreshing
02-22 20:55:54.923  5399 21771 W PlayGamesServices[DataBroker]: No player ID found when refreshing
02-22 20:55:54.923  6034  6034 I PkDeviceHelper: PkDeviceHelper.refreshDevices():87 refreshing devices
02-22 20:55:54.924  5399 21771 W PlayGamesServices[DataBroker]: No player ID found when refreshing
02-22 20:55:54.926  6034  6034 I PkDeviceHelper: PkDeviceHelper.refreshDevices():87 refreshing devices
02-22 20:55:54.934  6034  6034 I PkDeviceHelper: PkDeviceHelper.refreshDevices():87 refreshing devices
02-22 20:55:54.939  6034  6034 I PkDeviceHelper: PkDeviceHelper.refreshDevices():87 refreshing devices
02-22 20:55:54.945  6034  6034 I PkDeviceHelper: PkDeviceHelper.refreshDevices():87 refreshing devices
02-22 20:55:54.956  5399  7921 W PlayGamesServices[DataBroker]: No player ID found when refreshing
02-22 20:55:54.958  8893  8893 D CompatibilityChangeReporter: Compat change id reported: 171979766; UID 10246; state: ENABLED
02-22 20:55:54.959  8893  8893 D CompatibilityChangeReporter: Compat change id reported: 242716250; UID 10246; state: ENABLED
02-22 20:55:54.966 16422 16811 I ServiceLiveData: Detected PrintServices: [com.android.bips]
02-22 20:55:54.967 16422 16799 I ServiceLiveData: Not exempting com.google.android.as - not an active NotificationListenerService for u0
