02-22 20:56:21.320  8893  8927 W SystemContactsRepositor: Skipping phone entry with invalid number!
02-22 20:56:21.530  8893  8927 W SystemContactsRepositor: Skipping phone entry with invalid number!
02-22 20:56:21.685  8893  8903 I crime.securesms: Background young concurrent copying GC freed 12MB AllocSpace bytes, 0(0B) LOS objects, 38% free, 21MB/34MB, paused 280us,280us total 175.396ms
02-22 20:56:21.922  8893  8927 W SystemContactsRepositor: Skipping phone entry with invalid number!
02-22 20:56:21.943  8893  8927 W SystemContactsRepositor: Skipping phone entry with invalid number!
02-22 20:56:22.125  8893  8927 W SystemContactsRepositor: Skipping phone entry with invalid number!
02-22 20:56:22.479  8893  8927 W SystemContactsRepositor: Skipping phone entry with invalid number!
02-22 20:56:22.594  8893  8927 W SystemContactsRepositor: Skipping phone entry with invalid number!
02-22 20:56:22.682  8893  8927 W SystemContactsRepositor: Skipping phone entry with invalid number!
02-22 20:56:22.683  8893  8927 W SystemContactsRepositor: Skipping phone entry with invalid number!
02-22 20:56:22.683  8893  8927 W SystemContactsRepositor: Skipping phone entry with invalid number!
02-22 20:56:22.849  8893  8927 W SystemContactsRepositor: Skipping phone entry with invalid number!
02-22 20:56:22.885  8893  8903 I crime.securesms: Background concurrent copying GC freed 18MB AllocSpace bytes, 0(0B) LOS objects, 49% free, 16MB/33MB, paused 515us,204us total 341.050ms
02-22 20:56:22.897  8893  8927 W SystemContactsRepositor: Skipping phone entry with invalid number!
02-22 20:56:22.898  8893  8927 W SystemContactsRepositor: Skipping phone entry with invalid number!
02-22 20:56:22.944  8893  8927 W SystemContactsRepositor: Skipping phone entry with invalid number!
02-22 20:56:23.440  8893  8927 W SystemContactsRepositor: Skipping phone entry with invalid number!
02-22 20:56:23.531  8893  8927 W SystemContactsRepositor: Skipping phone entry with invalid number!
02-22 20:56:23.697  8893  8927 D RecipientTable: [rotateStorageId] updateCount: 0
02-22 20:56:23.698  8893  8927 D RecipientTable: [rotateStorageId] updateCount: 1
02-22 20:56:23.698  8893  8927 D RecipientTable: [rotateStorageId] updateCount: 1
02-22 20:56:23.699  8893  8927 D RecipientTable: [rotateStorageId] updateCount: 1
02-22 20:56:23.700  8893  8927 D RecipientTable: [rotateStorageId] updateCount: 1
02-22 20:56:23.701  8893  8927 D RecipientTable: [rotateStorageId] updateCount: 0
02-22 20:56:23.701  8893  8927 D RecipientTable: [rotateStorageId] updateCount: 1
02-22 20:56:23.702  8893  8927 D RecipientTable: [rotateStorageId] updateCount: 1
02-22 20:56:23.703  8893  8927 D RecipientTable: [rotateStorageId] updateCount: 1
02-22 20:56:23.704  8893  8927 D RecipientTable: [rotateStorageId] updateCount: 1
02-22 20:56:23.705  8893  8927 D RecipientTable: [rotateStorageId] updateCount: 1
02-22 20:56:23.706  8893  8927 D RecipientTable: [rotateStorageId] updateCount: 1
02-22 20:56:23.707  8893  8927 D RecipientTable: [rotateStorageId] updateCount: 1
02-22 20:56:23.707  8893  8927 D RecipientTable: [rotateStorageId] updateCount: 1
02-22 20:56:23.708  8893  8927 D RecipientTable: [rotateStorageId] updateCount: 1
02-22 20:56:23.709  8893  8927 D RecipientTable: [rotateStorageId] updateCount: 1
02-22 20:56:23.710  8893  8927 D RecipientTable: [rotateStorageId] updateCount: 1
02-22 20:56:23.767  8893  8927 I NotificationChannels: Updating contact channel name
02-22 20:56:23.772  8893  8927 I NotificationChannels: Updating contact channel name
02-22 20:56:23.778  8893  8927 I Job     : [JOB::2ea4b355-0cb9-4611-9345-e7c54ffd5dd4][StorageSyncJob] onSubmit() (Time Since Submission: 3 ms, Lifespan: 86400000 ms, Run Attempt: 1/3, Queue: StorageSyncingJobs)
02-22 20:56:23.779  8893  8927 D SyncSystemContactLinksJ: [contact-links] fetch-e164s: 4, delete-stragglers: 32, add-links: 864, sync-contact-info: 21238, total: 22138
02-22 20:56:23.781  8893  8927 I ChatFolderTable: 1 folders have storage ids.
02-22 20:56:23.782  8893  8927 I NotificationProfileTabl: 0 profiles have storage ids.
02-22 20:56:23.783  8893  8927 I JobRunner: [JOB::e054ffaa-e05b-4a0e-b5f1-3f9df5996639][SyncSystemContactLinksJob][JobRunner-Core-2] Job finished with result SUCCESS in 22153 ms. (Time Since Submission: 22157 ms, Lifespan: Immortal, Run Attempt: 1/1, Queue: SyncSystemContactLinksJob)
02-22 20:56:23.840  8893  8927 I StorageSyncJob: ID Difference :: remoteOnly: 15, localOnly: 15, hasTypeMismatches: false
02-22 20:56:23.841  8893  8927 I StorageSyncJob: We have something to write remotely.
02-22 20:56:23.842  8893  8927 I StorageSyncJob: WriteOperationResult :: ManifestVersion: 3463, Total Keys: 82, Inserts: 15, Deletes: 15
02-22 20:56:24.181  8893  8927 D LibSignalChatConnection: [libsignal-auth:68769897] [sendRequest] Success: 200
02-22 20:56:24.631  8893  8927 D StorageServiceSizeLoggi: [PUT /v1/storage] Request(size = ‪6 KB‬), Response(code = 200, size = ‪0 B‬)
02-22 20:56:24.631  8893  8927 I StorageSyncJob: Saved new manifest. Now at version: 3463.1
02-22 20:56:24.636  8893  8927 D StorageSyncJob: [StorageSync] remote-manifest: 2, local-data-transaction: 10730, remote-write: 792, known-unknowns: 3, total: 11528
02-22 20:56:24.639  8893  8927 I Job     : [JOB::6ac2986d-f0d3-4a45-9aac-eb86ff07dd77][MultiDeviceStorageSyncRequestJob] onSubmit() (Time Since Submission: 2 ms, Lifespan: Immortal, Run Attempt: 1/10, Queue: MultiDeviceStorageSyncRequestJob)
02-22 20:56:24.641  8893  8927 I JobRunner: [JOB::fa73d916-7e98-4e8a-ba14-ec46536fd01f][StorageSyncJob][JobRunner-Core-1] Job finished with result SUCCESS in 11534 ms. (Time Since Submission: 11540 ms, Lifespan: 86400000 ms, Run Attempt: 1/3, Queue: StorageSyncingJobs)
02-22 20:56:24.641  8893  8928 I SQLiteConnection: Database keying operation returned:0
02-22 20:56:24.644  8893  8927 I JobRunner: [JOB::6ac2986d-f0d3-4a45-9aac-eb86ff07dd77][MultiDeviceStorageSyncRequestJob][JobRunner-Core-2] Running job. (Time Since Submission: 5 ms, Lifespan: Immortal, Run Attempt: 1/10, Queue: MultiDeviceStorageSyncRequestJob)
02-22 20:56:24.650  8893  8927 I JobRunner: [JOB::2ea4b355-0cb9-4611-9345-e7c54ffd5dd4][StorageSyncJob][JobRunner-Core-1] Running job. (Time Since Submission: 873 ms, Lifespan: 86400000 ms, Run Attempt: 1/3, Queue: StorageSyncingJobs)
02-22 20:56:24.653  8893  8927 I StorageSyncJob: Local manifest is potentially valid. Using it in place of fetching the remote manifest.
02-22 20:56:24.655  8893  8928 I SQLiteConnection: Database keying operation returned:0
02-22 20:56:24.657  8893  8927 I StorageSyncJob: Our version: 3463.1, their version: 3463.1
02-22 20:56:24.658  8893  8927 I StorageSyncJob: We are up-to-date with the remote storage state.
02-22 20:56:24.683  8893  8927 I ChatFolderTable: 1 folders have storage ids.
02-22 20:56:24.684  8893  8927 I NotificationProfileTabl: 0 profiles have storage ids.
02-22 20:56:24.686  8893  8927 I StorageSyncJob: ID Difference :: remoteOnly: 0, localOnly: 0, hasTypeMismatches: false
02-22 20:56:24.686  8893  8927 I StorageSyncJob: No remote writes needed. Still at version: 3463.1
02-22 20:56:24.688  8893  8927 D StorageSyncJob: [StorageSync] remote-manifest: 2, local-data-transaction: 33, known-unknowns: 2, total: 37
02-22 20:56:24.690  8893  8927 I JobRunner: [JOB::2ea4b355-0cb9-4611-9345-e7c54ffd5dd4][StorageSyncJob][JobRunner-Core-1] Job finished with result SUCCESS in 41 ms. (Time Since Submission: 914 ms, Lifespan: 86400000 ms, Run Attempt: 1/3, Queue: StorageSyncingJobs)
02-22 20:56:25.010  8893  8927 D LibSignalChatConnection: [libsignal-auth:68769897] [sendRequest] Success: 200
02-22 20:56:25.021  8893  8927 I JobRunner: [JOB::6ac2986d-f0d3-4a45-9aac-eb86ff07dd77][MultiDeviceStorageSyncRequestJob][JobRunner-Core-2] Job finished with result SUCCESS in 378 ms. (Time Since Submission: 383 ms, Lifespan: Immortal, Run Attempt: 1/10, Queue: MultiDeviceStorageSyncRequestJob)
02-22 20:56:25.739 18007 18007 D DragManager: DecorView :android.webkit.WebView
02-22 20:56:25.740 18007 18007 D SystemUtils: [isSystemApp] begin com.example.instatracker
02-22 20:56:25.746 18007 18007 D ScreenUtils: hasVivoFreeformTasks:0
02-22 20:56:25.747 18007 18007 D ScreenUtils: isLittleVExist:0
02-22 20:56:25.781 18007 18007 D DragManager: DecorView :android.webkit.WebView
02-22 20:56:25.781 18007 18007 D SystemUtils: [isSystemApp] begin com.example.instatracker
02-22 20:56:25.782 18007 18007 D ScreenUtils: hasVivoFreeformTasks:0
02-22 20:56:25.782 18007 18007 D ScreenUtils: isLittleVExist:0
02-22 20:56:25.795 18007 18007 D DragManager: DecorView :android.webkit.WebView
02-22 20:56:25.795 18007 18007 D SystemUtils: [isSystemApp] begin com.example.instatracker
02-22 20:56:25.795 18007 18007 D ScreenUtils: hasVivoFreeformTasks:0
02-22 20:56:25.795 18007 18007 D ScreenUtils: isLittleVExist:0
02-22 20:56:25.812 18007 18007 D DragManager: DecorView :android.webkit.WebView
02-22 20:56:25.812 18007 18007 D SystemUtils: [isSystemApp] begin com.example.instatracker
02-22 20:56:25.812 18007 18007 D ScreenUtils: hasVivoFreeformTasks:0
02-22 20:56:25.812 18007 18007 D ScreenUtils: isLittleVExist:0
02-22 20:56:25.828 18007 18007 D DragManager: DecorView :android.webkit.WebView
02-22 20:56:25.828 18007 18007 D SystemUtils: [isSystemApp] begin com.example.instatracker
02-22 20:56:25.828 18007 18007 D ScreenUtils: hasVivoFreeformTasks:0
02-22 20:56:25.829 18007 18007 D ScreenUtils: isLittleVExist:0
02-22 20:56:25.840 18007 18007 D DragManager: DecorView :android.webkit.WebView
02-22 20:56:25.840 18007 18007 D SystemUtils: [isSystemApp] begin com.example.instatracker
02-22 20:56:25.840 18007 18007 D ScreenUtils: hasVivoFreeformTasks:0
02-22 20:56:25.840 18007 18007 D ScreenUtils: isLittleVExist:0
02-22 20:56:25.902  1443  3477 D BatteryStatsService: notePemString  noteWhich: 49,arg1: 1080, arg2: 2408, arg3: 3142, arg4: 643, name: com.android.systemui
02-22 20:56:25.904  1443  3477 D BatteryStatsService: notePemString  noteWhich: 49,arg1: 1080, arg2: 2408, arg3: 3142, arg4: 457, name: com.android.systemui
02-22 20:56:25.916  1443  1484 D BatteryStatsService: notePemString  noteWhich: 49,arg1: 1080, arg2: 2408, arg3: 3142, arg4: 643, name: com.android.systemui
02-22 20:56:25.917  1443  1484 D BatteryStatsService: notePemString  noteWhich: 49,arg1: 1080, arg2: 2408, arg3: 3142, arg4: 457, name: com.android.systemui
02-22 20:56:26.078  8893  8927 I LibSignalChatConnection: [libsignal-unauth:34253729] Disconnecting...
02-22 20:56:26.085  8893  8927 I libsignal: rust/net/infra/src/http_client.rs:278: [unauthenticated 0 V6] HTTP2 connection [V6] closed
02-22 20:56:26.088  8893  8927 V SignalWebSocketHealthMo: [null] onStateChange(DISCONNECTED)
02-22 20:56:26.092  8893  8927 I libsignal: rust/net/src/chat/ws.rs:747: [unauthenticated] chat handler task finishing after localdisconnect
02-22 20:56:26.094  8893  8927 I LibSignalChatConnection: [libsignal-unauth:34253729] disconnected
02-22 20:56:26.097  8893  8927 I LibSignalChatConnection: [libsignal-unauth:34253729] [cleanup]
02-22 20:56:26.158  1443  1484 D BatteryStatsService: notePemString  noteWhich: 49,arg1: 1080, arg2: 2408, arg3: 3142, arg4: 457, name: com.android.systemui
02-22 20:56:26.201  1443  1484 D BatteryStatsService: notePemString  noteWhich: 49,arg1: 1080, arg2: 2408, arg3: 3142, arg4: 457, name: com.android.systemui
02-22 20:56:26.988  8893  8927 V SignalWebSocket: [libsignal-auth:68769897] keepAliveTokens: [MessageRetrieval]
02-22 20:56:26.988  8893  8927 I LibSignalChatConnection: [libsignal-auth:68769897] Sending keep alive...
02-22 20:56:27.254  8893  8927 D LibSignalChatConnection: [libsignal-auth:68769897] [sendKeepAlive] Success
02-22 20:56:27.263  1443  1484 W BatteryStatsService: Unknown sensor handle 0 received in noteWakeupSensorEvent
02-22 20:56:28.384  1443  6326 D BatteryStatsService: notePemString  noteWhich: 49,arg1: -2, arg2: -1, arg3: 3142, arg4: 457, name: com.android.systemui
02-22 20:56:28.394  1443  2699 D BatteryStatsService: notePemString  noteWhich: 49,arg1: -2, arg2: -1, arg3: 3142, arg4: 643, name: com.android.systemui
02-22 20:56:28.394  1443  2699 D BatteryStatsService: notePemString  noteWhich: 49,arg1: -2, arg2: -1, arg3: 3142, arg4: 457, name: com.android.systemui
02-22 20:56:28.406  1443  4520 D BatteryStatsService: notePemString  noteWhich: 49,arg1: -2, arg2: -1, arg3: 3142, arg4: 643, name: com.android.systemui
02-22 20:56:28.408  1443  2699 D BatteryStatsService: notePemString  noteWhich: 49,arg1: -2, arg2: -1, arg3: 3142, arg4: 457, name: com.android.systemui
02-22 20:56:28.438 18007 18007 V ImeFocusController: onWindowFocus: DecorView@b045ff3[MainActivity] softInputMode=STATE_UNSPECIFIED|ADJUST_RESIZE
02-22 20:56:28.451  6034  6034 I GoogleInputMethodService: GoogleInputMethodService.onFinishInput():2113 
02-22 20:56:28.452  6034  6034 I Module  : DeviceLockedStatusModuleProvider$Module.updateDeviceLockedStatus():103 repeatCheckTimes = 0, locked = false
02-22 20:56:28.452  6034  6034 I GoogleInputMethodService: GoogleInputMethodService.onStartInput():1384 onStartInput(EditorInfo{EditorInfo{packageName=com.example.instatracker, inputType=0, inputTypeString=NULL, enableLearning=false, autoCorrection=false, autoComplete=false, imeOptions=0, privateImeOptions=null, actionName=UNSPECIFIED, actionLabel=null, initialSelStart=-1, initialSelEnd=-1, initialCapsMode=0, label=null, fieldId=0, fieldName=null, extras=null, hintText=null, hintLocales=[]}}, false)
02-22 20:56:28.453  6034  6034 I Module  : DeviceLockedStatusModuleProvider$Module.updateDeviceLockedStatus():103 repeatCheckTimes = 1, locked = false
02-22 20:56:34.813 11810 11929 I WM-WorkerWrapper: Worker result SUCCESS for Work [ id=90516213-8db1-428f-836a-3cd2c794d869, tags={ com.whatsapp.xmpp.messaging.XmppLifecycleWorker } ]
02-22 20:56:34.818 11810 11810 D WM-Processor: Fr5 90516213-8db1-428f-836a-3cd2c794d869 executed; reschedule = false
02-22 20:56:34.819 11810 11810 D WM-GreedyScheduler: Stopping tracking for WorkGenerationalId(workSpecId=90516213-8db1-428f-836a-3cd2c794d869, generation=0)
02-22 20:56:34.820 11810 11810 D WM-SystemJobService: 90516213-8db1-428f-836a-3cd2c794d869 executed on JobScheduler
02-22 20:56:34.824 11810 11929 D WM-GreedyScheduler: Cancelling work ID 90516213-8db1-428f-836a-3cd2c794d869
02-22 20:56:34.828 11810 11929 D WM-GreedyScheduler: Starting tracking for 70a37fdb-2c26-4321-a3d9-58bf356887de
02-22 20:56:37.299  1443  4540 W BatteryStatsService: Unknown sensor handle 0 received in noteWakeupSensorEvent
02-22 20:56:37.562 11810 11927 D WM-SystemJobScheduler: Scheduling work ID 56a0cea5-b59d-4667-827c-f01b763c67afJob ID 803204
02-22 20:56:37.575 11810 11810 D WM-SystemJobService: onStartJob for WorkGenerationalId(workSpecId=56a0cea5-b59d-4667-827c-f01b763c67af, generation=0)
02-22 20:56:37.578 11810 11927 D WM-GreedyScheduler: Starting tracking for 70a37fdb-2c26-4321-a3d9-58bf356887de,56a0cea5-b59d-4667-827c-f01b763c67af
02-22 20:56:37.583 11810 11927 D WM-Processor: Fr5: processing WorkGenerationalId(workSpecId=56a0cea5-b59d-4667-827c-f01b763c67af, generation=0)
02-22 20:56:37.594 11810 11810 D WM-WorkerWrapper: Starting work for com.whatsapp.xmpp.messaging.XmppLifecycleWorker
02-22 20:56:37.603 11810 11928 D WM-GreedyScheduler: Constraints met: Scheduling work ID WorkGenerationalId(workSpecId=56a0cea5-b59d-4667-827c-f01b763c67af, generation=0)
02-22 20:56:37.607 11810 11928 D WM-Processor: Work WorkGenerationalId(workSpecId=56a0cea5-b59d-4667-827c-f01b763c67af, generation=0) is already enqueued for processing
02-22 20:56:37.741 11810 11820 I com.whatsapp: Background young concurrent copying GC freed 17MB AllocSpace bytes, 5(228KB) LOS objects, 22% free, 59MB/76MB, paused 533us,161us total 103.065ms
02-22 20:56:39.696 10347 10347 W getenforce: type=1400 audit(0.0:2024939): avc:  denied  { read } for  name="enforce" dev="selinuxfs" ino=4 scontext=u:r:untrusted_app:s0:c103,c256,c512,c768 tcontext=u:object_r:selinuxfs:s0 tclass=file permissive=0 app=com.google.android.apps.nbu.paisa.user
02-22 20:56:40.352  5399  5399 D BoundBrokerSvc: onUnbind: Intent { act=com.google.android.gms.common.BIND_SHARED_PREFS pkg=com.google.android.gms }
02-22 20:56:43.907 18458 26586 I IPCThreadState: oneway function results for code 2 on binder at 0xb400007257a34930 will be dropped but finished with status UNKNOWN_TRANSACTION
02-22 20:56:47.179 10567 10567 I inkedin.android: Using CollectorTypeCC GC.
02-22 20:56:47.188 10567 10567 D nativeloader: Load libframework-connectivity-tiramisu-jni.so using APEX ns com_android_tethering for caller /apex/com.android.tethering/javalib/framework-connectivity-t.jar: ok
02-22 20:56:47.195  5399 10580 I FSA2_GmsContactsSyncAdapter: @onPerformSync
02-22 20:56:47.195  5399 10580 W FSA2_ContactsSyncAdapter: @onPerformSync Sync started
02-22 20:56:47.214  5399 10580 W ChimeraUtils: Module com.google.android.gms.people missing resource null(0)
02-22 20:56:47.236 10567 10567 D CompatibilityChangeReporter: Compat change id reported: 171979766; UID 10393; state: ENABLED
02-22 20:56:47.237 10567 10567 D CompatibilityChangeReporter: Compat change id reported: 242716250; UID 10393; state: ENABLED
02-22 20:56:47.269 10567 10567 D nativeloader: Configuring clns-4 for other apk /system/framework/org.apache.http.legacy.jar. target_sdk_version=35, uses_libraries=ALL, library_path=/data/app/~~xqbpBSiSYiNFskM0emD_Wg==/com.linkedin.android-Qi8yaM8v_gD8yJcfJYCa7A==/lib/arm64:/data/app/~~xqbpBSiSYiNFskM0emD_Wg==/com.linkedin.android-Qi8yaM8v_gD8yJcfJYCa7A==/base.apk!/lib/arm64-v8a:/data/app/~~xqbpBSiSYiNFskM0emD_Wg==/com.linkedin.android-Qi8yaM8v_gD8yJcfJYCa7A==/split_config.arm64_v8a.apk!/lib/arm64-v8a:/data/app/~~xqbpBSiSYiNFskM0emD_Wg==/com.linkedin.android-Qi8yaM8v_gD8yJcfJYCa7A==/split_config.en.apk!/lib/arm64-v8a:/data/app/~~xqbpBSiSYiNFskM0emD_Wg==/com.linkedin.android-Qi8yaM8v_gD8yJcfJYCa7A==/split_config.xxhdpi.apk!/lib/arm64-v8a, permitted_path=/data:/mnt/expand:/data/user/0/com.linkedin.android
02-22 20:56:47.269 10567 10567 D nativeloader: Extending system_exposed_libraries: libbinauralrenderer_wrapper.qti.so:libhoaeffects.qti.so:libQOC.qti.so:libupdateprof.qti.so:libthermalclient.qti.so:libQOC.qti.so:libdiag_system.qti.so:libqape.qti.so:libqesdk_ndk_platform.qti.so:liblistenjni.qti.so
02-22 20:56:47.285  5399 10580 I People_AppSearchUtilities: Using PlatformStorage API
02-22 20:56:47.290  5399 10580 I CpgSchemaBuilder: Creating session
02-22 20:56:47.299  5399 10580 I CpgSchemaBuilder: CPG schemas visible to supported apps, build skipped.
02-22 20:56:47.320  5399 10580 I FSA2_FirstFullSyncsDetector: First full syncs finished before.
02-22 20:56:47.322  5399 10580 W ChimeraUtils: Module com.google.android.gms.people missing resource null(0)
02-22 20:56:47.365  5399 10580 I FSA2_SyncState: @readSyncState: # epia@a87605c2
02-22 20:56:47.379  5399 10580 I FSA2_SyncState: @readSyncState: # epia@a87605c2
02-22 20:56:47.463  5399 10580 I FSA2_RawContactSyncer: Before sync, callingCardsWithOnlyMetadataCount: 0, callingCardsWithOnlyPhotoCount: 0, callingCardsWithBothMetadataAndPhotoCount: 0
02-22 20:56:47.475  5399 10580 I FSA2_SyncState: @readSyncState: # epia@a87605c2
02-22 20:56:47.517 16417 18808 E msys    : E[N mns]_CacheRefreshTimerCallback(454)=>Start active cache refresh DNS resolution
02-22 20:56:47.518 16417 18808 E msys    : E[N mns]_CacheRefreshTimerCallback(454)=>Start active cache refresh DNS resolution
02-22 20:56:47.518 16417 18808 E msys    : E[N mns]_CacheRefreshTimerCallback(454)=>Start active cache refresh DNS resolution
02-22 20:56:47.519 16417 18808 E msys    : E[N mns]_CacheRefreshTimerCallback(454)=>Start active cache refresh DNS resolution
02-22 20:56:47.521 16417 18808 E msys    : E[N mns]_CacheRefreshTimerCallback(454)=>Start active cache refresh DNS resolution
02-22 20:56:47.521 16417 18808 E msys    : E[N mns]_CacheRefreshTimerCallback(454)=>Start active cache refresh DNS resolution
02-22 20:56:47.589 10567 10567 W inkedin.android: Failed to find entry 'classes.dex': Entry not found
02-22 20:56:47.591  5399 10580 I FSA2_SyncState: @readSyncState: # epia@a87605c2
02-22 20:56:47.591 10567 10567 W inkedin.android: Failed to find entry 'classes.dex': Entry not found
02-22 20:56:47.599 10567 10567 W inkedin.android: Failed to find entry 'classes.dex': Entry not found
02-22 20:56:47.602 16417 18808 E msys    : E[N mns]_OnSystemDNSSuccessCallback(340)=>Cache refresh succeeded with system DNS resolver. IP count: 2
02-22 20:56:47.602 16417 18808 E msys    : E[N mns]_OnSystemDNSSuccessCallback(340)=>Cache refresh succeeded with system DNS resolver. IP count: 2
02-22 20:56:47.603 16417 18808 E msys    : E[N mns]_OnSystemDNSSuccessCallback(340)=>Cache refresh succeeded with system DNS resolver. IP count: 2
02-22 20:56:47.603 16417 18808 E msys    : E[N mns]_OnSystemDNSSuccessCallback(340)=>Cache refresh succeeded with system DNS resolver. IP count: 2
02-22 20:56:47.604 10567 10567 D nativeloader: Configuring clns-5 for other apk /data/app/~~xqbpBSiSYiNFskM0emD_Wg==/com.linkedin.android-Qi8yaM8v_gD8yJcfJYCa7A==/base.apk:/data/app/~~xqbpBSiSYiNFskM0emD_Wg==/com.linkedin.android-Qi8yaM8v_gD8yJcfJYCa7A==/split_config.arm64_v8a.apk:/data/app/~~xqbpBSiSYiNFskM0emD_Wg==/com.linkedin.android-Qi8yaM8v_gD8yJcfJYCa7A==/split_config.en.apk:/data/app/~~xqbpBSiSYiNFskM0emD_Wg==/com.linkedin.android-Qi8yaM8v_gD8yJcfJYCa7A==/split_config.xxhdpi.apk. target_sdk_version=35, uses_libraries=, library_path=/data/app/~~xqbpBSiSYiNFskM0emD_Wg==/com.linkedin.android-Qi8yaM8v_gD8yJcfJYCa7A==/lib/arm64:/data/app/~~xqbpBSiSYiNFskM0emD_Wg==/com.linkedin.android-Qi8yaM8v_gD8yJcfJYCa7A==/base.apk!/lib/arm64-v8a:/data/app/~~xqbpBSiSYiNFskM0emD_Wg==/com.linkedin.android-Qi8yaM8v_gD8yJcfJYCa7A==/split_config.arm64_v8a.apk!/lib/arm64-v8a:/data/app/~~xqbpBSiSYiNFskM0emD_Wg==/com.linkedin.android-Qi8yaM8v_gD8yJcfJYCa7A==/split_config.en.apk!/lib/arm64-v8a:/data/app/~~xqbpBSiSYiNFskM0emD_Wg==/com.linkedin.android-Qi8yaM8v_gD8yJcfJYCa7A=
02-22 20:56:47.641  5399 10580 I FSA2_RawContactSyncer: Found 0 contacts with unsynced calling cards
02-22 20:56:47.644 10567 10567 D nativeloader: Load libframework-connectivity-jni.so using APEX ns com_android_tethering for caller /apex/com.android.tethering/javalib/framework-connectivity.jar: ok
02-22 20:56:47.658  5399 10580 I FSA2_SyncState: @readSyncState: # epia@a87605c2
02-22 20:56:47.664 10567 10567 V GraphicsEnvironment: Currently set values for:
02-22 20:56:47.664 10567 10567 V GraphicsEnvironment:   angle_gl_driver_selection_pkgs=[]
02-22 20:56:47.665 10567 10567 V GraphicsEnvironment:   angle_gl_driver_selection_values=[]
02-22 20:56:47.666 10567 10567 V GraphicsEnvironment: ANGLE GameManagerService for com.linkedin.android: false
02-22 20:56:47.666 10567 10567 V GraphicsEnvironment: com.linkedin.android is not listed in per-application setting
02-22 20:56:47.666 10567 10567 V GraphicsEnvironment: Neither updatable production driver nor prerelease driver is supported.
02-22 20:56:47.668 16417 18808 E msys    : E[N mns]_OnSystemDNSSuccessCallback(340)=>Cache refresh succeeded with system DNS resolver. IP count: 2
02-22 20:56:47.669 16417 18808 E msys    : E[N mns]_OnSystemDNSSuccessCallback(340)=>Cache refresh succeeded with system DNS resolver. IP count: 2
02-22 20:56:47.715 10567 10567 I EKGCrashLoopDetector: [main] Last crash time: 0
02-22 20:56:47.716 10567 10567 D EKGCrashLoopDetector: [main] Didn't crash at startup last launch
02-22 20:56:47.725 10567 10612 D ExceptionHandler: [EKG-BackgroundExecutor] Uploading pending java crashes
02-22 20:56:47.726 10567 10612 D ExceptionHandler: [EKG-BackgroundExecutor] Number of crash files to process: 0
02-22 20:56:47.726 10567 10567 D nativeloader: Load /data/app/~~xqbpBSiSYiNFskM0emD_Wg==/com.linkedin.android-Qi8yaM8v_gD8yJcfJYCa7A==/lib/arm64/libanrDetector.so using class loader ns clns-5 (caller=/data/app/~~xqbpBSiSYiNFskM0emD_Wg==/com.linkedin.android-Qi8yaM8v_gD8yJcfJYCa7A==/base.apk!classes5.dex): ok
02-22 20:56:47.737 10567 10567 D nativeloader: Load /data/app/~~xqbpBSiSYiNFskM0emD_Wg==/com.linkedin.android-Qi8yaM8v_gD8yJcfJYCa7A==/lib/arm64/libndkCrashReporter.so using class loader ns clns-5 (caller=/data/app/~~xqbpBSiSYiNFskM0emD_Wg==/com.linkedin.android-Qi8yaM8v_gD8yJcfJYCa7A==/base.apk!classes5.dex): ok
02-22 20:56:47.739 10567 10567 D EKGNDKCrashReporter: [main] miniDumpFilePath: /data/user/0/com.linkedin.android/files/ekg_ndk_crashes_v1/2.248.64/02d702db-ba12-4c3e-bddc21b8-00f92e9d.dmp
02-22 20:56:47.740 10567 10567 D EKGNDKCrashReporter: [main] metadataFilePath: /data/user/0/com.linkedin.android/files/ekg_ndk_crashes_v1/2.248.64/02d702db-ba12-4c3e-bddc21b8-00f92e9d.metadata
02-22 20:56:47.740 10567 10567 D CrashReporter: [main] logBreadcrumb: app_launch
02-22 20:56:47.740 10567 10612 D ExceptionHandler: [EKG-BackgroundExecutor] Uploading native crashes
02-22 20:56:47.741 10567 10612 D ExceptionHandler: [EKG-BackgroundExecutor] Number of crash files to process: 0
02-22 20:56:47.743 10567 10567 I FlagshipApplication: [main] Granular phase APP_ATTACH with pillar PAI completed.
02-22 20:56:47.744 10567 10567 I FlagshipApplication: [main] Granular phase APP_ATTACH completed. Interval(startNanos=1771774007677000000ns, durationNanos=66000000ns)
02-22 20:56:47.763 10567 10567 D CompatibilityChangeReporter: Compat change id reported: 183155436; UID 10393; state: ENABLED
02-22 20:56:47.763 10567 10567 I FirebaseApp: Device unlocked: initializing all Firebase APIs for app [DEFAULT]
02-22 20:56:47.772 10567 10567 I FirebaseInitProvider: FirebaseApp initialization successful
02-22 20:56:47.786  5399 10580 I FSA2_CallingCardOp: No calling card photos to sync up.
02-22 20:56:47.790  5399 10580 I FSA2_PhotoSyncer: After CC photo sync up, callingCardsWithOnlyMetadataCount: 0, callingCardsWithOnlyPhotoCount: 0, callingCardsWithBothMetadataAndPhotoCount: 0
02-22 20:56:47.792 10567 10567 E FlagshipApplication: [main] FlagshipApplication#onCreate() called for process id 10567
02-22 20:56:47.815 10567 10567 I FlagshipApplication: [main] Granular phase APP_DEPENDENCY_INJECTION completed. Interval(startNanos=1771774007804000000ns, durationNanos=11000000ns)
02-22 20:56:47.834  5399 10580 I FSA2_RawContactSyncer: contact count. before sweep: -1, before sync: 7, after sync down: -1, after sync up: 7
02-22 20:56:47.835  5399 10580 W FSA2_ContactsSyncAdapter: @onPerformSync Sync finished successfully
02-22 20:56:47.846  5399 10580 W ChimeraUtils: Module com.google.android.gms.people missing resource null(0)
02-22 20:56:47.849  5399 10580 W ChimeraUtils: Module com.google.android.gms.people missing resource null(0)
02-22 20:56:47.868 10567 10567 D WM-PackageManagerHelper: Skipping component enablement for androidx.work.impl.background.systemjob.SystemJobService
02-22 20:56:47.868 10567 10567 D WM-Schedulers: Created SystemJobScheduler and enabled SystemJobService
02-22 20:56:47.869 10567 10567 I TrackingModule$Fakeable: [main] Custom granular phase provideMetricsSensor completed. Interval(startNanos=1771774007858000000ns, durationNanos=11000000ns)
02-22 20:56:47.892 10567 10567 I TrackingModule$Fakeable: [main] Custom granular phase provideTracker completed. Interval(startNanos=1771774007870000000ns, durationNanos=22000000ns)
02-22 20:56:47.901 10567 10627 D CompatibilityChangeReporter: Compat change id reported: 160794467; UID 10393; state: ENABLED
02-22 20:56:47.918 10567 10611 D nativeloader: Load /data/app/~~xqbpBSiSYiNFskM0emD_Wg==/com.linkedin.android-Qi8yaM8v_gD8yJcfJYCa7A==/lib/arm64/libLMDBAndroid.so using class loader ns clns-5 (caller=/data/app/~~xqbpBSiSYiNFskM0emD_Wg==/com.linkedin.android-Qi8yaM8v_gD8yJcfJYCa7A==/base.apk!classes4.dex): ok
02-22 20:56:47.922 10567 10636 I cr_CronetLibraryLoader: HTTP flags log line: Using live production flag values from Google
02-22 20:56:47.963 10567 10625 D nativeloader: Load /data/app/~~xqbpBSiSYiNFskM0emD_Wg==/com.linkedin.android-Qi8yaM8v_gD8yJcfJYCa7A==/lib/arm64/libcronet.127.0.6533.65.so using class loader ns clns-5 (caller=/data/app/~~xqbpBSiSYiNFskM0emD_Wg==/com.linkedin.android-Qi8yaM8v_gD8yJcfJYCa7A==/base.apk!classes6.dex): ok
02-22 20:56:47.974 10567 10567 I LixModule$Fakeable: [main] Custom granular phase authenticatedLixManager_registerWithLixManager completed. Interval(startNanos=1771774007901000000ns, durationNanos=73000000ns)
02-22 20:56:47.979 10567 10625 I cr_CronetLibraryLoader: Cronet version: 127.0.6533.65, arch: aarch64
02-22 20:56:48.032 10567 10567 I AuthModule$Fakeable: [main] Custom granular phase auth completed. Interval(startNanos=1771774007975000000ns, durationNanos=57000000ns)
02-22 20:56:48.056 10567 10567 W DaggerInfraApplicationD: [main] Cannot set the application tracking stack multiple times. Skipping assignment.
02-22 20:56:48.057 10567 10567 D GlobalSequence: [main] Global Sequence already initialized. Ignoring
02-22 20:56:48.071 10567 10567 D LixManagerImpl: [main] Triggering sync for lix lixType 0
02-22 20:56:48.071 10567 10567 D LixNetworkManager: [main] Batch Fetch Lix url:/lix/lixFrontendTreatmentsV2?action=batchGet
02-22 20:56:48.091 10567 10663 D CompatibilityChangeReporter: Compat change id reported: 247079863; UID 10393; state: ENABLED
02-22 20:56:48.092 10567 10567 I LixModule$Fakeable: [main] Custom granular phase guestLixManager_registerWithLixManager completed. Interval(startNanos=1771774008080000000ns, durationNanos=12000000ns)
02-22 20:56:48.108 10567 10668 W ThreadPoolExecutor: [ConnectionMonitor-1] ConnectionStateChangedListener added to ConnectionMonitor, but ConnectionMonitor has not been started.
02-22 20:56:48.113 10567 10567 D AppLaunchRateLimiter: [main] shouldLimitAppLaunchNetworkCalls: S600
02-22 20:56:48.114 10567 10567 D InfraAppLaunchOnAppProc: [main] onAppProcessStarted(): shouldLimitNetworkCalls=false
02-22 20:56:48.117 10567 10658 I LMDBLRUCache: Entry init duration: 62ms
02-22 20:56:48.221 10567 10567 D EventBus: No subscribers registered for event class com.google.mlkit.vision.text.zzd
02-22 20:56:48.221 10567 10567 D EventBus: No subscribers registered for event class androidx.camera.video.Recorder$6
02-22 20:56:48.226 10567 10567 D CompatibilityChangeReporter: Compat change id reported: 194532703; UID 10393; state: ENABLED
02-22 20:56:48.226 10567 10567 D CompatibilityChangeReporter: Compat change id reported: 253665015; UID 10393; state: ENABLED
02-22 20:56:48.230  9388  9388 D BoundBrokerSvc: onRebind: Intent { act=com.google.android.gms.libs.gmscorelogger.service.START dat=chimera-action:/... cmp=com.google.android.gms/.chimera.PersistentDirectBootAwareApiService }
02-22 20:56:48.309 10567 10679 D CompatibilityChangeReporter: Compat change id reported: 263076149; UID 10393; state: ENABLED
02-22 20:56:48.369 10567 10627 I WM-WorkerWrapper: Worker result FAILURE for Work [ id=d8a5464a-6096-4612-85fa-1676ba9e7b31, tags={ com.linkedin.lieventobservability.sync.TelemetryObserveWorker, telemetry_observe_periodic_sync } ]
02-22 20:56:48.693 10567 10627 I WM-WorkerWrapper: Worker result SUCCESS for Work [ id=ac41586a-0ff2-457a-a92e-32486f586b19, tags={ com.linkedin.android.segment.ChameleonPeriodicWork } ]
02-22 20:56:48.750 10567 10637 I WM-WorkerWrapper: Worker result SUCCESS for Work [ id=6d482180-ed54-449f-a179-375301542298, tags={ com.linkedin.android.litrackinglib.network.SendTrackingEventWorker, period_sync_work } ]
02-22 20:56:49.065 10567 10627 I WM-WorkerWrapper: Worker result SUCCESS for Work [ id=7114300b-1a82-4bba-9ce9-9803dc862777, tags={ com.linkedin.android.litrackinglib.network.SendTrackingEventWorker, send_one_batch_events_work } ]
02-22 20:56:49.436 10725 10725 W getenforce: type=1400 audit(0.0:2024969): avc:  denied  { read } for  name="enforce" dev="selinuxfs" ino=4 scontext=u:r:untrusted_app:s0:c103,c256,c512,c768 tcontext=u:object_r:selinuxfs:s0 tclass=file permissive=0 app=in.amazon.mShop.android.shopping
02-22 20:56:53.155 10567 10677 D CompatibilityChangeReporter: Compat change id reported: 288912692; UID 10393; state: DISABLED
02-22 20:56:54.071 10567 10942 D ProfileInstaller: Skipping profile installation for com.linkedin.android
02-22 20:56:59.140 10966 10966 W getenforce: type=1400 audit(0.0:2024998): avc:  denied  { read } for  name="enforce" dev="selinuxfs" ino=4 scontext=u:r:untrusted_app:s0:c103,c256,c512,c768 tcontext=u:object_r:selinuxfs:s0 tclass=file permissive=0 app=com.google.android.apps.nbu.paisa.user
02-22 20:57:03.248  9388  9388 D BoundBrokerSvc: onUnbind: Intent { act=com.google.android.gms.libs.gmscorelogger.service.START dat=chimera-action:/... cmp=com.google.android.gms/.chimera.PersistentDirectBootAwareApiService }
02-22 20:57:07.907 11810 11928 I WM-WorkerWrapper: Worker result SUCCESS for Work [ id=56a0cea5-b59d-4667-827c-f01b763c67af, tags={ com.whatsapp.xmpp.messaging.XmppLifecycleWorker } ]
02-22 20:57:07.911 11810 11810 D WM-Processor: Fr5 56a0cea5-b59d-4667-827c-f01b763c67af executed; reschedule = false
02-22 20:57:07.911 11810 11810 D WM-GreedyScheduler: Stopping tracking for WorkGenerationalId(workSpecId=56a0cea5-b59d-4667-827c-f01b763c67af, generation=0)
02-22 20:57:07.912 11810 11810 D WM-SystemJobService: 56a0cea5-b59d-4667-827c-f01b763c67af executed on JobScheduler
02-22 20:57:07.926 11810 11928 D WM-GreedyScheduler: Cancelling work ID 56a0cea5-b59d-4667-827c-f01b763c67af
02-22 20:57:07.930 11810 11928 D WM-GreedyScheduler: Starting tracking for 70a37fdb-2c26-4321-a3d9-58bf356887de
02-22 20:57:08.900 11217 11217 W getenforce: type=1400 audit(0.0:2025027): avc:  denied  { read } for  name="enforce" dev="selinuxfs" ino=4 scontext=u:r:untrusted_app:s0:c103,c256,c512,c768 tcontext=u:object_r:selinuxfs:s0 tclass=file permissive=0 app=in.amazon.mShop.android.shopping
02-22 20:57:09.389  6034  6359 I PhenotypeProcessReaper: Memory state is: 200
02-22 20:57:11.346 11347 11347 W libc    : Access denied finding property "persist.adb.tls_server.enable"
02-22 20:57:17.454  1443  3852 W BatteryStatsService: Unknown sensor handle 0 received in noteWakeupSensorEvent
02-22 20:57:22.425  5399 30224 I gle.android.gms: Explicit concurrent copying GC freed 16MB AllocSpace bytes, 50(2472KB) LOS objects, 49% free, 20MB/40MB, paused 244us,129us total 333.862ms
02-22 20:57:22.438  5399  5412 W gle.android.gms: ApkAssets: Deleting an ApkAssets object '<empty> and /data/app/~~RbsTG8nlC0CyackUG_musQ==/com.example.instatracker-t545Z4iqsiEfE8KdNR4_XQ==/base.apk' with 1 weak references
02-22 20:57:22.439  5399  5412 W gle.android.gms: ApkAssets: Deleting an ApkAssets object '<empty> and /data/app/~~IkpgD1feDXjORx-BU0a1HA==/com.whatsapp-3mqh9ahD_YFaR2PiGRT2AA==/base.apk' with 1 weak references
02-22 20:57:22.440  5399  5412 W gle.android.gms: ApkAssets: Deleting an ApkAssets object '<empty> and /data/app/~~IkpgD1feDXjORx-BU0a1HA==/com.whatsapp-3mqh9ahD_YFaR2PiGRT2AA==/split_config.arm64_v8a.apk' with 1 weak references
02-22 20:57:22.440  5399  5412 W gle.android.gms: ApkAssets: Deleting an ApkAssets object '<empty> and /data/app/~~IkpgD1feDXjORx-BU0a1HA==/com.whatsapp-3mqh9ahD_YFaR2PiGRT2AA==/split_config.xxhdpi.apk' with 1 weak references
02-22 20:57:23.852  8800  8800 W chbox:googleapp: type=1400 audit(0.0:2025080): avc:  denied  { read } for  name="u:object_r:vendor_display_prop:s0" dev="tmpfs" ino=1608 scontext=u:r:priv_app:s0:c512,c768 tcontext=u:object_r:vendor_display_prop:s0 tclass=file permissive=0 app=com.google.android.googlequicksearchbox
02-22 20:57:23.858  8800  8800 W libc    : Access denied finding property "vendor.display.enable_optimal_refresh_rate"
02-22 20:57:23.864  8800 16581 E OpenGLRenderer: Unable to match the desired swap behavior.
02-22 20:57:23.925  8800  8800 I bqwu    : onStart
02-22 20:57:23.928  8800  8800 I bout    : (REDACTED) [%s] onStart()
02-22 20:57:23.929  8800  8800 I boxc    : Reloading theme data
02-22 20:57:23.953  8800  8800 I bqwu    : onResume
02-22 20:57:23.959  5399  5399 D BoundBrokerSvc: onBind: Intent { act=com.google.android.gms.inappreach.service.START dat=chimera-action:/... cmp=com.google.android.gms/.chimera.GmsApiService }
02-22 20:57:23.959  5399  5399 D BoundBrokerSvc: Loading bound service for intent: Intent { act=com.google.android.gms.inappreach.service.START dat=chimera-action:/... cmp=com.google.android.gms/.chimera.GmsApiService }
02-22 20:57:23.962 11709 11709 E Parcel  : Reading a NULL string not supported here.
02-22 20:57:23.980 11709 11709 W service : type=1400 audit(0.0:2025081): avc:  denied  { call } for  scontext=u:r:shell:s0 tcontext=u:r:hal_light_default:s0 tclass=binder permissive=0 app=in.amazon.mShop.android.shopping
02-22 20:57:23.980 11709 11709 W service : type=1400 audit(0.0:2025082): avc:  denied  { call } for  scontext=u:r:shell:s0 tcontext=u:r:hal_power_default:s0 tclass=binder permissive=0 app=in.amazon.mShop.android.shopping
02-22 20:57:23.984 11709 11709 W service : type=1400 audit(0.0:2025083): avc:  denied  { call } for  scontext=u:r:shell:s0 tcontext=u:r:hal_vibrator_default:s0 tclass=binder permissive=0 app=in.amazon.mShop.android.shopping
02-22 20:57:23.996 11709 11709 W service : type=1400 audit(0.0:2025084): avc:  denied  { call } for  scontext=u:r:shell:s0 tcontext=u:r:netd:s0 tclass=binder permissive=0 app=in.amazon.mShop.android.shopping
02-22 20:57:24.000 11709 11709 E Parcel  : Reading a NULL string not supported here.
02-22 20:57:24.015  5399 11716 I FSA2_GmsContactsSyncAdapter: @onPerformSync
02-22 20:57:24.016  5399 11716 W FSA2_ContactsSyncAdapter: @onPerformSync Sync started
02-22 20:57:24.018 11709 11709 E Parcel  : Reading a NULL string not supported here.
02-22 20:57:24.031 11709 11709 E Parcel  : Reading a NULL string not supported here.
02-22 20:57:24.042  5399 11716 W ChimeraUtils: Module com.google.android.gms.people missing resource null(0)
02-22 20:57:24.044 11709 11709 E Parcel  : Reading a NULL string not supported here.
02-22 20:57:24.051 11709 11709 E Parcel  : Reading a NULL string not supported here.
02-22 20:57:24.089 11709 11709 E Parcel  : Reading a NULL string not supported here.
02-22 20:57:24.098 11709 11709 E Parcel  : Reading a NULL string not supported here.
02-22 20:57:24.107 11709 11709 E Parcel  : Reading a NULL string not supported here.
02-22 20:57:24.115  6034  6034 I GoogleInputMethodService: GoogleInputMethodService.onFinishInput():2113 
02-22 20:57:24.116  6034  6034 I Module  : DeviceLockedStatusModuleProvider$Module.updateDeviceLockedStatus():103 repeatCheckTimes = 0, locked = false
02-22 20:57:24.118  6034  6034 I GoogleInputMethodService: GoogleInputMethodService.onStartInput():1384 onStartInput(EditorInfo{EditorInfo{packageName=com.android.launcher3, inputType=0, inputTypeString=NULL, enableLearning=false, autoCorrection=false, autoComplete=false, imeOptions=0, privateImeOptions=null, actionName=UNSPECIFIED, actionLabel=null, initialSelStart=-1, initialSelEnd=-1, initialCapsMode=0, label=null, fieldId=0, fieldName=null, extras=null, hintText=null, hintLocales=[]}}, false)
02-22 20:57:24.120  6034  6034 I Module  : DeviceLockedStatusModuleProvider$Module.updateDeviceLockedStatus():103 repeatCheckTimes = 1, locked = false
02-22 20:57:24.141 11709 11709 E Parcel  : Reading a NULL string not supported here.
02-22 20:57:24.143 11709 11709 E Parcel  : Reading a NULL string not supported here.
02-22 20:57:24.157 11709 11709 E Parcel  : Reading a NULL string not supported here.
02-22 20:57:24.159  5399 11716 I People_AppSearchUtilities: Using PlatformStorage API
02-22 20:57:24.162  5399 11716 I CpgSchemaBuilder: Creating session
02-22 20:57:24.172  5399 11716 I CpgSchemaBuilder: CPG schemas visible to supported apps, build skipped.
02-22 20:57:24.189 11709 11709 E Parcel  : Reading a NULL string not supported here.
02-22 20:57:24.201  5399 11716 I FSA2_FirstFullSyncsDetector: First full syncs finished before.
02-22 20:57:24.203  5399 11716 W ChimeraUtils: Module com.google.android.gms.people missing resource null(0)
02-22 20:57:24.245  5399 11716 I FSA2_SyncState: @readSyncState: # epia@67a742e3
02-22 20:57:24.248 11709 11709 E Parcel  : Reading a NULL string not supported here.
02-22 20:57:24.251 11709 11709 E Parcel  : Reading a NULL string not supported here.
02-22 20:57:24.262  5399 11716 I FSA2_SyncState: @readSyncState: # epia@67a742e3
02-22 20:57:24.290 11709 11709 E Parcel  : Reading a NULL string not supported here.
02-22 20:57:24.311 11709 11709 E Parcel  : Reading a NULL string not supported here.
02-22 20:57:24.329 11709 11709 E Parcel  : Reading a NULL string not supported here.
02-22 20:57:24.334 11709 11709 E Parcel  : Reading a NULL string not supported here.
02-22 20:57:24.334  5399 11716 I FSA2_RawContactSyncer: Before sync, callingCardsWithOnlyMetadataCount: 0, callingCardsWithOnlyPhotoCount: 0, callingCardsWithBothMetadataAndPhotoCount: 0
02-22 20:57:24.346  5399 11716 I FSA2_SyncState: @readSyncState: # epia@67a742e3
02-22 20:57:24.356 11709 11709 E Parcel  : Reading a NULL string not supported here.
02-22 20:57:24.369 11709 11709 E Parcel  : Reading a NULL string not supported here.
02-22 20:57:24.395 11709 11709 E Parcel  : Reading a NULL string not supported here.
02-22 20:57:24.411 11709 11709 E Parcel  : Reading a NULL string not supported here.
02-22 20:57:24.460  5399 11716 I FSA2_SyncState: @readSyncState: # epia@67a742e3
02-22 20:57:24.527  5399 11716 I FSA2_RawContactSyncer: Found 0 contacts with unsynced calling cards
02-22 20:57:24.543  5399 11716 I FSA2_SyncState: @readSyncState: # epia@67a742e3
02-22 20:57:24.577 17460 17460 I studio.deploy: Received request 'dump'
02-22 20:57:24.648  5399 11716 I FSA2_CallingCardOp: No calling card photos to sync up.
02-22 20:57:24.651  5399 11716 I FSA2_PhotoSyncer: After CC photo sync up, callingCardsWithOnlyMetadataCount: 0, callingCardsWithOnlyPhotoCount: 0, callingCardsWithBothMetadataAndPhotoCount: 0
02-22 20:57:24.686  5399 11716 I FSA2_RawContactSyncer: contact count. before sweep: -1, before sync: 11, after sync down: -1, after sync up: 11
02-22 20:57:24.686  5399 11716 W FSA2_ContactsSyncAdapter: @onPerformSync Sync finished successfully
02-22 20:57:24.704  5399 11716 W ChimeraUtils: Module com.google.android.gms.people missing resource null(0)
02-22 20:57:24.706  5399 11716 W ChimeraUtils: Module com.google.android.gms.people missing resource null(0)
02-22 20:57:24.920 17460 17460 I studio.deploy: Received request 'overlayinstall'
02-22 20:57:24.948 17460 17460 E studio.deploy: ERROR: MessagePipeWrapper: Cannot write (EOF)
02-22 20:57:24.948 17460 17460 E studio.deploy: ERROR: Unable to write magic number to pipe
02-22 20:57:24.967 17460 17460 E studio.deploy: ERROR: MessagePipeWrapper: Cannot read (EOF)
02-22 20:57:24.967 17460 17460 E studio.deploy: ERROR: MessagePipeWrapper: Unable to read magic number (received= '
02-22 20:57:24.967 17460 17460 E studio.deploy: ERROR: Protopipe: Unable to read() from pipe
02-22 20:57:25.000 11730 11730 W run-as  : type=1400 audit(0.0:2025092): avc:  granted  { execute } for  name="install_server-f943a550" dev="dm-50" ino=1739077 scontext=u:r:runas_app:s0:c66,c256,c512,c768 tcontext=u:object_r:app_data_file:s0:c66,c256,c512,c768 tclass=file app=com.example.instatracker
02-22 20:57:25.000 11730 11730 W install_server-: type=1400 audit(0.0:2025093): avc:  granted  { execute } for  path="/data/data/com.example.instatracker/code_cache/install_server-f943a550" dev="dm-50" ino=1739077 scontext=u:r:runas_app:s0:c66,c256,c512,c768 tcontext=u:object_r:app_data_file:s0:c66,c256,c512,c768 tclass=file app=com.example.instatracker
02-22 20:57:25.008 11730 11730 W install_server-: type=1400 audit(0.0:2025094): avc:  denied  { search } for  name="tests" dev="dm-50" ino=35588 scontext=u:r:runas_app:s0:c66,c256,c512,c768 tcontext=u:object_r:shell_test_data_file:s0 tclass=dir permissive=0 app=com.example.instatracker
02-22 20:57:25.008 11730 11730 W install_server-: type=1400 audit(0.0:2025095): avc:  denied  { search } for  name="tests" dev="dm-50" ino=35588 scontext=u:r:runas_app:s0:c66,c256,c512,c768 tcontext=u:object_r:shell_test_data_file:s0 tclass=dir permissive=0 app=com.example.instatracker
02-22 20:57:25.008 11730 11730 W install_server-: type=1400 audit(0.0:2025096): avc:  denied  { search } for  name="tests" dev="dm-50" ino=35588 scontext=u:r:runas_app:s0:c66,c256,c512,c768 tcontext=u:object_r:shell_test_data_file:s0 tclass=dir permissive=0 app=com.example.instatracker
02-22 20:57:25.055  9388  9388 D BoundBrokerSvc: onRebind: Intent { act=com.google.android.gms.libs.gmscorelogger.service.START dat=chimera-action:/... cmp=com.google.android.gms/.chimera.PersistentDirectBootAwareApiService }
02-22 20:57:25.072 11730 11730 E studio.deploy: ERROR: Could not remove dir '/data/data/com.example.instatracker/code_cache/.ll/': No such file or directory
02-22 20:57:25.302 11740 11740 E Parcel  : Reading a NULL string not supported here.
02-22 20:57:25.331 11740 11740 E Parcel  : Reading a NULL string not supported here.
02-22 20:57:25.335 11740 11740 E Parcel  : Reading a NULL string not supported here.
02-22 20:57:25.341 11740 11740 E Parcel  : Reading a NULL string not supported here.
02-22 20:57:25.344 11740 11740 E Parcel  : Reading a NULL string not supported here.
02-22 20:57:25.346 11740 11740 E Parcel  : Reading a NULL string not supported here.
02-22 20:57:25.354 11740 11740 E Parcel  : Reading a NULL string not supported here.
02-22 20:57:25.356 11740 11740 E Parcel  : Reading a NULL string not supported here.
02-22 20:57:25.357 11740 11740 E Parcel  : Reading a NULL string not supported here.
02-22 20:57:25.361 11740 11740 E Parcel  : Reading a NULL string not supported here.
02-22 20:57:25.362 11740 11740 E Parcel  : Reading a NULL string not supported here.
02-22 20:57:25.368 11740 11740 E Parcel  : Reading a NULL string not supported here.
02-22 20:57:25.375 11740 11740 E Parcel  : Reading a NULL string not supported here.
02-22 20:57:25.396 11740 11740 E Parcel  : Reading a NULL string not supported here.
02-22 20:57:25.398 11740 11740 E Parcel  : Reading a NULL string not supported here.
02-22 20:57:25.411 11740 11740 E Parcel  : Reading a NULL string not supported here.
02-22 20:57:25.422 11740 11740 E Parcel  : Reading a NULL string not supported here.
02-22 20:57:25.435 11740 11740 E Parcel  : Reading a NULL string not supported here.
02-22 20:57:25.438 11740 11740 E Parcel  : Reading a NULL string not supported here.
02-22 20:57:25.448 11740 11740 E Parcel  : Reading a NULL string not supported here.
02-22 20:57:25.456 11740 11740 E Parcel  : Reading a NULL string not supported here.
02-22 20:57:25.471 11740 11740 E Parcel  : Reading a NULL string not supported here.
02-22 20:57:25.476 11740 11740 E Parcel  : Reading a NULL string not supported here.
02-22 20:57:25.723 26265 26265 I le.instatracker: Late-enabling -Xcheck:jni
02-22 20:57:25.750  8800  8800 I bqwu    : onPause
02-22 20:57:25.793 26265 26265 I le.instatracker: Using CollectorTypeCC GC.
02-22 20:57:25.819 26265 26265 D nativeloader: Load libframework-connectivity-tiramisu-jni.so using APEX ns com_android_tethering for caller /apex/com.android.tethering/javalib/framework-connectivity-t.jar: ok
02-22 20:57:25.894 26265 26265 D nativeloader: Load /data/user/0/com.example.instatracker/code_cache/startup_agents/f943a550-agent.so using system ns (caller=<unknown>): ok
02-22 20:57:25.894 26265 26265 V studio.deploy: Startup agent attached to VM
02-22 20:57:25.895 26265 26265 V studio.deploy: No existing instrumentation found. Loading instrumentation from instruments-76719913.jar
02-22 20:57:25.905 26265 26265 W le.instatracker: hiddenapi: DexFile /data/data/com.example.instatracker/code_cache/.studio/instruments-76719913.jar is in boot class path but is not in a known location
02-22 20:57:25.910 26265 26265 V studio.deploy: ModifyParameterTransform failed: Landroid/app/ApplicationLoaders;
02-22 20:57:26.217 26265 26265 W le.instatracker: Redefining intrinsic method java.lang.Thread java.lang.Thread.currentThread(). This may cause the unexpected use of the original definition of java.lang.Thread java.lang.Thread.currentThread()in methods that have already been compiled.
02-22 20:57:26.217 26265 26265 W le.instatracker: Redefining intrinsic method boolean java.lang.Thread.interrupted(). This may cause the unexpected use of the original definition of boolean java.lang.Thread.interrupted()in methods that have already been compiled.
02-22 20:57:26.233 26265 26265 I studio.deploy: Registering DispatchJNI
02-22 20:57:26.234 26265 26265 I studio.deploy: Found com/android/tools/deploy/interpreter/JNI
02-22 20:57:26.237 26265 26265 D CompatibilityChangeReporter: Compat change id reported: 171979766; UID 10066; state: ENABLED
02-22 20:57:26.237 26265 26265 D CompatibilityChangeReporter: Compat change id reported: 242716250; UID 10066; state: ENABLED
02-22 20:57:26.396 26265 26265 D nativeloader: Configuring clns-4 for other apk /data/app/~~RbsTG8nlC0CyackUG_musQ==/com.example.instatracker-t545Z4iqsiEfE8KdNR4_XQ==/base.apk. target_sdk_version=34, uses_libraries=, library_path=/data/app/~~RbsTG8nlC0CyackUG_musQ==/com.example.instatracker-t545Z4iqsiEfE8KdNR4_XQ==/lib/arm64:/data/app/~~RbsTG8nlC0CyackUG_musQ==/com.example.instatracker-t545Z4iqsiEfE8KdNR4_XQ==/base.apk!/lib/arm64-v8a, permitted_path=/data:/mnt/expand:/data/user/0/com.example.instatracker
02-22 20:57:26.416 26265 26265 D nativeloader: Load libframework-connectivity-jni.so using APEX ns com_android_tethering for caller /apex/com.android.tethering/javalib/framework-connectivity.jar: ok
02-22 20:57:26.430 26265 26265 V GraphicsEnvironment: Currently set values for:
02-22 20:57:26.431 26265 26265 V GraphicsEnvironment:   angle_gl_driver_selection_pkgs=[]
02-22 20:57:26.431 26265 26265 V GraphicsEnvironment:   angle_gl_driver_selection_values=[]
02-22 20:57:26.431 26265 26265 V GraphicsEnvironment: ANGLE GameManagerService for com.example.instatracker: false
02-22 20:57:26.431 26265 26265 V GraphicsEnvironment: com.example.instatracker is not listed in per-application setting
